Component: ARM Compiler 5.06 update 7 (build 960) Tool: armlink [4d3601]

==============================================================================

Section Cross References

    main.o(i.MX_FREERTOS_Init) refers to tasks.o(i.xTaskCreate) for xTaskCreate
    main.o(i.MX_FREERTOS_Init) refers to tasks.o(i.vTaskStartScheduler) for vTaskStartScheduler
    main.o(i.MX_FREERTOS_Init) refers to main.o(.data) for Task01_Handler
    main.o(i.MX_FREERTOS_Init) refers to main.o(i.StartTask01) for StartTask01
    main.o(i.MX_FREERTOS_Init) refers to main.o(i.StartTask02) for StartTask02
    main.o(i.MX_FREERTOS_Init) refers to main.o(i.StartTask03) for StartTask03
    main.o(i.StartTask01) refers to net_dhcp.o(i.net_dhcp_while) for net_dhcp_while
    main.o(i.StartTask01) refers to net_tcp_client.o(i.net_tcp_client_connect) for net_tcp_client_connect
    main.o(i.StartTask01) refers to ch57xsock.o(i.CH57xNET_MainTask) for CH57xNET_MainTask
    main.o(i.StartTask01) refers to ch57xsock.o(i.CH57xNET_QueryGlobalInt) for CH57xNET_QueryGlobalInt
    main.o(i.StartTask01) refers to net_tcp_client.o(i.CH57xNET_HandleGlobalInt) for CH57xNET_HandleGlobalInt
    main.o(i.StartTask01) refers to tasks.o(i.vTaskDelay) for vTaskDelay
    main.o(i.StartTask01) refers to tcp_data.o(i.dhcp_callback) for dhcp_callback
    main.o(i.StartTask01) refers to net_tcp_client.o(.bss) for net_tcp_client
    main.o(i.StartTask02) refers to uart_data.o(i.uart_data) for uart_data
    main.o(i.StartTask02) refers to tasks.o(i.vTaskDelay) for vTaskDelay
    main.o(i.StartTask03) refers to led.o(i.KEY_Scan) for KEY_Scan
    main.o(i.StartTask03) refers to lora_link.o(i.Lora_Link_Net) for Lora_Link_Net
    main.o(i.StartTask03) refers to tasks.o(i.vTaskDelay) for vTaskDelay
    main.o(i.StartTask03) refers to lora_link.o(.data) for key_count
    main.o(i.main) refers to ch57x_pwr.o(i.PWR_UnitModCfg) for PWR_UnitModCfg
    main.o(i.main) refers to ch57x_sys.o(i.mDelaymS) for mDelaymS
    main.o(i.main) refers to ch57x_gpio.o(i.GPIOB_ModeCfg) for GPIOB_ModeCfg
    main.o(i.main) refers to led.o(i.key_init) for key_init
    main.o(i.main) refers to uart.o(i.uart_init) for uart_init
    main.o(i.main) refers to net_init.o(i.net_init) for net_init
    main.o(i.main) refers to time.o(i.time0_init) for time0_init
    main.o(i.main) refers to time.o(i.time1_init) for time1_init
    main.o(i.main) refers to time.o(i.time3_init) for time3_init
    main.o(i.main) refers to uart.o(i.LORA_Init) for LORA_Init
    main.o(i.main) refers to ch57x_clk.o(i.RTC_ClearITFlag) for RTC_ClearITFlag
    main.o(i.main) refers to net_tcp_client.o(i.DHCP_UDP_TCP_LINK_Init) for DHCP_UDP_TCP_LINK_Init
    main.o(i.main) refers to main.o(i.MX_FREERTOS_Init) for MX_FREERTOS_Init
    main.o(i.main) refers to printfa.o(i.__0printf) for __2printf
    uart.o(i.LORA_Init) refers to uart.o(i.uart_send_byte_it) for uart_send_byte_it
    uart.o(i.LORA_Init) refers to printfa.o(i.__0printf) for __2printf
    uart.o(i.LORA_Init) refers to ch57x_sys.o(i.mDelaymS) for mDelaymS
    uart.o(i.LORA_Init) refers to uart.o(.data) for LORA_INIT
    uart.o(i.LoRa_SendData) refers to memseta.o(.text) for __aeabi_memclr4
    uart.o(i.LoRa_SendData) refers to uart.o(i.uart_send_byte_it) for uart_send_byte_it
    uart.o(i.LoRa_SendData) refers to printfa.o(i.__0printf) for __2printf
    uart.o(i.LoRa_SendData) refers to uart.o(i.log_hex) for log_hex
    uart.o(i.UART0_IRQHandler) refers to looplist.o(i.PutData) for PutData
    uart.o(i.UART0_IRQHandler) refers to looplist.o(i.rbCanRead) for rbCanRead
    uart.o(i.UART0_IRQHandler) refers to looplist.o(i.rbRead) for rbRead
    uart.o(i.UART0_IRQHandler) refers to ch57x_uart0.o(i.UART0_INTCfg) for UART0_INTCfg
    uart.o(i.UART0_IRQHandler) refers to uart.o(.bss) for rb_t_usart0_read
    uart.o(i.UART0_IRQHandler) refers to uart.o(.data) for usart0_read_count
    uart.o(i.UART3_IRQHandler) refers to looplist.o(i.PutData) for PutData
    uart.o(i.UART3_IRQHandler) refers to looplist.o(i.rbCanRead) for rbCanRead
    uart.o(i.UART3_IRQHandler) refers to looplist.o(i.rbRead) for rbRead
    uart.o(i.UART3_IRQHandler) refers to ch57x_uart3.o(i.UART3_INTCfg) for UART3_INTCfg
    uart.o(i.UART3_IRQHandler) refers to uart.o(.bss) for rb_t_usart3_read
    uart.o(i.UART3_IRQHandler) refers to uart.o(.data) for usart3_read_count
    uart.o(i.log_hex) refers to printfa.o(i.__0printf) for __2printf
    uart.o(i.uart_init) refers to looplist.o(i.rbCreate) for rbCreate
    uart.o(i.uart_init) refers to ch57x_gpio.o(i.GPIOPinRemap) for GPIOPinRemap
    uart.o(i.uart_init) refers to ch57x_gpio.o(i.GPIOA_ModeCfg) for GPIOA_ModeCfg
    uart.o(i.uart_init) refers to ch57x_uart0.o(i.UART0_DefInit) for UART0_DefInit
    uart.o(i.uart_init) refers to ch57x_uart0.o(i.UART0_INTCfg) for UART0_INTCfg
    uart.o(i.uart_init) refers to uart.o(i.NVIC_EnableIRQ) for NVIC_EnableIRQ
    uart.o(i.uart_init) refers to ch57x_gpio.o(i.GPIOB_ModeCfg) for GPIOB_ModeCfg
[...]
    ip_addr_any                              0x00013b28   Data           4  ip_addr.o(.constdata)
    ip_addr_broadcast                        0x00013b2c   Data           4  ip_addr.o(.constdata)
    ethbroadcast                             0x00013b30   Data           6  etharp.o(.constdata)
    ethzero                                  0x00013b36   Data           6  etharp.o(.constdata)
    Region$$Table$$Base                      0x000142f8   Number         0  anon$$obj.o(Region$$Table)
    Region$$Table$$Limit                     0x00014318   Number         0  anon$$obj.o(Region$$Table)
    Task01_Handler                           0x20000000   Data           4  main.o(.data)
    Task02_Handler                           0x20000004   Data           4  main.o(.data)
    Task03_Handler                           0x20000008   Data           4  main.o(.data)
    rb_t_usart0_send_byte                    0x2000000c   Data           1  uart.o(.data)
    rb_t_usart3_send_byte                    0x2000000d   Data           1  uart.o(.data)
    usart0_read_count                        0x20000028   Data           4  uart.o(.data)
    usart0_read_count_copy                   0x2000002c   Data           4  uart.o(.data)
    usart0_idle_flag                         0x20000030   Data           1  uart.o(.data)
    usart3_read_count                        0x20000034   Data           4  uart.o(.data)
    usart3_read_count_copy                   0x20000038   Data           4  uart.o(.data)
    usart3_idle_flag                         0x2000003c   Data           1  uart.o(.data)
    timer1_value                             0x2000003d   Data           1  time.o(.data)
    timer3_value                             0x2000003e   Data           1  time.o(.data)
    timer1_time                              0x2000003f   Data           1  time.o(.data)
    MACnet_set1                              0x20000042   Data           6  time.o(.data)
    DayOfMon                                 0x20000048   Data          12  timswitch.o(.data)
    timeZone                                 0x20000054   Data           4  timswitch.o(.data)
    main_len                                 0x20000078   Data           4  uart_data.o(.data)
    MACnet                                   0x2000007c   Data           6  uart_data.o(.data)
    Node_counter                             0x20000084   Data           4  uart_data.o(.data)
    MACnet_set                               0x20000088   Data           6  tcp_data_handle.o(.data)
    Msgld                                    0x2000008e   Data           2  tcp_data_handle.o(.data)
    Record_import_flag                       0x20000090   Data           1  lora_link.o(.data)
    Record_delete_flag                       0x20000091   Data           1  lora_link.o(.data)
    Handle_import_delete_flag                0x20000092   Data           1  lora_link.o(.data)
    Handle_import_flag                       0x20000093   Data           1  lora_link.o(.data)
    Handle_delete_flag                       0x20000094   Data           1  lora_link.o(.data)
    key_count                                0x20000095   Data           1  lora_link.o(.data)
    Bind_Node_Mac                            0x20000096   Data           2  lora_link.o(.data)
    Bind_Node_Number                         0x20000098   Data           2  lora_link.o(.data)
    MemNum                                   0x2000009a   Data          16  net_init.o(.data)
    MemSize                                  0x200000aa   Data          16  net_init.o(.data)
    MACAddr                                  0x200000ba   Data           6  net_init.o(.data)
    IPAddr                                   0x200000c0   Data           4  net_init.o(.data)
    GWIPAddr                                 0x200000c4   Data           4  net_init.o(.data)
    IPMask                                   0x200000c8   Data           4  net_init.o(.data)
    CH57xNET_LEDCONN                         0x200000cc   Data           2  net_init.o(.data)
    CH57xNET_LEDDATA                         0x200000ce   Data           2  net_init.o(.data)
    net_dhcp_gw                              0x200000d0   Data           4  net_dhcp.o(.data)
    net_dhcp_mask                            0x200000d4   Data           4  net_dhcp.o(.data)
    net_dhcp_ip                              0x200000d8   Data           4  net_dhcp.o(.data)
    main_len1                                0x200000dc   Data           4  net_dhcp.o(.data)
    net_dhcp_callback                        0x200000e0   Data           4  net_dhcp.o(.data)
    net_dhcp_phy_state                       0x200000e4   Data           1  net_dhcp.o(.data)
    port_from_udp                            0x200000e8   Data           2  udp_net.o(.data)
    SocketId                                 0x200000ea   Data           1  udp_net.o(.data)
    DESIP                                    0x200000eb   Data           4  udp_net.o(.data)
    UDP_Received_Flag                        0x200000ef   Data           1  udp_net.o(.data)
    ip_addr_from_udp                         0x200000f0   Data           4  udp_net.o(.data)
    broadcast_ip                             0x200000f4   Data           4  udp_net.o(.data)
    broadcast_port                           0x200000f8   Data           2  udp_net.o(.data)
    broadcast_payload                        0x200000fa   Data          18  udp_net.o(.data)
    broadcast_len                            0x2000010c   Data           4  udp_net.o(.data)
    pxCurrentTCB                             0x20000110   Data           4  tasks.o(.data)
    nor_flash0                               0x20000170   Data          56  fal_flash_sfud_port.o(.data)
    sfud_norflash0                           0x200001a8   Data          80  fal_flash_sfud_port.o(.data)
    DHCPFlag                                 0x2000020c   Data           1  ch57xnet_dhcp.o(.data)
    PHYFLAG                                  0x20000214   Data           1  ch57xsock.o(.data)
    physflag                                 0x20000215   Data           1  ch57xsock.o(.data)
    RxQueueEntries                           0x20000216   Data           1  ch57xsock.o(.data)
    TxQueueEntries                           0x20000217   Data           1  ch57xsock.o(.data)
    PingEnable                               0x20000218   Data           1  ch57xsock.o(.data)
    SocketNum                                0x20000219   Data           1  ch57xsock.o(.data)
    phytime                                  0x2000021a   Data           2  ch57xsock.o(.data)
    CH57xNETConfig                           0x2000021c   Data           4  ch57xsock.o(.data)
    tcppackt                                 0x20000220   Data           4  ch57xsock.o(.data)
    SuccessPackets                           0x20000224   Data           4  eth.o(.data)
    netif_list                               0x2000023c   Data           4  netif.o(.data)
    netif_default                            0x20000240   Data           4  netif.o(.data)
    tcp_ticks                                0x2000024c   Data           4  tcp.o(.data)
    tcp_bound_pcbs                           0x20000250   Data           4  tcp.o(.data)
    tcp_listen_pcbs                          0x20000254   Data           4  tcp.o(.data)
    tcp_active_pcbs                          0x20000258   Data           4  tcp.o(.data)
    tcp_tw_pcbs                              0x2000025c   Data           4  tcp.o(.data)
    tcp_tmp_pcb                              0x20000260   Data           4  tcp.o(.data)
    tcp_state_str                            0x20000264   Data          44  tcp.o(.data)
    udp_pcbs                                 0x20000290   Data           4  udp.o(.data)
    DataLED                                  0x2000029d   Data           1  ethernetif.o(.data)
    LocalTime                                0x200002a0   Data           4  ethernetif.o(.data)
    TCPTimer                                 0x200002a4   Data           4  ethernetif.o(.data)
    ARPTimer                                 0x200002a8   Data           4  ethernetif.o(.data)
    DHCPfineTimer                            0x200002ac   Data           4  ethernetif.o(.data)
    DHCPcoarseTimer                          0x200002b0   Data           4  ethernetif.o(.data)
    DHCPTestTimer                            0x200002b4   Data           4  ethernetif.o(.data)
    DNSTimer                                 0x200002b8   Data           4  ethernetif.o(.data)
    CH57xMACAddr                             0x200002bc   Data           4  ethernetif.o(.data)
    CH57xIPAddr                              0x200002c0   Data           4  ethernetif.o(.data)
    CH57xGWIPAddr                            0x200002c4   Data           4  ethernetif.o(.data)
    CH57xIPMask                              0x200002c8   Data           4  ethernetif.o(.data)
    TX_BUF_ADDR                              0x200002cc   Data           4  ethernetif.o(.data)
    TX_DESC_ADDR                             0x200002d0   Data           4  ethernetif.o(.data)
    RX_BUF_ADDR                              0x200002d4   Data           4  ethernetif.o(.data)
    RX_DESC_ADDR                             0x200002d8   Data           4  ethernetif.o(.data)
    memp_sizes                               0x200002f0   Data           4  memp.o(.data)
    memp_num                                 0x200002f4   Data           4  memp.o(.data)
    tcp_input_pcb                            0x20000314   Data           4  tcp_in.o(.data)
    current_netif                            0x2000031c   Data           4  ip.o(.data)
    current_header                           0x20000320   Data           4  ip.o(.data)
    __stdout                                 0x20000324   Data           4  stdout.o(.data)
    rb_t_usart0_read                         0x20000328   Data          16  uart.o(.bss)
    rb_t_usart0_read_buff                    0x20000338   Data         256  uart.o(.bss)
    usart0_read_buff_copy                    0x20000438   Data         256  uart.o(.bss)
    rb_t_usart0_send                         0x20000538   Data          16  uart.o(.bss)
    rb_t_usart0_send_buff                    0x20000548   Data         256  uart.o(.bss)
    rb_t_usart3_read                         0x20000648   Data          16  uart.o(.bss)
    rb_t_usart3_read_buff                    0x20000658   Data         256  uart.o(.bss)
    usart3_read_buff_copy                    0x20000758   Data         256  uart.o(.bss)
    rb_t_usart3_send                         0x20000858   Data          16  uart.o(.bss)
    rb_t_usart3_send_buff                    0x20000868   Data         256  uart.o(.bss)
    GET_TIME                                 0x20000968   Data          24  rtc.o(.bss)
    StTime                                   0x20000980   Data          14  timswitch.o(.bss)
    MAC_Record                               0x20000a3c   Data         900  tcp_data_handle.o(.bss)
    default_kv_table                         0x20000dc0   Data          12  db.o(.bss)
    kvdb                                     0x20000dcc   Data         748  db.o(.bss)
    tsdb                                     0x200010b8   Data         100  db.o(.bss)
    CH57xMACRxDesBuf                         0x20001120   Data          64  net_init.o(.bss)
    CH57xMACRxBuf                            0x20001160   Data        2400  net_init.o(.bss)
    SocketInf                                0x20001ac0   Data         240  net_init.o(.bss)
    Memp_Memory                              0x20001bb0   Data        5147  net_init.o(.bss)
    Mem_Heap_Memory                          0x20002fcc   Data        4620  net_init.o(.bss)
    Mem_ArpTable                             0x200041d8   Data         160  net_init.o(.bss)
    net_tcp_client                           0x20004278   Data        1104  net_tcp_client.o(.bss)
    SocketRecvBuf                            0x200046c8   Data         100  udp_net.o(.bss)
    MyBuf                                    0x2000472c   Data         100  udp_net.o(.bss)
    CH57xInf                                 0x20005e88   Data          68  ch57xsock.o(.bss)
    CH57xCfg                                 0x20005ecc   Data          20  ch57xsock.o(.bss)
    KeepLiveCfg                              0x20005ee0   Data          12  ch57xsock.o(.bss)
    DHCPCtrl                                 0x20005ef0   Data          24  ethernetif.o(.bss)
    CH57xNetIf                               0x20005f08   Data          56  ethernetif.o(.bss)
    CH57xMACTxDesBuf                         0x20005f40   Data          32  ethernetif.o(.bss)
    CH57xMACTxBuf                            0x20005f60   Data        1536  ethernetif.o(.bss)
    dhcp_host_name                           0x20006560   Data          50  ethernetif.o(.bss)
    RxCtrl                                   0x20006594   Data         196  ethernetif.o(.bss)
    TXCtrl                                   0x20006658   Data          20  ethernetif.o(.bss)
    SelARP                                   0x2000666c   Data          10  ipcheck.o(.bss)
    DNSInf                                   0x20006678   Data          20  ch57xnet_nds.o(.bss)
    __initial_sp                             0x20008000   Number         0  startup_armcm0.o ABSOLUTE



==============================================================================

Memory Map of the image

  Image Entry point : 0x00000091

  Load Region LR_IROM1 (Base: 0x00000000, Size: 0x00014640, Max: 0x0003e800, ABSOLUTE, COMPRESSED[0x00014408])

    Execution Region ER_IROM1 (Exec base: 0x00000000, Load base: 0x00000000, Size: 0x00014318, Max: 0x0003e800, ABSOLUTE)

    Exec Addr    Load Addr    Size         Type   Attr      Idx    E Section Name        Object

    0x00000000   0x00000000   0x00000090   Data   RO         2331    RESET               startup_armcm0.o
    0x00000090   0x00000090   0x00000000   Code   RO         5102  * .ARM.Collect$$$$00000000  mc_p.l(entry.o)
    0x00000090   0x00000090   0x00000004   Code   RO         5420    .ARM.Collect$$$$00000001  mc_p.l(entry2.o)
    0x00000094   0x00000094   0x00000004   Code   RO         5423    .ARM.Collect$$$$00000004  mc_p.l(entry5.o)
    0x00000098   0x00000098   0x00000000   Code   RO         5425    .ARM.Collect$$$$00000008  mc_p.l(entry7b.o)
    0x00000098   0x00000098   0x00000000   Code   RO         5427    .ARM.Collect$$$$0000000A  mc_p.l(entry8b.o)
    0x00000098   0x00000098   0x00000008   Code   RO         5428    .ARM.Collect$$$$0000000B  mc_p.l(entry9a.o)
    0x000000a0   0x000000a0   0x00000004   Code   RO         5435    .ARM.Collect$$$$0000000E  mc_p.l(entry12b.o)
    0x000000a4   0x000000a4   0x00000000   Code   RO         5430    .ARM.Collect$$$$0000000F  mc_p.l(entry10a.o)
    0x000000a4   0x000000a4   0x00000000   Code   RO         5432    .ARM.Collect$$$$00000011  mc_p.l(entry11a.o)
    0x000000a4   0x000000a4   0x00000004   Code   RO         5421    .ARM.Collect$$$$00002712  mc_p.l(entry2.o)
    0x000000a8   0x000000a8   0x00000078   Code   RO         3479    .emb_text           port.o
    0x00000120   0x00000120   0x0000001c   Code   RO         2332    .text               startup_armcm0.o
    0x0000013c   0x0000013c   0x0000002c   Code   RO         5105    .text               mc_p.l(uidiv.o)
    0x00000168   0x00000168   0x00000028   Code   RO         5107    .text               mc_p.l(idiv.o)
    0x00000190   0x00000190   0x00000024   Code   RO         5109    .text               mc_p.l(memcpya.o)
    0x000001b4   0x000001b4   0x00000024   Code   RO         5111    .text               mc_p.l(memseta.o)
    0x000001d8   0x000001d8   0x0000001a   Code   RO         5113    .text               mc_p.l(strncpy.o)
    0x000001f2   0x000001f2   0x0000000e   Code   RO         5117    .text               mc_p.l(strlen.o)
    0x00000200   0x00000200   0x0000001c   Code   RO         5119    .text               mc_p.l(strcmp.o)
    0x0000021c   0x0000021c   0x00000012   Code   RO         5121    .text               mc_p.l(strcpy.o)
    0x0000022e   0x0000022e   0x0000001e   Code   RO         5123    .text               mc_p.l(strncmp.o)
    0x0000024c   0x0000024c   0x00000014   Code   RO         5416    .text               mc_p.l(uread4.o)
    0x00000260   0x00000260   0x00000012   Code   RO         5418    .text               mc_p.l(uwrite4.o)
    0x00000272   0x00000272   0x00000060   Code   RO         5437    .text               mc_p.l(uldiv.o)
    0x000002d2   0x000002d2   0x00000000   Code   RO         5441    .text               mc_p.l(iusefp.o)
    0x000002d2   0x000002d2   0x00000002   PAD
    0x000002d4   0x000002d4   0x00000168   Code   RO         5442    .text               mf_p.l(dadd.o)
    0x0000043c   0x0000043c   0x000000d0   Code   RO         5444    .text               mf_p.l(dmul.o)
    0x0000050c   0x0000050c   0x000000f0   Code   RO         5446    .text               mf_p.l(ddiv.o)
    0x000005fc   0x000005fc   0x00000040   Code   RO         5448    .text               mf_p.l(dfixul.o)
    0x0000063c   0x0000063c   0x00000028   Code   RO         5450    .text               mf_p.l(cdrcmple.o)
    0x00000664   0x00000664   0x00000024   Code   RO         5452    .text               mc_p.l(init.o)
    0x00000688   0x00000688   0x00000020   Code   RO         5454    .text               mc_p.l(llshl.o)
    0x000006a8   0x000006a8   0x00000022   Code   RO         5456    .text               mc_p.l(llushr.o)
    0x000006ca   0x000006ca   0x00000026   Code   RO         5458    .text               mc_p.l(llsshr.o)
    0x000006f0   0x000006f0   0x000000be   Code   RO         5460    .text               mf_p.l(depilogue.o)
    0x000007ae   0x000007ae   0x00000056   Code   RO         5471    .text               mc_p.l(__dczerorl2.o)
    0x00000804   0x00000804   0x00000064   Code   RO         4601    i.CH57xFileCorrectTCBPcb  CH57xNET.LIB(ch57xsock.o)
    0x00000868   0x00000868   0x00000038   Code   RO         4603    i.CH57xIPSetSocketRecvInit  CH57xNET.LIB(ch57xsock.o)
    0x000008a0   0x000008a0   0x00000080   Code   RO         4970    i.CH57xMACRxSuccHandle  CH57xNET.LIB(ethernetif.o)
    0x00000920   0x00000920   0x00000014   Code   RO         4605    i.CH57xNET_ConfigKeepLive  CH57xNET.LIB(ch57xsock.o)
    0x00000934   0x00000934   0x00000020   Code   RO         4606    i.CH57xNET_ConfigLIB  CH57xNET.LIB(ch57xsock.o)
    0x00000954   0x00000954   0x00000088   Code   RO         2691    i.CH57xNET_CreatUdpSocket  udp_net.o
    0x000009dc   0x000009dc   0x00000144   Code   RO         2480    i.CH57xNET_DHCPCallBack  net_dhcp.o
    0x00000b20   0x00000b20   0x0000005c   Code   RO         4529    i.CH57xNET_DHCPHandle  CH57xNET.LIB(ch57xnet_dhcp.o)
    0x00000b7c   0x00000b7c   0x00000058   Code   RO         4530    i.CH57xNET_DHCPStart  CH57xNET.LIB(ch57xnet_dhcp.o)
    0x00000bd4   0x00000bd4   0x0000001c   Code   RO         4531    i.CH57xNET_DHCPStop  CH57xNET.LIB(ch57xnet_dhcp.o)
    0x00000bf0   0x00000bf0   0x00000008   Code   RO         4607    i.CH57xNET_ETHIsr   CH57xNET.LIB(ch57xsock.o)
    0x00000bf8   0x00000bf8   0x00000014   Code   RO         4608    i.CH57xNET_GetGlobalInt  CH57xNET.LIB(ch57xsock.o)
    0x00000c0c   0x00000c0c   0x0000000c   Code   RO         4609    i.CH57xNET_GetPHYStatus  CH57xNET.LIB(ch57xsock.o)
    0x00000c18   0x00000c18   0x00000024   Code   RO         4610    i.CH57xNET_GetSocketInt  CH57xNET.LIB(ch57xsock.o)
    0x00000c3c   0x00000c3c   0x00000004   Code   RO         4611    i.CH57xNET_GetVer   CH57xNET.LIB(ch57xsock.o)
    0x00000c40   0x00000c40   0x000000d8   Code   RO         2623    i.CH57xNET_HandleGlobalInt  net_tcp_client.o
    0x00000d18   0x00000d18   0x00000134   Code   RO         4612    i.CH57xNET_Init     CH57xNET.LIB(ch57xsock.o)
    0x00000e4c   0x00000e4c   0x00000060   Code   RO         2429    i.CH57xNET_LibInit  net_init.o
    0x00000eac   0x00000eac   0x0000002c   Code   RO         4613    i.CH57xNET_MainTask  CH57xNET.LIB(ch57xsock.o)
    0x00000ed8   0x00000ed8   0x0000003c   Code   RO         4618    i.CH57xNET_QueryGlobalInt  CH57xNET.LIB(ch57xsock.o)
    0x00000f14   0x00000f14   0x00000054   Code   RO         4622    i.CH57xNET_SocketClose  CH57xNET.LIB(ch57xsock.o)
    0x00000f68   0x00000f68   0x0000005c   Code   RO         4623    i.CH57xNET_SocketConnect  CH57xNET.LIB(ch57xsock.o)
    0x00000fc4   0x00000fc4   0x00000194   Code   RO         4624    i.CH57xNET_SocketCreat  CH57xNET.LIB(ch57xsock.o)
    0x00001158   0x00001158   0x00000190   Code   RO         4626    i.CH57xNET_SocketRecv  CH57xNET.LIB(ch57xsock.o)
    0x000012e8   0x000012e8   0x00000018   Code   RO         4627    i.CH57xNET_SocketRecvLen  CH57xNET.LIB(ch57xsock.o)
    0x00001300   0x00001300   0x00000040   Code   RO         4628    i.CH57xNET_SocketSend  CH57xNET.LIB(ch57xsock.o)
    0x00001340   0x00001340   0x00000030   Code   RO         4629    i.CH57xNET_SocketSetKeepLive  CH57xNET.LIB(ch57xsock.o)
    0x00001370   0x00001370   0x000000cc   Code   RO         4630    i.CH57xNET_SocketUdpSendTo  CH57xNET.LIB(ch57xsock.o)
    0x0000143c   0x0000143c   0x00000044   Code   RO         4631    i.CH57xNET_TimeIsr  CH57xNET.LIB(ch57xsock.o)
    0x00001480   0x00001480   0x00000048   Code   RO         4632    i.CH57xScokedIntHandle  CH57xNET.LIB(ch57xsock.o)
    0x000014c8   0x000014c8   0x00000030   Code   RO         4633    i.CH57xSocketInit   CH57xNET.LIB(ch57xsock.o)
    0x000014f8   0x000014f8   0x0000010c   Code   RO         4634    i.CH57xSocketTCPReceive  CH57xNET.LIB(ch57xsock.o)
    0x00001604   0x00001604   0x00000002   Code   RO         4636    i.CH57xTCPError     CH57xNET.LIB(ch57xsock.o)
    0x00001606   0x00001606   0x00000002   PAD
    0x00001608   0x00001608   0x00000030   Code   RO         4638    i.CloseIPRAWConnect  CH57xNET.LIB(ch57xsock.o)
    0x00001638   0x00001638   0x00000054   Code   RO         4639    i.CloseTcpPCB       CH57xNET.LIB(ch57xsock.o)
    0x0000168c   0x0000168c   0x00000030   Code   RO         4640    i.CloseUpdConnect   CH57xNET.LIB(ch57xsock.o)
    0x000016bc   0x000016bc   0x0000017c   Code   RO         2624    i.DHCP_UDP_TCP_LINK_Init  net_tcp_client.o
    0x00001838   0x00001838   0x0000010c   Code   RO         4724    i.ETHInit           CH57xNET.LIB(eth.o)
    0x00001944   0x00001944   0x00000060   Code   RO         4725    i.ETHRec            CH57xNET.LIB(eth.o)
    0x000019a4   0x000019a4   0x0000005c   Code   RO         4726    i.ETHSend           CH57xNET.LIB(eth.o)
    0x00001a00   0x00001a00   0x00000008   Code   RO         2430    i.ETH_IRQHandler    net_init.o
    0x00001a08   0x00001a08   0x000000a8   Code   RO         4727    i.ETH_IRQ_Deal      CH57xNET.LIB(eth.o)
    0x00001ab0   0x00001ab0   0x00000018   Code   RO         4641    i.ErrorEncode       CH57xNET.LIB(ch57xsock.o)
    0x00001ac8   0x00001ac8   0x00000098   Code   RO         1493    i.GPIOA_ModeCfg     ch57x_gpio.o
    0x00001b60   0x00001b60   0x00000098   Code   RO         1495    i.GPIOB_ModeCfg     ch57x_gpio.o
    0x00001bf8   0x00001bf8   0x00000020   Code   RO         1496    i.GPIOPinRemap      ch57x_gpio.o
    0x00001c18   0x00001c18   0x00000150   Code   RO          532    i.GetDateTimeFromUnixSecond  timswitch.o
    0x00001d68   0x00001d68   0x0000001c   Code   RO         1431    i.GetMACAddress     ch57x_flash.o
    0x00001d84   0x00001d84   0x00000022   Code   RO         2431    i.GetMacAddr        net_init.o
    0x00001da6   0x00001da6   0x00000002   PAD
    0x00001da8   0x00001da8   0x00000050   Code   RO         1299    i.GetSysClock       ch57x_clk.o
    0x00001df8   0x00001df8   0x000000f8   Code   RO          533    i.GetUnixSecond     timswitch.o
    0x00001ef0   0x00001ef0   0x000000b2   Code   RO          534    i.GetWeekFromDate   timswitch.o
    0x00001fa2   0x00001fa2   0x00000002   PAD
    0x00001fa4   0x00001fa4   0x000000b0   Code   RO          583    i.Hub_Beat_server   send_tcp.o
    0x00002054   0x00002054   0x000000b0   Code   RO          584    i.Hub_GetTime_server  send_tcp.o
    0x00002104   0x00002104   0x00000134   Code   RO          585    i.Hub_register_server  send_tcp.o
    0x00002238   0x00002238   0x00000028   Code   RO         5016    i.IPCheckParaInit   CH57xNET.LIB(ipcheck.o)
    0x00002260   0x00002260   0x00000058   Code   RO         5017    i.IPCheckTmr        CH57xNET.LIB(ipcheck.o)
    0x000022b8   0x000022b8   0x00000030   Code   RO         5018    i.IPConflictHandle  CH57xNET.LIB(ipcheck.o)
    0x000022e8   0x000022e8   0x00000024   Code   RO         5013    i.InitCH57xMAC      CH57xNET.LIB(hal.o)
    0x0000230c   0x0000230c   0x0000002c   Code   RO          425    i.KEY_Scan          led.o
    0x00002338   0x00002338   0x0000003c   Code   RO         1303    i.LClk32K_Select    ch57x_clk.o
    0x00002374   0x00002374   0x00000080   Code   RO          268    i.LORA_Init         uart.o
    0x000023f4   0x000023f4   0x0000011c   Code   RO          269    i.LoRa_SendData     uart.o
    0x00002510   0x00002510   0x000001d8   Code   RO          586    i.Lora_Data_Upload_Server  send_tcp.o
    0x000026e8   0x000026e8   0x00000008   Code   RO         1011    i.Lora_Delete_Link_Net  lora_link.o
    0x000026f0   0x000026f0   0x0000004c   Code   RO         1012    i.Lora_Link_Net     lora_link.o
    0x0000273c   0x0000273c   0x00000008   Code   RO         1013    i.Lora_Link_Net_Faild  lora_link.o
    0x00002744   0x00002744   0x00000054   Code   RO         1014    i.Lora_Link_Net_Start  lora_link.o
    0x00002798   0x00002798   0x00000008   Code   RO         1015    i.Lora_Link_Net_Success  lora_link.o
    0x000027a0   0x000027a0   0x000000ec   Code   RO         4972    i.LwIPPeriodicHandle  CH57xNET.LIB(ethernetif.o)
    0x0000288c   0x0000288c   0x0000000c   Code   RO         4642    i.LwipArpCheck      CH57xNET.LIB(ch57xsock.o)
    0x00002898   0x00002898   0x00000070   Code   RO         4643    i.LwipRemoveTcpPcb  CH57xNET.LIB(ch57xsock.o)
    0x00002908   0x00002908   0x00000004   Code   RO         4644    i.LwipTCPPollCallBack  CH57xNET.LIB(ch57xsock.o)
    0x0000290c   0x0000290c   0x00000036   Code   RO         4645    i.LwipTCPSendCallBack  CH57xNET.LIB(ch57xsock.o)
    0x00002942   0x00002942   0x00000002   PAD
    0x00002944   0x00002944   0x00000038   Code   RO         4646    i.LwipTcpConnectedCallBack  CH57xNET.LIB(ch57xsock.o)
    0x0000297c   0x0000297c   0x0000001c   Code   RO         4647    i.LwipUnreachPort   CH57xNET.LIB(ch57xsock.o)
    0x00002998   0x00002998   0x00000084   Code   RO            3    i.MX_FREERTOS_Init  main.o
    0x00002a1c   0x00002a1c   0x00000016   Code   RO         4648    i.MemShortCopy      CH57xNET.LIB(ch57xsock.o)
    0x00002a32   0x00002a32   0x00000002   PAD
    0x00002a34   0x00002a34   0x00000098   Code   RO         1545    i.NMI_Handler       ch57x_int.o
    0x00002acc   0x00002acc   0x00000014   Code   RO          351    i.NVIC_DisableIRQ   time.o
    0x00002ae0   0x00002ae0   0x00000014   Code   RO          837    i.NVIC_DisableIRQ   uart_data.o
    0x00002af4   0x00002af4   0x00000014   Code   RO          270    i.NVIC_EnableIRQ    uart.o
    0x00002b08   0x00002b08   0x00000014   Code   RO          352    i.NVIC_EnableIRQ    time.o
    0x00002b1c   0x00002b1c   0x00000014   Code   RO         1016    i.NVIC_EnableIRQ    lora_link.o
    0x00002b30   0x00002b30   0x00000078   Code   RO          353    i.NVIC_SetPriority  time.o
    0x00002ba8   0x00002ba8   0x000000a0   Code   RO         1622    i.PWR_UnitModCfg    ch57x_pwr.o
    0x00002c48   0x00002c48   0x00000060   Code   RO         1623    i.PowerMonitor      ch57x_pwr.o
    0x00002ca8   0x00002ca8   0x0000004c   Code   RO          535    i.PrintTime         timswitch.o
    0x00002cf4   0x00002cf4   0x0000002c   Code   RO         2363    i.PutData           looplist.o
    0x00002d20   0x00002d20   0x0000006c   Code   RO         4973    i.QuaryEthRxDma     CH57xNET.LIB(ethernetif.o)
    0x00002d8c   0x00002d8c   0x0000000c   Code   RO         4649    i.QueryPingEnable   CH57xNET.LIB(ch57xsock.o)
    0x00002d98   0x00002d98   0x00000024   Code   RO         1306    i.RTC_ClearITFlag   ch57x_clk.o
    0x00002dbc   0x00002dbc   0x000001dc   Code   RO         1309    i.RTC_GetTime       ch57x_clk.o
    0x00002f98   0x00002f98   0x00000168   Code   RO         1310    i.RTC_InitTime      ch57x_clk.o
    0x00003100   0x00003100   0x0000001c   Code   RO          500    i.RTC_Int           rtc.o
    0x0000311c   0x0000311c   0x0000002c   Code   RO         1312    i.RTC_SetCycle32k   ch57x_clk.o
    0x00003148   0x00003148   0x00000038   Code   RO         1313    i.RTC_TMRFunCfg     ch57x_clk.o
    0x00003180   0x00003180   0x00000014   Code   RO         4730    i.ReadPHYReg        CH57xNET.LIB(eth.o)
    0x00003194   0x00003194   0x00000038   Code   RO         4806    i.RemoveTimeWaiTCP  CH57xNET.LIB(tcp.o)
    0x000031cc   0x000031cc   0x00000028   Code   RO         1783    i.SPI1_CLKCfg       ch57x_spi1.o
    0x000031f4   0x000031f4   0x00000084   Code   RO         1784    i.SPI1_DataMode     ch57x_spi1.o
    0x00003278   0x00003278   0x0000002c   Code   RO         1785    i.SPI1_MasterDefInit  ch57x_spi1.o
    0x000032a4   0x000032a4   0x00000038   Code   RO         1786    i.SPI1_MasterRecv   ch57x_spi1.o
    0x000032dc   0x000032dc   0x00000044   Code   RO         1789    i.SPI1_MasterTrans  ch57x_spi1.o
    0x00003320   0x00003320   0x00000002   Code   RO         3480    i.SVC_Handler       port.o
    0x00003322   0x00003322   0x00000002   PAD
    0x00003324   0x00003324   0x00000020   Code   RO         1843    i.SYS_ResetExecute  ch57x_sys.o
    0x00003344   0x00003344   0x00000020   Code   RO         5019    i.SelIPARPSend      CH57xNET.LIB(ipcheck.o)
    0x00003364   0x00003364   0x00000094   Code   RO         4974    i.SetupNetif        CH57xNET.LIB(ethernetif.o)
    0x000033f8   0x000033f8   0x000000ac   Code   RO         4650    i.SocketIPRAWReceive  CH57xNET.LIB(ch57xsock.o)
    0x000034a4   0x000034a4   0x000000cc   Code   RO         4651    i.SocketIPRawSend   CH57xNET.LIB(ch57xsock.o)
    0x00003570   0x00003570   0x00000104   Code   RO         4652    i.SocketTcpSend     CH57xNET.LIB(ch57xsock.o)
    0x00003674   0x00003674   0x000000b8   Code   RO         4653    i.SocketUdpReceive  CH57xNET.LIB(ch57xsock.o)
    0x0000372c   0x0000372c   0x000000c0   Code   RO         4654    i.SocketUdpSend     CH57xNET.LIB(ch57xsock.o)
    0x000037ec   0x000037ec   0x00000030   Code   RO            4    i.StartTask01       main.o
    0x0000381c   0x0000381c   0x0000000e   Code   RO            5    i.StartTask02       main.o
    0x0000382a   0x0000382a   0x00000002   PAD
    0x0000382c   0x0000382c   0x00000020   Code   RO            6    i.StartTask03       main.o
    0x0000384c   0x0000384c   0x00000010   Code   RO          467    i.SysTick_Handler   sys_tick.o
    0x0000385c   0x0000385c   0x0000002c   Code   RO         1316    i.SystemInit        ch57x_clk.o
    0x00003888   0x00003888   0x000000d8   Code   RO          883    i.TCP_recv_date_handle  tcp_data.o
    0x00003960   0x00003960   0x00000020   Code   RO          354    i.TMR0_IRQHandler   time.o
    0x00003980   0x00003980   0x00000014   Code   RO         1923    i.TMR0_TimerInit    ch57x_timer0.o
    0x00003994   0x00003994   0x0000003c   Code   RO          355    i.TMR1_IRQHandler   time.o
    0x000039d0   0x000039d0   0x00000014   Code   RO         1968    i.TMR1_TimerInit    ch57x_timer1.o
    0x000039e4   0x000039e4   0x000000f0   Code   RO          356    i.TMR3_IRQHandler   time.o
    0x00003ad4   0x00003ad4   0x00000014   Code   RO         2067    i.TMR3_TimerInit    ch57x_timer3.o
    0x00003ae8   0x00003ae8   0x0000002c   Code   RO         2107    i.UART0_BaudRateCfg  ch57x_uart0.o
    0x00003b14   0x00003b14   0x00000024   Code   RO         2109    i.UART0_DefInit     ch57x_uart0.o
    0x00003b38   0x00003b38   0x0000002c   Code   RO         2110    i.UART0_INTCfg      ch57x_uart0.o
    0x00003b64   0x00003b64   0x000000c4   Code   RO          271    i.UART0_IRQHandler  uart.o
    0x00003c28   0x00003c28   0x0000002c   Code   RO         2275    i.UART3_BaudRateCfg  ch57x_uart3.o
    0x00003c54   0x00003c54   0x00000024   Code   RO         2277    i.UART3_DefInit     ch57x_uart3.o
    0x00003c78   0x00003c78   0x0000002c   Code   RO         2278    i.UART3_INTCfg      ch57x_uart3.o
    0x00003ca4   0x00003ca4   0x000000c4   Code   RO          272    i.UART3_IRQHandler  uart.o
    0x00003d68   0x00003d68   0x00000048   Code   RO          588    i.Yntohs            send_tcp.o
    0x00003db0   0x00003db0   0x00000020   Code   RO         5360    i.__0printf         mc_p.l(printfa.o)
    0x00003dd0   0x00003dd0   0x00000030   Code   RO         5365    i.__0vsnprintf      mc_p.l(printfa.o)
    0x00003e00   0x00003e00   0x0000002e   Code   RO         5462    i.__ARM_clz         mf_p.l(depilogue.o)
    0x00003e2e   0x00003e2e   0x0000001a   Code   RO         4872    i.__ARM_common_switch8  CH57xNET.LIB(tcp.o)
    0x00003e48   0x00003e48   0x0000000e   Code   RO         5465    i.__scatterload_copy  mc_p.l(handlers.o)
    0x00003e56   0x00003e56   0x00000002   Code   RO         5466    i.__scatterload_null  mc_p.l(handlers.o)
    0x00003e58   0x00003e58   0x0000000e   Code   RO         5467    i.__scatterload_zeroinit  mc_p.l(handlers.o)
    0x00003e66   0x00003e66   0x00000060   Code   RO         4284    i._fdb_continue_ff_addr  fdb_utils.o
    0x00003ec6   0x00003ec6   0x00000012   Code   RO         3778    i._fdb_db_path      fdb.o
    0x00003ed8   0x00003ed8   0x00000028   Code   RO         4285    i._fdb_flash_erase  fdb_utils.o
    0x00003f00   0x00003f00   0x00000030   Code   RO         4286    i._fdb_flash_read   fdb_utils.o
    0x00003f30   0x00003f30   0x00000030   Code   RO         4287    i._fdb_flash_write  fdb_utils.o
    0x00003f60   0x00003f60   0x00000032   Code   RO         4288    i._fdb_get_status   fdb_utils.o
    0x00003f92   0x00003f92   0x00000002   PAD
    0x00003f94   0x00003f94   0x00000284   Code   RO         3780    i._fdb_init_ex      fdb.o
    0x00004218   0x00004218   0x000000fc   Code   RO         3781    i._fdb_init_finish  fdb.o
    0x00004314   0x00004314   0x0000012c   Code   RO         3823    i._fdb_kv_load      fdb_kvdb.o
    0x00004440   0x00004440   0x0000008c   Code   RO         4289    i._fdb_read_status  fdb_utils.o
    0x000044cc   0x000044cc   0x00000032   Code   RO         4290    i._fdb_set_status   fdb_utils.o
    0x000044fe   0x000044fe   0x00000002   PAD
    0x00004500   0x00004500   0x000000e0   Code   RO         4291    i._fdb_write_status  fdb_utils.o
    0x000045e0   0x000045e0   0x00000174   Code   RO         5367    i._fp_digits        mc_p.l(printfa.o)
    0x00004754   0x00004754   0x000006f0   Code   RO         5368    i._printf_core      mc_p.l(printfa.o)
    0x00004e44   0x00004e44   0x00000020   Code   RO         5369    i._printf_post_padding  mc_p.l(printfa.o)
    0x00004e64   0x00004e64   0x0000002c   Code   RO         5370    i._printf_pre_padding  mc_p.l(printfa.o)
    0x00004e90   0x00004e90   0x00000016   Code   RO         5371    i._snputc           mc_p.l(printfa.o)
    0x00004ea6   0x00004ea6   0x00000002   PAD
    0x00004ea8   0x00004ea8   0x00000228   Code   RO         3555    i.aai_write         sfud.o
    0x000050d0   0x000050d0   0x00000060   Code   RO         3824    i.align_write       fdb_kvdb.o
    0x00005130   0x00005130   0x00000138   Code   RO         3825    i.alloc_kv          fdb_kvdb.o
    0x00005268   0x00005268   0x0000003a   Code   RO         3826    i.alloc_kv_cb       fdb_kvdb.o
    0x000052a2   0x000052a2   0x00000002   PAD
    0x000052a4   0x000052a4   0x00000074   Code   RO          838    i.bind_set          uart_data.o
    0x00005318   0x00005318   0x00000026   Code   RO         3827    i.check_and_recovery_gc_cb  fdb_kvdb.o
    0x0000533e   0x0000533e   0x00000002   PAD
    0x00005340   0x00005340   0x00000144   Code   RO         3828    i.check_and_recovery_kv_cb  fdb_kvdb.o
    0x00005484   0x00005484   0x00000104   Code   RO         4449    i.check_and_update_part_cache  fal_partition.o
    0x00005588   0x00005588   0x00000026   Code   RO         3829    i.check_oldest_addr_cb  fdb_kvdb.o
    0x000055ae   0x000055ae   0x00000002   PAD
    0x000055b0   0x000055b0   0x000000a8   Code   RO         3830    i.check_sec_hdr_cb  fdb_kvdb.o
    0x00005658   0x00005658   0x000000ec   Code   RO         4130    i.check_sec_hdr_cb  fdb_tsdb.o
    0x00005744   0x00005744   0x0000033c   Code   RO         3831    i.create_kv_blob    fdb_kvdb.o
    0x00005a80   0x00005a80   0x0000005c   Code   RO         1124    i.db_add_mac        db.o
    0x00005adc   0x00005adc   0x00000074   Code   RO         1125    i.db_append_log     db.o
    0x00005b50   0x00005b50   0x00000054   Code   RO         1126    i.db_delete_mac     db.o
    0x00005ba4   0x00005ba4   0x000000b0   Code   RO         1127    i.db_init           db.o
    0x00005c54   0x00005c54   0x00000038   Code   RO         1128    i.db_manage_mac     db.o
    0x00005c8c   0x00005c8c   0x00000030   Code   RO         1129    i.db_query_send     db.o
    0x00005cbc   0x00005cbc   0x0000001c   Code   RO         1130    i.db_set_current_tsl_status  db.o
    0x00005cd8   0x00005cd8   0x00000168   Code   RO         3832    i.del_kv            fdb_kvdb.o
    0x00005e40   0x00005e40   0x00000026   Code   RO         4532    i.dhcp_arp_reply    CH57xNET.LIB(ch57xnet_dhcp.o)
    0x00005e66   0x00005e66   0x00000002   PAD
    0x00005e68   0x00005e68   0x00000164   Code   RO         4533    i.dhcp_bind         CH57xNET.LIB(ch57xnet_dhcp.o)
    0x00005fcc   0x00005fcc   0x00000080   Code   RO          884    i.dhcp_callback     tcp_data.o
    0x0000604c   0x0000604c   0x00000054   Code   RO          885    i.dhcp_callback1    tcp_data.o
    0x000060a0   0x000060a0   0x00000026   Code   RO         4534    i.dhcp_check        CH57xNET.LIB(ch57xnet_dhcp.o)
    0x000060c6   0x000060c6   0x00000002   PAD
    0x000060c8   0x000060c8   0x00000060   Code   RO         4535    i.dhcp_coarse_tmr   CH57xNET.LIB(ch57xnet_dhcp.o)
    0x00006128   0x00006128   0x00000134   Code   RO         4536    i.dhcp_create_request  CH57xNET.LIB(ch57xnet_dhcp.o)
    0x0000625c   0x0000625c   0x000000bc   Code   RO         4537    i.dhcp_decline      CH57xNET.LIB(ch57xnet_dhcp.o)
    0x00006318   0x00006318   0x0000001e   Code   RO         4538    i.dhcp_delete_request  CH57xNET.LIB(ch57xnet_dhcp.o)
    0x00006336   0x00006336   0x00000002   PAD
    0x00006338   0x00006338   0x000000d8   Code   RO         4539    i.dhcp_discover     CH57xNET.LIB(ch57xnet_dhcp.o)
    0x00006410   0x00006410   0x00000048   Code   RO         4540    i.dhcp_fine_tmr     CH57xNET.LIB(ch57xnet_dhcp.o)
    0x00006458   0x00006458   0x00000022   Code   RO         4541    i.dhcp_free_reply   CH57xNET.LIB(ch57xnet_dhcp.o)
    0x0000647a   0x0000647a   0x00000016   Code   RO         4542    i.dhcp_get_option_long  CH57xNET.LIB(ch57xnet_dhcp.o)
    0x00006490   0x00006490   0x00000086   Code   RO         4543    i.dhcp_get_option_ptr  CH57xNET.LIB(ch57xnet_dhcp.o)
    0x00006516   0x00006516   0x00000002   PAD
    0x00006518   0x00006518   0x00000100   Code   RO         4544    i.dhcp_handle_ack   CH57xNET.LIB(ch57xnet_dhcp.o)
    0x00006618   0x00006618   0x00000020   Code   RO         4547    i.dhcp_option       CH57xNET.LIB(ch57xnet_dhcp.o)
    0x00006638   0x00006638   0x00000010   Code   RO         4548    i.dhcp_option_byte  CH57xNET.LIB(ch57xnet_dhcp.o)
    0x00006648   0x00006648   0x00000042   Code   RO         4549    i.dhcp_option_long  CH57xNET.LIB(ch57xnet_dhcp.o)
    0x0000668a   0x0000668a   0x00000074   Code   RO         4550    i.dhcp_option_mac   CH57xNET.LIB(ch57xnet_dhcp.o)
    0x000066fe   0x000066fe   0x00000022   Code   RO         4551    i.dhcp_option_short  CH57xNET.LIB(ch57xnet_dhcp.o)
    0x00006720   0x00006720   0x00000030   Code   RO         4552    i.dhcp_option_trailer  CH57xNET.LIB(ch57xnet_dhcp.o)
    0x00006750   0x00006750   0x000000bc   Code   RO         4553    i.dhcp_rebind       CH57xNET.LIB(ch57xnet_dhcp.o)
    0x0000680c   0x0000680c   0x000000b0   Code   RO         4554    i.dhcp_reboot       CH57xNET.LIB(ch57xnet_dhcp.o)
    0x000068bc   0x000068bc   0x00000130   Code   RO         4555    i.dhcp_recv         CH57xNET.LIB(ch57xnet_dhcp.o)
    0x000069ec   0x000069ec   0x000000b8   Code   RO         4556    i.dhcp_release      CH57xNET.LIB(ch57xnet_dhcp.o)
    0x00006aa4   0x00006aa4   0x000000b8   Code   RO         4557    i.dhcp_renew        CH57xNET.LIB(ch57xnet_dhcp.o)
    0x00006b5c   0x00006b5c   0x00000114   Code   RO         4558    i.dhcp_select       CH57xNET.LIB(ch57xnet_dhcp.o)
    0x00006c70   0x00006c70   0x0000000e   Code   RO         4559    i.dhcp_set_state    CH57xNET.LIB(ch57xnet_dhcp.o)
    0x00006c7e   0x00006c7e   0x00000002   PAD
    0x00006c80   0x00006c80   0x000000a4   Code   RO         4560    i.dhcp_start        CH57xNET.LIB(ch57xnet_dhcp.o)
    0x00006d24   0x00006d24   0x00000030   Code   RO         4561    i.dhcp_stop         CH57xNET.LIB(ch57xnet_dhcp.o)
    0x00006d54   0x00006d54   0x00000078   Code   RO         4562    i.dhcp_timeout      CH57xNET.LIB(ch57xnet_dhcp.o)
    0x00006dcc   0x00006dcc   0x0000006c   Code   RO         4563    i.dhcp_unfold_reply  CH57xNET.LIB(ch57xnet_dhcp.o)
    0x00006e38   0x00006e38   0x00000038   Code   RO         5035    i.dns_setserver     CH57xNET.LIB(ch57xnet_nds.o)
    0x00006e70   0x00006e70   0x000001a0   Code   RO         3833    i.do_gc             fdb_kvdb.o
    0x00007010   0x00007010   0x000000a0   Code   RO         4403    i.erase             fal_flash_sfud_port.o
    0x000070b0   0x000070b0   0x0000013c   Code   RO         4941    i.etharp_arp_input  CH57xNET.LIB(etharp.o)
    0x000071ec   0x000071ec   0x0000002c   Code   RO         4943    i.etharp_ip_input   CH57xNET.LIB(etharp.o)
    0x00007218   0x00007218   0x000000cc   Code   RO         4944    i.etharp_output     CH57xNET.LIB(etharp.o)
    0x000072e4   0x000072e4   0x000000b0   Code   RO         4945    i.etharp_query      CH57xNET.LIB(etharp.o)
    0x00007394   0x00007394   0x000000b8   Code   RO         4946    i.etharp_raw        CH57xNET.LIB(etharp.o)
    0x0000744c   0x0000744c   0x00000024   Code   RO         4947    i.etharp_request    CH57xNET.LIB(etharp.o)
    0x00007470   0x00007470   0x00000034   Code   RO         4948    i.etharp_send_ip    CH57xNET.LIB(etharp.o)
    0x000074a4   0x000074a4   0x00000048   Code   RO         4949    i.etharp_tmr        CH57xNET.LIB(etharp.o)
    0x000074ec   0x000074ec   0x00000064   Code   RO         4950    i.ethernet_input    CH57xNET.LIB(etharp.o)
    0x00007550   0x00007550   0x00000044   Code   RO         4975    i.ethernetif_init   CH57xNET.LIB(ethernetif.o)
    0x00007594   0x00007594   0x00000070   Code   RO         4976    i.ethernetif_input  CH57xNET.LIB(ethernetif.o)
    0x00007604   0x00007604   0x00000090   Code   RO         4379    i.fal_flash_device_find  fal_flash.o
    0x00007694   0x00007694   0x00000160   Code   RO         4380    i.fal_flash_init    fal_flash.o
    0x000077f4   0x000077f4   0x00000114   Code   RO         4358    i.fal_init          fal.o
    0x00007908   0x00007908   0x00000170   Code   RO         4451    i.fal_partition_erase  fal_partition.o
    0x00007a78   0x00007a78   0x00000084   Code   RO         4453    i.fal_partition_find  fal_partition.o
    0x00007afc   0x00007afc   0x00000050   Code   RO         4454    i.fal_partition_init  fal_partition.o
    0x00007b4c   0x00007b4c   0x00000188   Code   RO         4455    i.fal_partition_read  fal_partition.o
    0x00007cd4   0x00007cd4   0x0000018c   Code   RO         4456    i.fal_partition_write  fal_partition.o
    0x00007e60   0x00007e60   0x00000250   Code   RO         4458    i.fal_show_part_table  fal_partition.o
    0x000080b0   0x000080b0   0x00000006   Code   RO         4292    i.fdb_blob_make     fdb_utils.o
    0x000080b6   0x000080b6   0x00000026   Code   RO         4293    i.fdb_blob_read     fdb_utils.o
    0x000080dc   0x000080dc   0x00000030   Code   RO         4294    i.fdb_calc_crc32    fdb_utils.o
    0x0000810c   0x0000810c   0x000000a8   Code   RO         3835    i.fdb_kv_del        fdb_kvdb.o
    0x000081b4   0x000081b4   0x000000b0   Code   RO         3837    i.fdb_kv_get_blob   fdb_kvdb.o
    0x00008264   0x00008264   0x000000ac   Code   RO         3843    i.fdb_kv_set_blob   fdb_kvdb.o
    0x00008310   0x00008310   0x000000b8   Code   RO         3844    i.fdb_kv_set_default  fdb_kvdb.o
    0x000083c8   0x000083c8   0x00000144   Code   RO         3846    i.fdb_kvdb_control  fdb_kvdb.o
    0x0000850c   0x0000850c   0x000001d8   Code   RO         3848    i.fdb_kvdb_init     fdb_kvdb.o
    0x000086e4   0x000086e4   0x000001a0   Code   RO         4131    i.fdb_tsdb_control  fdb_tsdb.o
    0x00008884   0x00008884   0x00000228   Code   RO         4133    i.fdb_tsdb_init     fdb_tsdb.o
    0x00008aac   0x00008aac   0x000000a4   Code   RO         4134    i.fdb_tsl_append    fdb_tsdb.o
    0x00008b50   0x00008b50   0x00000134   Code   RO         4136    i.fdb_tsl_iter      fdb_tsdb.o
    0x00008c84   0x00008c84   0x000001e0   Code   RO         4137    i.fdb_tsl_iter_by_time  fdb_tsdb.o
    0x00008e64   0x00008e64   0x0000002e   Code   RO         4140    i.fdb_tsl_set_status  fdb_tsdb.o
    0x00008e92   0x00008e92   0x00000012   Code   RO         4141    i.fdb_tsl_to_blob   fdb_tsdb.o
    0x00008ea4   0x00008ea4   0x00000110   Code   RO         4951    i.find_entry        CH57xNET.LIB(etharp.o)
    0x00008fb4   0x00008fb4   0x00000050   Code   RO         3849    i.find_kv           fdb_kvdb.o
    0x00009004   0x00009004   0x0000004a   Code   RO         3850    i.find_kv_cb        fdb_kvdb.o
    0x0000904e   0x0000904e   0x00000002   PAD
    0x00009050   0x00009050   0x00000028   Code   RO         3851    i.find_kv_no_cache  fdb_kvdb.o
    0x00009078   0x00009078   0x000000a8   Code   RO         3852    i.find_next_kv_addr  fdb_kvdb.o
    0x00009120   0x00009120   0x000000c8   Code   RO         4459    i.flash_device_find_by_part  fal_partition.o
    0x000091e8   0x000091e8   0x00000016   Code   RO         4142    i.format_all_cb     fdb_tsdb.o
    0x000091fe   0x000091fe   0x00000002   PAD
    0x00009200   0x00009200   0x00000108   Code   RO         3853    i.format_sector     fdb_kvdb.o
    0x00009308   0x00009308   0x000000f4   Code   RO         4143    i.format_sector     fdb_tsdb.o
    0x000093fc   0x000093fc   0x00000014   Code   RO         1847    i.fputc             ch57x_sys.o
    0x00009410   0x00009410   0x00000018   Code   RO         3854    i.gc_check_cb       fdb_kvdb.o
    0x00009428   0x00009428   0x0000000e   Code   RO         3855    i.gc_collect        fdb_kvdb.o
    0x00009436   0x00009436   0x00000002   PAD
    0x00009438   0x00009438   0x00000100   Code   RO         3856    i.gc_collect_by_free_size  fdb_kvdb.o
    0x00009538   0x00009538   0x0000004e   Code   RO         3857    i.get_kv            fdb_kvdb.o
    0x00009586   0x00009586   0x00000002   PAD
    0x00009588   0x00009588   0x000000c4   Code   RO         3858    i.get_kv_from_cache  fdb_kvdb.o
    0x0000964c   0x0000964c   0x0000002c   Code   RO         4144    i.get_last_sector_addr  fdb_tsdb.o
    0x00009678   0x00009678   0x0000002e   Code   RO         4145    i.get_last_tsl_addr  fdb_tsdb.o
    0x000096a6   0x000096a6   0x0000007e   Code   RO         3859    i.get_next_kv_addr  fdb_kvdb.o
    0x00009724   0x00009724   0x0000003a   Code   RO         3860    i.get_next_sector_addr  fdb_kvdb.o
    0x0000975e   0x0000975e   0x0000002c   Code   RO         4146    i.get_next_sector_addr  fdb_tsdb.o
    0x0000978a   0x0000978a   0x0000002e   Code   RO         4147    i.get_next_tsl_addr  fdb_tsdb.o
    0x000097b8   0x000097b8   0x00000064   Code   RO          536    i.get_rtc_tim_switch_sec  timswitch.o
    0x0000981c   0x0000981c   0x00000038   Code   RO         3861    i.get_sector_from_cache  fdb_kvdb.o
    0x00009854   0x00009854   0x0000005c   Code   RO         1131    i.get_time          db.o
    0x000098b0   0x000098b0   0x000002ec   Code   RO         3556    i.hardware_init     sfud.o
    0x00009b9c   0x00009b9c   0x00000004   Code   RO         4921    i.htonl             CH57xNET.LIB(inet.o)
    0x00009ba0   0x00009ba0   0x00000004   Code   RO         4922    i.htons             CH57xNET.LIB(inet.o)
    0x00009ba4   0x00009ba4   0x0000000c   Code   RO         5077    i.icmp_dest_unreach  CH57xNET.LIB(icmp.o)
    0x00009bb0   0x00009bb0   0x000001f4   Code   RO         5078    i.icmp_input        CH57xNET.LIB(icmp.o)
    0x00009da4   0x00009da4   0x0000006a   Code   RO         5079    i.icmp_send_response  CH57xNET.LIB(icmp.o)
    0x00009e0e   0x00009e0e   0x0000000c   Code   RO         5092    i.inet_chksum       CH57xNET.LIB(inet_chksum.o)
    0x00009e1a   0x00009e1a   0x0000003e   Code   RO         5093    i.inet_chksum_pbuf  CH57xNET.LIB(inet_chksum.o)
    0x00009e58   0x00009e58   0x00000078   Code   RO         5094    i.inet_chksum_pseudo  CH57xNET.LIB(inet_chksum.o)
    0x00009ed0   0x00009ed0   0x00000040   Code   RO         4404    i.init              fal_flash_sfud_port.o
    0x00009f10   0x00009f10   0x0000003a   Code   RO         4936    i.ip_addr_isbroadcast  CH57xNET.LIB(ip_addr.o)
    0x00009f4a   0x00009f4a   0x0000015a   Code   RO         5100    i.ip_frag           CH57xNET.LIB(ip_frag.o)
    0x0000a0a4   0x0000a0a4   0x0000024c   Code   RO         5083    i.ip_input          CH57xNET.LIB(ip.o)
    0x0000a2f0   0x0000a2f0   0x00000032   Code   RO         5084    i.ip_output         CH57xNET.LIB(ip.o)
    0x0000a322   0x0000a322   0x00000002   PAD
    0x0000a324   0x0000a324   0x0000010c   Code   RO         5085    i.ip_output_if      CH57xNET.LIB(ip.o)
    0x0000a430   0x0000a430   0x00000054   Code   RO         5086    i.ip_route          CH57xNET.LIB(ip.o)
    0x0000a484   0x0000a484   0x0000000c   Code   RO          426    i.key_init          led.o
    0x0000a490   0x0000a490   0x00000090   Code   RO         3862    i.kv_iterator       fdb_kvdb.o
    0x0000a520   0x0000a520   0x00000004   Code   RO         1132    i.lock              db.o
    0x0000a524   0x0000a524   0x0000002c   Code   RO          273    i.log_hex           uart.o
    0x0000a550   0x0000a550   0x000000bc   Code   RO         4977    i.low_level_init    CH57xNET.LIB(ethernetif.o)
    0x0000a60c   0x0000a60c   0x000000d8   Code   RO         4978    i.low_level_input   CH57xNET.LIB(ethernetif.o)
    0x0000a6e4   0x0000a6e4   0x000000a4   Code   RO         4979    i.low_level_output  CH57xNET.LIB(ethernetif.o)
    0x0000a788   0x0000a788   0x0000001c   Code   RO         5051    i.lwip_init         CH57xNET.LIB(init.o)
    0x0000a7a4   0x0000a7a4   0x0000003c   Code   RO         5095    i.lwip_standard_chksum  CH57xNET.LIB(inet_chksum.o)
    0x0000a7e0   0x0000a7e0   0x0000001a   Code   RO         1848    i.mDelaymS          ch57x_sys.o
    0x0000a7fa   0x0000a7fa   0x00000022   Code   RO         1849    i.mDelayuS          ch57x_sys.o
    0x0000a81c   0x0000a81c   0x00000030   Code   RO         2693    i.mStopIfError      udp_net.o
    0x0000a84c   0x0000a84c   0x00000058   Code   RO            7    i.main              main.o
    0x0000a8a4   0x0000a8a4   0x000000b0   Code   RO         3557    i.make_address_byte_array  sfud.o
    0x0000a954   0x0000a954   0x0000002c   Code   RO         4745    i.mem_free          CH57xNET.LIB(mem.o)
    0x0000a980   0x0000a980   0x00000050   Code   RO         4746    i.mem_init          CH57xNET.LIB(mem.o)
    0x0000a9d0   0x0000a9d0   0x000000b4   Code   RO         4747    i.mem_malloc        CH57xNET.LIB(mem.o)
    0x0000aa84   0x0000aa84   0x000000d8   Code   RO         4748    i.mem_realloc       CH57xNET.LIB(mem.o)
    0x0000ab5c   0x0000ab5c   0x00000014   Code   RO         5053    i.memp_free         CH57xNET.LIB(memp.o)
    0x0000ab70   0x0000ab70   0x00000050   Code   RO         5054    i.memp_init         CH57xNET.LIB(memp.o)
    0x0000abc0   0x0000abc0   0x0000001c   Code   RO         5055    i.memp_malloc       CH57xNET.LIB(memp.o)
    0x0000abdc   0x0000abdc   0x00000010   Code   RO          589    i.mntohs            send_tcp.o
    0x0000abec   0x0000abec   0x000001f4   Code   RO         3863    i.move_kv           fdb_kvdb.o
    0x0000ade0   0x0000ade0   0x0000009c   Code   RO          590    i.msg_send_packed   send_tcp.o
    0x0000ae7c   0x0000ae7c   0x0000007c   Code   RO         2481    i.net_dhcp_while    net_dhcp.o
    0x0000aef8   0x0000aef8   0x00000068   Code   RO         2432    i.net_init          net_init.o
    0x0000af60   0x0000af60   0x0000001c   Code   RO         2433    i.net_initkeeplive  net_init.o
    0x0000af7c   0x0000af7c   0x00000014   Code   RO         2625    i.net_tcp_client_close  net_tcp_client.o
    0x0000af90   0x0000af90   0x00000074   Code   RO         2626    i.net_tcp_client_connect  net_tcp_client.o
    0x0000b004   0x0000b004   0x000000d4   Code   RO         2627    i.net_tcp_client_creat_socket  net_tcp_client.o
    0x0000b0d8   0x0000b0d8   0x0000011c   Code   RO         2628    i.net_tcp_client_data  net_tcp_client.o
    0x0000b1f4   0x0000b1f4   0x00000022   Code   RO         2629    i.net_tcp_client_reconnect  net_tcp_client.o
    0x0000b216   0x0000b216   0x0000003c   Code   RO         2630    i.net_tcp_client_send  net_tcp_client.o
    0x0000b252   0x0000b252   0x00000002   PAD
    0x0000b254   0x0000b254   0x000000b4   Code   RO         2694    i.net_udp_socket_data  udp_net.o
    0x0000b308   0x0000b308   0x00000048   Code   RO         4757    i.netif_add         CH57xNET.LIB(netif.o)
    0x0000b350   0x0000b350   0x0000000a   Code   RO         4759    i.netif_is_up       CH57xNET.LIB(netif.o)
    0x0000b35a   0x0000b35a   0x0000001e   Code   RO         4761    i.netif_set_addr    CH57xNET.LIB(netif.o)
    0x0000b378   0x0000b378   0x0000000c   Code   RO         4762    i.netif_set_default  CH57xNET.LIB(netif.o)
    0x0000b384   0x0000b384   0x00000010   Code   RO         4763    i.netif_set_down    CH57xNET.LIB(netif.o)
    0x0000b394   0x0000b394   0x00000016   Code   RO         4764    i.netif_set_gw      CH57xNET.LIB(netif.o)
    0x0000b3aa   0x0000b3aa   0x00000002   PAD
    0x0000b3ac   0x0000b3ac   0x00000084   Code   RO         4765    i.netif_set_ipaddr  CH57xNET.LIB(netif.o)
    0x0000b430   0x0000b430   0x00000016   Code   RO         4766    i.netif_set_netmask  CH57xNET.LIB(netif.o)
    0x0000b446   0x0000b446   0x0000001e   Code   RO         4767    i.netif_set_up      CH57xNET.LIB(netif.o)
    0x0000b464   0x0000b464   0x00000120   Code   RO         3864    i.new_kv            fdb_kvdb.o
    0x0000b584   0x0000b584   0x00000020   Code   RO         3865    i.new_kv_ex         fdb_kvdb.o
    0x0000b5a4   0x0000b5a4   0x00000964   Code   RO         1017    i.node_auto_link    lora_link.o
    0x0000bf08   0x0000bf08   0x00000004   Code   RO         4926    i.ntohl             CH57xNET.LIB(inet.o)
    0x0000bf0c   0x0000bf0c   0x00000004   Code   RO         4927    i.ntohs             CH57xNET.LIB(inet.o)
    0x0000bf10   0x0000bf10   0x00000240   Code   RO         3558    i.page256_or_1_byte_write  sfud.o
    0x0000c150   0x0000c150   0x00000114   Code   RO         4780    i.pbuf_alloc        CH57xNET.LIB(pbuf.o)
    0x0000c264   0x0000c264   0x00000028   Code   RO         4781    i.pbuf_cat          CH57xNET.LIB(pbuf.o)
    0x0000c28c   0x0000c28c   0x00000010   Code   RO         4782    i.pbuf_chain        CH57xNET.LIB(pbuf.o)
    0x0000c29c   0x0000c29c   0x00000012   Code   RO         4783    i.pbuf_clen         CH57xNET.LIB(pbuf.o)
    0x0000c2ae   0x0000c2ae   0x00000094   Code   RO         4785    i.pbuf_copy         CH57xNET.LIB(pbuf.o)
    0x0000c342   0x0000c342   0x0000006a   Code   RO         4786    i.pbuf_copy_partial  CH57xNET.LIB(pbuf.o)
    0x0000c3ac   0x0000c3ac   0x00000044   Code   RO         4788    i.pbuf_free         CH57xNET.LIB(pbuf.o)
    0x0000c3f0   0x0000c3f0   0x00000066   Code   RO         4789    i.pbuf_header       CH57xNET.LIB(pbuf.o)
    0x0000c456   0x0000c456   0x00000052   Code   RO         4790    i.pbuf_realloc      CH57xNET.LIB(pbuf.o)
    0x0000c4a8   0x0000c4a8   0x0000000c   Code   RO         4791    i.pbuf_ref          CH57xNET.LIB(pbuf.o)
    0x0000c4b4   0x0000c4b4   0x0000001c   Code   RO         4656    i.phy_change        CH57xNET.LIB(ch57xsock.o)
    0x0000c4d0   0x0000c4d0   0x00000054   Code   RO         4749    i.plug_holes        CH57xNET.LIB(mem.o)
    0x0000c524   0x0000c524   0x0000007c   Code   RO         3115    i.prvAddCurrentTaskToDelayedList  tasks.o
    0x0000c5a0   0x0000c5a0   0x000000a4   Code   RO         3116    i.prvAddNewTaskToReadyList  tasks.o
    0x0000c644   0x0000c644   0x00000068   Code   RO         3117    i.prvCheckTasksWaitingTermination  tasks.o
    0x0000c6ac   0x0000c6ac   0x00000012   Code   RO         3118    i.prvDeleteTCB      tasks.o
    0x0000c6be   0x0000c6be   0x00000002   PAD
    0x0000c6c0   0x0000c6c0   0x0000007c   Code   RO         3422    i.prvHeapInit       heap_4.o
    0x0000c73c   0x0000c73c   0x00000018   Code   RO         3119    i.prvIdleTask       tasks.o
    0x0000c754   0x0000c754   0x000000a4   Code   RO         3120    i.prvInitialiseNewTask  tasks.o
    0x0000c7f8   0x0000c7f8   0x00000064   Code   RO         3121    i.prvInitialiseTaskLists  tasks.o
    0x0000c85c   0x0000c85c   0x00000068   Code   RO         3423    i.prvInsertBlockIntoFreeList  heap_4.o
    0x0000c8c4   0x0000c8c4   0x00000038   Code   RO         3122    i.prvResetNextTaskUnblockTime  tasks.o
    0x0000c8fc   0x0000c8fc   0x00000014   Code   RO         3481    i.prvSetupTimerInterrupt  port.o
    0x0000c910   0x0000c910   0x00000024   Code   RO         3482    i.prvTaskExitError  port.o
    0x0000c934   0x0000c934   0x0000011c   Code   RO         3424    i.pvPortMalloc      heap_4.o
    0x0000ca50   0x0000ca50   0x00000020   Code   RO         3483    i.pxPortInitialiseStack  port.o
    0x0000ca70   0x0000ca70   0x00000098   Code   RO         1133    i.query_by_time_cb  db.o
    0x0000cb08   0x0000cb08   0x0000006c   Code   RO         1134    i.query_cb1         db.o
    0x0000cb74   0x0000cb74   0x00000018   Code   RO         4995    i.raw_bind          CH57xNET.LIB(raw.o)
    0x0000cb8c   0x0000cb8c   0x00000018   Code   RO         4996    i.raw_connect       CH57xNET.LIB(raw.o)
    0x0000cba4   0x0000cba4   0x00000074   Code   RO         4997    i.raw_input         CH57xNET.LIB(raw.o)
    0x0000cc18   0x0000cc18   0x0000002c   Code   RO         4998    i.raw_new           CH57xNET.LIB(raw.o)
    0x0000cc44   0x0000cc44   0x00000006   Code   RO         4999    i.raw_recv          CH57xNET.LIB(raw.o)
    0x0000cc4a   0x0000cc4a   0x00000002   PAD
    0x0000cc4c   0x0000cc4c   0x00000034   Code   RO         5000    i.raw_remove        CH57xNET.LIB(raw.o)
    0x0000cc80   0x0000cc80   0x0000000a   Code   RO         5001    i.raw_send          CH57xNET.LIB(raw.o)
    0x0000cc8a   0x0000cc8a   0x00000092   Code   RO         5002    i.raw_sendto        CH57xNET.LIB(raw.o)
    0x0000cd1c   0x0000cd1c   0x0000003a   Code   RO         2364    i.rbCanRead         looplist.o
    0x0000cd56   0x0000cd56   0x00000020   Code   RO         2365    i.rbCanWrite        looplist.o
    0x0000cd76   0x0000cd76   0x00000010   Code   RO         2366    i.rbCapacity        looplist.o
    0x0000cd86   0x0000cd86   0x00000016   Code   RO         2367    i.rbCreate          looplist.o
    0x0000cd9c   0x0000cd9c   0x000000a4   Code   RO         2369    i.rbRead            looplist.o
    0x0000ce40   0x0000ce40   0x000000a0   Code   RO         2370    i.rbWrite           looplist.o
    0x0000cee0   0x0000cee0   0x0000009c   Code   RO         4405    i.read              fal_flash_sfud_port.o
    0x0000cf7c   0x0000cf7c   0x000000e0   Code   RO         3560    i.read_jedec_id     sfud.o
    0x0000d05c   0x0000d05c   0x00000258   Code   RO         3867    i.read_kv           fdb_kvdb.o
    0x0000d2b4   0x0000d2b4   0x00000244   Code   RO         3868    i.read_sector_info  fdb_kvdb.o
    0x0000d4f8   0x0000d4f8   0x00000200   Code   RO         4149    i.read_sector_info  fdb_tsdb.o
    0x0000d6f8   0x0000d6f8   0x0000004a   Code   RO         4150    i.read_tsl          fdb_tsdb.o
    0x0000d742   0x0000d742   0x00000002   PAD
    0x0000d744   0x0000d744   0x00000114   Code   RO         3561    i.reset             sfud.o
    0x0000d858   0x0000d858   0x0000007c   Code   RO         4151    i.search_start_tsl_addr  fdb_tsdb.o
    0x0000d8d4   0x0000d8d4   0x00000070   Code   RO         3869    i.sector_iterator   fdb_kvdb.o
    0x0000d944   0x0000d944   0x00000070   Code   RO         4152    i.sector_iterator   fdb_tsdb.o
    0x0000d9b4   0x0000d9b4   0x00000032   Code   RO         3870    i.sector_statistics_cb  fdb_kvdb.o
    0x0000d9e6   0x0000d9e6   0x00000002   PAD
    0x0000d9e8   0x0000d9e8   0x000000fc   Code   RO          591    i.send_all_data_cb  send_tcp.o
    0x0000dae4   0x0000dae4   0x0000011c   Code   RO          592    i.send_not_upload_data_cb  send_tcp.o
    0x0000dc00   0x0000dc00   0x000000d0   Code   RO          593    i.server_import_delete_date  send_tcp.o
    0x0000dcd0   0x0000dcd0   0x000000bc   Code   RO          594    i.server_test_back_date  send_tcp.o
    0x0000dd8c   0x0000dd8c   0x0000012c   Code   RO         3562    i.set_4_byte_address_mode  sfud.o
    0x0000deb8   0x0000deb8   0x000000cc   Code   RO         3871    i.set_kv            fdb_kvdb.o
    0x0000df84   0x0000df84   0x00000114   Code   RO         3563    i.set_write_enabled  sfud.o
    0x0000e098   0x0000e098   0x0000014c   Code   RO         3564    i.sfud_chip_erase   sfud.o
    0x0000e1e4   0x0000e1e4   0x0000009c   Code   RO         3565    i.sfud_device_init  sfud.o
    0x0000e280   0x0000e280   0x000001fc   Code   RO         3566    i.sfud_erase        sfud.o
    0x0000e47c   0x0000e47c   0x00000050   Code   RO         3701    i.sfud_log_debug    sfud_port.o
    0x0000e4cc   0x0000e4cc   0x00000040   Code   RO         3702    i.sfud_log_info     sfud_port.o
    0x0000e50c   0x0000e50c   0x00000170   Code   RO         3573    i.sfud_read         sfud.o
    0x0000e67c   0x0000e67c   0x00000098   Code   RO         3574    i.sfud_read_status  sfud.o
    0x0000e714   0x0000e714   0x00000074   Code   RO         3703    i.sfud_spi_port_init  sfud_port.o
    0x0000e788   0x0000e788   0x0000004c   Code   RO         3575    i.sfud_write        sfud.o
    0x0000e7d4   0x0000e7d4   0x000000e8   Code   RO         3576    i.sfud_write_status  sfud.o
    0x0000e8bc   0x0000e8bc   0x00000060   Code   RO         3577    i.software_init     sfud.o
    0x0000e91c   0x0000e91c   0x00000004   Code   RO         3704    i.spi_lock          sfud_port.o
    0x0000e920   0x0000e920   0x00000004   Code   RO         3705    i.spi_unlock        sfud_port.o
    0x0000e924   0x0000e924   0x00000040   Code   RO         3706    i.spi_write_read    sfud_port.o
    0x0000e964   0x0000e964   0x00000022   Code   RO          595    i.sum_verify        send_tcp.o
    0x0000e986   0x0000e986   0x00000002   PAD
    0x0000e988   0x0000e988   0x000000a8   Code   RO         4807    i.tcp_abandon       CH57xNET.LIB(tcp.o)
    0x0000ea30   0x0000ea30   0x00000114   Code   RO         4810    i.tcp_alloc         CH57xNET.LIB(tcp.o)
    0x0000eb44   0x0000eb44   0x00000004   Code   RO         4811    i.tcp_arg           CH57xNET.LIB(tcp.o)
    0x0000eb48   0x0000eb48   0x000000fc   Code   RO         4812    i.tcp_bind          CH57xNET.LIB(tcp.o)
    0x0000ec44   0x0000ec44   0x000000b4   Code   RO         4813    i.tcp_close         CH57xNET.LIB(tcp.o)
    0x0000ecf8   0x0000ecf8   0x000000d0   Code   RO         4814    i.tcp_connect       CH57xNET.LIB(tcp.o)
    0x0000edc8   0x0000edc8   0x00000028   Code   RO          886    i.tcp_connected_back  tcp_data.o
    0x0000edf0   0x0000edf0   0x00000034   Code   RO          887    i.tcp_disconnected_back  tcp_data.o
    0x0000ee24   0x0000ee24   0x00000024   Code   RO         4816    i.tcp_eff_send_mss  CH57xNET.LIB(tcp.o)
    0x0000ee48   0x0000ee48   0x000003d8   Code   RO         4874    i.tcp_enqueue       CH57xNET.LIB(tcp_out.o)
    0x0000f220   0x0000f220   0x00000006   Code   RO         4817    i.tcp_err           CH57xNET.LIB(tcp.o)
    0x0000f226   0x0000f226   0x00000002   PAD
    0x0000f228   0x0000f228   0x00000068   Code   RO         4818    i.tcp_fasttmr       CH57xNET.LIB(tcp.o)
    0x0000f290   0x0000f290   0x000003d0   Code   RO         5061    i.tcp_input         CH57xNET.LIB(tcp_in.o)
    0x0000f660   0x0000f660   0x0000005a   Code   RO         4875    i.tcp_keepalive     CH57xNET.LIB(tcp_out.o)
    0x0000f6ba   0x0000f6ba   0x00000002   PAD
    0x0000f6bc   0x0000f6bc   0x000000fc   Code   RO         5062    i.tcp_listen_input  CH57xNET.LIB(tcp_in.o)
    0x0000f7b8   0x0000f7b8   0x0000000a   Code   RO         4820    i.tcp_new           CH57xNET.LIB(tcp.o)
    0x0000f7c2   0x0000f7c2   0x00000002   PAD
    0x0000f7c4   0x0000f7c4   0x0000005c   Code   RO         4821    i.tcp_new_port      CH57xNET.LIB(tcp.o)
    0x0000f820   0x0000f820   0x00000010   Code   RO         4822    i.tcp_next_iss      CH57xNET.LIB(tcp.o)
    0x0000f830   0x0000f830   0x000000b4   Code   RO         5063    i.tcp_oos_insert_segment  CH57xNET.LIB(tcp_in.o)
    0x0000f8e4   0x0000f8e4   0x00000200   Code   RO         4876    i.tcp_output        CH57xNET.LIB(tcp_out.o)
    0x0000fae4   0x0000fae4   0x000000e8   Code   RO         4877    i.tcp_output_segment  CH57xNET.LIB(tcp_out.o)
    0x0000fbcc   0x0000fbcc   0x000000b0   Code   RO         4878    i.tcp_output_set_header  CH57xNET.LIB(tcp_out.o)
    0x0000fc7c   0x0000fc7c   0x0000008c   Code   RO         5064    i.tcp_parseopt      CH57xNET.LIB(tcp_in.o)
    0x0000fd08   0x0000fd08   0x00000044   Code   RO         4823    i.tcp_pcb_purge     CH57xNET.LIB(tcp.o)
    0x0000fd4c   0x0000fd4c   0x0000005c   Code   RO         4824    i.tcp_pcb_remove    CH57xNET.LIB(tcp.o)
    0x0000fda8   0x0000fda8   0x0000000a   Code   RO         4825    i.tcp_poll          CH57xNET.LIB(tcp.o)
    0x0000fdb2   0x0000fdb2   0x00000002   PAD
    0x0000fdb4   0x0000fdb4   0x0000033c   Code   RO         5065    i.tcp_process       CH57xNET.LIB(tcp_in.o)
    0x000100f0   0x000100f0   0x00000734   Code   RO         5066    i.tcp_receive       CH57xNET.LIB(tcp_in.o)
    0x00010824   0x00010824   0x00000006   Code   RO         4826    i.tcp_recv          CH57xNET.LIB(tcp.o)
    0x0001082a   0x0001082a   0x00000014   Code   RO          888    i.tcp_recv_back     tcp_data.o
    0x0001083e   0x0001083e   0x00000024   Code   RO         4827    i.tcp_recv_null     CH57xNET.LIB(tcp.o)
    0x00010862   0x00010862   0x00000002   PAD
    0x00010864   0x00010864   0x00000048   Code   RO          936    i.tcp_recv_server_Node_Query_data  tcp_data_handle.o
    0x000108ac   0x000108ac   0x00000050   Code   RO          937    i.tcp_recv_server_Query_send_data  tcp_data_handle.o
    0x000108fc   0x000108fc   0x000000cc   Code   RO          938    i.tcp_recv_server_batch_delete_data  tcp_data_handle.o
    0x000109c8   0x000109c8   0x0000010c   Code   RO          939    i.tcp_recv_server_batch_import_data  tcp_data_handle.o
    0x00010ad4   0x00010ad4   0x00000038   Code   RO          940    i.tcp_recv_server_beat_back_data  tcp_data_handle.o
    0x00010b0c   0x00010b0c   0x00000050   Code   RO          941    i.tcp_recv_server_register_back_data  tcp_data_handle.o
    0x00010b5c   0x00010b5c   0x00000078   Code   RO          942    i.tcp_recv_server_test_node_data  tcp_data_handle.o
    0x00010bd4   0x00010bd4   0x000000e0   Code   RO          943    i.tcp_recv_server_time_back_data  tcp_data_handle.o
    0x00010cb4   0x00010cb4   0x0000003c   Code   RO          944    i.tcp_recv_server_updata_back_data  tcp_data_handle.o
    0x00010cf0   0x00010cf0   0x0000003c   Code   RO         4828    i.tcp_recved        CH57xNET.LIB(tcp.o)
    0x00010d2c   0x00010d2c   0x0000000a   Code   RO         4657    i.tcp_recved_CH57x  CH57xNET.LIB(ch57xsock.o)
    0x00010d36   0x00010d36   0x00000026   Code   RO         4658    i.tcp_recved_socket  CH57xNET.LIB(ch57xsock.o)
    0x00010d5c   0x00010d5c   0x00000050   Code   RO         4879    i.tcp_rexmit        CH57xNET.LIB(tcp_out.o)
    0x00010dac   0x00010dac   0x0000004e   Code   RO         4880    i.tcp_rexmit_fast   CH57xNET.LIB(tcp_out.o)
    0x00010dfa   0x00010dfa   0x00000030   Code   RO         4881    i.tcp_rexmit_rto    CH57xNET.LIB(tcp_out.o)
    0x00010e2a   0x00010e2a   0x00000002   PAD
    0x00010e2c   0x00010e2c   0x000000e0   Code   RO         4882    i.tcp_rst           CH57xNET.LIB(tcp_out.o)
    0x00010f0c   0x00010f0c   0x00000024   Code   RO         4829    i.tcp_seg_copy      CH57xNET.LIB(tcp.o)
    0x00010f30   0x00010f30   0x00000022   Code   RO         4830    i.tcp_seg_free      CH57xNET.LIB(tcp.o)
    0x00010f52   0x00010f52   0x0000001a   Code   RO         4831    i.tcp_segs_free     CH57xNET.LIB(tcp.o)
    0x00010f6c   0x00010f6c   0x00000016   Code   RO         4883    i.tcp_send_ctrl     CH57xNET.LIB(tcp_out.o)
    0x00010f82   0x00010f82   0x0000006e   Code   RO         4884    i.tcp_send_empty_ack  CH57xNET.LIB(tcp_out.o)
    0x00010ff0   0x00010ff0   0x00000006   Code   RO         4832    i.tcp_sent          CH57xNET.LIB(tcp.o)
    0x00010ff6   0x00010ff6   0x00000002   PAD
    0x00010ff8   0x00010ff8   0x00000270   Code   RO         4834    i.tcp_slowtmr       CH57xNET.LIB(tcp.o)
    0x00011268   0x00011268   0x00000078   Code   RO         5067    i.tcp_timewait_input  CH57xNET.LIB(tcp_in.o)
    0x000112e0   0x000112e0   0x0000001c   Code   RO         4835    i.tcp_tmr           CH57xNET.LIB(tcp.o)
    0x000112fc   0x000112fc   0x0000003c   Code   RO         4836    i.tcp_update_rcv_ann_wnd  CH57xNET.LIB(tcp.o)
    0x00011338   0x00011338   0x00000030   Code   RO         4885    i.tcp_write         CH57xNET.LIB(tcp_out.o)
    0x00011368   0x00011368   0x000000c0   Code   RO         4886    i.tcp_zero_window_probe  CH57xNET.LIB(tcp_out.o)
    0x00011428   0x00011428   0x00000024   Code   RO          357    i.time0_init        time.o
    0x0001144c   0x0001144c   0x0000002c   Code   RO          358    i.time1_init        time.o
    0x00011478   0x00011478   0x00000028   Code   RO          359    i.time3_init        time.o
    0x000114a0   0x000114a0   0x000000c4   Code   RO         1135    i.tsdb_iterator     db.o
    0x00011564   0x00011564   0x00000120   Code   RO         4153    i.tsl_append        fdb_tsdb.o
    0x00011684   0x00011684   0x00000098   Code   RO         4154    i.tsl_format_all    fdb_tsdb.o
    0x0001171c   0x0001171c   0x00000644   Code   RO          839    i.uart_data         uart_data.o
    0x00011d60   0x00011d60   0x000000d0   Code   RO          274    i.uart_init         uart.o
    0x00011e30   0x00011e30   0x00000054   Code   RO          276    i.uart_send_byte_it  uart.o
    0x00011e84   0x00011e84   0x0000009c   Code   RO         4900    i.udp_bind          CH57xNET.LIB(udp.o)
    0x00011f20   0x00011f20   0x00000088   Code   RO         4901    i.udp_connect       CH57xNET.LIB(udp.o)
    0x00011fa8   0x00011fa8   0x00000224   Code   RO         4903    i.udp_input         CH57xNET.LIB(udp.o)
    0x000121cc   0x000121cc   0x0000001a   Code   RO         4904    i.udp_new           CH57xNET.LIB(udp.o)
    0x000121e6   0x000121e6   0x00000006   Code   RO         4905    i.udp_recv          CH57xNET.LIB(udp.o)
    0x000121ec   0x000121ec   0x00000034   Code   RO         4906    i.udp_remove        CH57xNET.LIB(udp.o)
    0x00012220   0x00012220   0x0000000c   Code   RO         4907    i.udp_send          CH57xNET.LIB(udp.o)
    0x0001222c   0x0001222c   0x0000002a   Code   RO         4908    i.udp_sendto        CH57xNET.LIB(udp.o)
    0x00012256   0x00012256   0x000000ea   Code   RO         4909    i.udp_sendto_if     CH57xNET.LIB(udp.o)
    0x00012340   0x00012340   0x0000001c   Code   RO          840    i.unbind_set        uart_data.o
    0x0001235c   0x0001235c   0x00000004   Code   RO         1136    i.unlock            db.o
    0x00012360   0x00012360   0x00000090   Code   RO         4952    i.update_arp_entry  CH57xNET.LIB(etharp.o)
    0x000123f0   0x000123f0   0x00000140   Code   RO         3872    i.update_kv_cache   fdb_kvdb.o
    0x00012530   0x00012530   0x0000007c   Code   RO         3873    i.update_sec_status  fdb_kvdb.o
    0x000125ac   0x000125ac   0x00000238   Code   RO         4155    i.update_sec_status  fdb_tsdb.o
    0x000127e4   0x000127e4   0x00000096   Code   RO         3874    i.update_sector_cache  fdb_kvdb.o
    0x0001287a   0x0001287a   0x00000028   Code   RO         2907    i.uxListRemove      list.o
    0x000128a2   0x000128a2   0x0000001a   Code   RO         2908    i.vListInitialise   list.o
    0x000128bc   0x000128bc   0x00000006   Code   RO         2909    i.vListInitialiseItem  list.o
    0x000128c2   0x000128c2   0x00000036   Code   RO         2910    i.vListInsert       list.o
    0x000128f8   0x000128f8   0x00000018   Code   RO         2911    i.vListInsertEnd    list.o
    0x00012910   0x00012910   0x0000001c   Code   RO         3485    i.vPortEnterCritical  port.o
    0x0001292c   0x0001292c   0x00000028   Code   RO         3486    i.vPortExitCritical  port.o
    0x00012954   0x00012954   0x00000080   Code   RO         3425    i.vPortFree         heap_4.o
    0x000129d4   0x000129d4   0x00000018   Code   RO         3487    i.vPortYield        port.o
    0x000129ec   0x000129ec   0x00000044   Code   RO         3130    i.vTaskDelay        tasks.o
    0x00012a30   0x00012a30   0x0000006c   Code   RO         3141    i.vTaskStartScheduler  tasks.o
    0x00012a9c   0x00012a9c   0x00000010   Code   RO         3143    i.vTaskSuspendAll   tasks.o
    0x00012aac   0x00012aac   0x00000080   Code   RO         3144    i.vTaskSwitchContext  tasks.o
    0x00012b2c   0x00012b2c   0x000000d8   Code   RO         3578    i.wait_busy         sfud.o
    0x00012c04   0x00012c04   0x000000a4   Code   RO         4406    i.write             fal_flash_sfud_port.o
    0x00012ca8   0x00012ca8   0x0000003e   Code   RO         3875    i.write_kv_hdr      fdb_kvdb.o
    0x00012ce6   0x00012ce6   0x000000a6   Code   RO         4156    i.write_tsl         fdb_tsdb.o
    0x00012d8c   0x00012d8c   0x00000038   Code   RO         3488    i.xPortStartScheduler  port.o
    0x00012dc4   0x00012dc4   0x00000024   Code   RO         3489    i.xPortSysTickHandler  port.o
    0x00012de8   0x00012de8   0x0000005c   Code   RO         3146    i.xTaskCreate       tasks.o
    0x00012e44   0x00012e44   0x00000024   Code   RO         3150    i.xTaskGetSchedulerState  tasks.o
    0x00012e68   0x00012e68   0x0000013c   Code   RO         3153    i.xTaskIncrementTick  tasks.o
    0x00012fa4   0x00012fa4   0x000000f0   Code   RO         3159    i.xTaskResumeAll    tasks.o
    0x00013094   0x00013094   0x0000041d   Data   RO         3580    .constdata          sfud.o
    0x000134b1   0x000134b1   0x00000019   Data   RO         3782    .constdata          fdb.o
    0x000134ca   0x000134ca   0x00000046   Data   RO         3877    .constdata          fdb_kvdb.o
    0x00013510   0x00013510   0x00000049   Data   RO         4157    .constdata          fdb_tsdb.o
    0x00013559   0x00013559   0x00000003   PAD
    0x0001355c   0x0001355c   0x00000423   Data   RO         4295    .constdata          fdb_utils.o
    0x0001397f   0x0001397f   0x00000009   Data   RO         4360    .constdata          fal.o
    0x00013988   0x00013988   0x00000029   Data   RO         4381    .constdata          fal_flash.o
    0x000139b1   0x000139b1   0x00000011   Data   RO         4407    .constdata          fal_flash_sfud_port.o
    0x000139c2   0x000139c2   0x00000002   PAD
    0x000139c4   0x000139c4   0x00000139   Data   RO         4460    .constdata          fal_partition.o
    0x00013afd   0x00013afd   0x00000010   Data   RO         4660    .constdata          CH57xNET.LIB(ch57xsock.o)
    0x00013b0d   0x00013b0d   0x0000001b   Data   RO         4837    .constdata          CH57xNET.LIB(tcp.o)
    0x00013b28   0x00013b28   0x00000004   Data   RO         4937    .constdata          CH57xNET.LIB(ip_addr.o)
    0x00013b2c   0x00013b2c   0x00000004   Data   RO         4938    .constdata          CH57xNET.LIB(ip_addr.o)
    0x00013b30   0x00013b30   0x0000000c   Data   RO         4953    .constdata          CH57xNET.LIB(etharp.o)
    0x00013b3c   0x00013b3c   0x00000041   Data   RO         1138    .conststring        db.o
    0x00013b7d   0x00013b7d   0x00000003   PAD
    0x00013b80   0x00013b80   0x000001fd   Data   RO         3581    .conststring        sfud.o
    0x00013d7d   0x00013d7d   0x00000003   PAD
    0x00013d80   0x00013d80   0x00000093   Data   RO         3783    .conststring        fdb.o
    0x00013e13   0x00013e13   0x00000001   PAD
    0x00013e14   0x00013e14   0x000001c3   Data   RO         3878    .conststring        fdb_kvdb.o
    0x00013fd7   0x00013fd7   0x00000001   PAD
    0x00013fd8   0x00013fd8   0x00000101   Data   RO         4158    .conststring        fdb_tsdb.o
    0x000140d9   0x000140d9   0x00000003   PAD
    0x000140dc   0x000140dc   0x0000005b   Data   RO         4382    .conststring        fal_flash.o
    0x00014137   0x00014137   0x00000001   PAD
    0x00014138   0x00014138   0x00000011   Data   RO         4408    .conststring        fal_flash_sfud_port.o
    0x00014149   0x00014149   0x00000003   PAD
    0x0001414c   0x0001414c   0x00000132   Data   RO         4461    .conststring        fal_partition.o
    0x0001427e   0x0001427e   0x00000002   PAD
    0x00014280   0x00014280   0x00000075   Data   RO         4838    .conststring        CH57xNET.LIB(tcp.o)
    0x000142f5   0x000142f5   0x00000003   PAD
    0x000142f8   0x000142f8   0x00000020   Data   RO         5464    Region$$Table       anon$$obj.o


    Execution Region RW_IRAM1 (Exec base: 0x20000000, Load base: 0x00014318, Size: 0x00006920, Max: 0x00008000, ABSOLUTE, COMPRESSED[0x000000f0])

    Exec Addr    Load Addr    Size         Type   Attr      Idx    E Section Name        Object

    0x20000000   COMPRESSED   0x0000000c   Data   RW            8    .data               main.o
    0x2000000c   COMPRESSED   0x00000031   Data   RW          279    .data               uart.o
    0x2000003d   COMPRESSED   0x0000000b   Data   RW          360    .data               time.o
    0x20000048   COMPRESSED   0x00000010   Data   RW          538    .data               timswitch.o
    0x20000058   COMPRESSED   0x00000020   Data   RW          597    .data               send_tcp.o
    0x20000078   COMPRESSED   0x00000010   Data   RW          841    .data               uart_data.o
    0x20000088   COMPRESSED   0x00000008   Data   RW          946    .data               tcp_data_handle.o
    0x20000090   COMPRESSED   0x0000000a   Data   RW         1018    .data               lora_link.o
    0x2000009a   COMPRESSED   0x00000036   Data   RW         2435    .data               net_init.o
    0x200000d0   COMPRESSED   0x00000015   Data   RW         2482    .data               net_dhcp.o
    0x200000e5   COMPRESSED   0x00000003   PAD
    0x200000e8   COMPRESSED   0x00000028   Data   RW         2696    .data               udp_net.o
    0x20000110   COMPRESSED   0x0000003c   Data   RW         3162    .data               tasks.o
    0x2000014c   COMPRESSED   0x00000018   Data   RW         3430    .data               heap_4.o
    0x20000164   COMPRESSED   0x00000004   Data   RW         3490    .data               port.o
    0x20000168   COMPRESSED   0x00000001   Data   RW         3784    .data               fdb.o
    0x20000169   COMPRESSED   0x00000001   Data   RW         4361    .data               fal.o
    0x2000016a   COMPRESSED   0x00000001   Data   RW         4383    .data               fal_flash.o
    0x2000016b   COMPRESSED   0x00000001   PAD
    0x2000016c   COMPRESSED   0x0000008c   Data   RW         4409    .data               fal_flash_sfud_port.o
    0x200001f8   COMPRESSED   0x00000014   Data   RW         4462    .data               fal_partition.o
    0x2000020c   COMPRESSED   0x00000008   Data   RW         4564    .data               CH57xNET.LIB(ch57xnet_dhcp.o)
    0x20000214   COMPRESSED   0x00000010   Data   RW         4661    .data               CH57xNET.LIB(ch57xsock.o)
    0x20000224   COMPRESSED   0x00000004   Data   RW         4732    .data               CH57xNET.LIB(eth.o)
    0x20000228   COMPRESSED   0x00000010   Data   RW         4750    .data               CH57xNET.LIB(mem.o)
    0x20000238   COMPRESSED   0x0000000c   Data   RW         4768    .data               CH57xNET.LIB(netif.o)
    0x20000244   COMPRESSED   0x0000004c   Data   RW         4839    .data               CH57xNET.LIB(tcp.o)
    0x20000290   COMPRESSED   0x00000004   Data   RW         4910    .data               CH57xNET.LIB(udp.o)
    0x20000294   COMPRESSED   0x00000008   Data   RW         4954    .data               CH57xNET.LIB(etharp.o)
    0x2000029c   COMPRESSED   0x00000040   Data   RW         4981    .data               CH57xNET.LIB(ethernetif.o)
    0x200002dc   COMPRESSED   0x00000004   Data   RW         5003    .data               CH57xNET.LIB(raw.o)
    0x200002e0   COMPRESSED   0x00000010   Data   RW         5038    .data               CH57xNET.LIB(ch57xnet_nds.o)
    0x200002f0   COMPRESSED   0x0000000c   Data   RW         5057    .data               CH57xNET.LIB(memp.o)
    0x200002fc   COMPRESSED   0x0000001c   Data   RW         5069    .data               CH57xNET.LIB(tcp_in.o)
    0x20000318   COMPRESSED   0x0000000c   Data   RW         5087    .data               CH57xNET.LIB(ip.o)
    0x20000324   COMPRESSED   0x00000004   Data   RW         5436    .data               mc_p.l(stdout.o)
    0x20000328        -       0x00000640   Zero   RW          278    .bss                uart.o
    0x20000968        -       0x00000018   Zero   RW          501    .bss                rtc.o
    0x20000980        -       0x0000000e   Zero   RW          537    .bss                timswitch.o
    0x2000098e   COMPRESSED   0x00000002   PAD
    0x20000990        -       0x000000ac   Zero   RW          596    .bss                send_tcp.o
    0x20000a3c        -       0x00000384   Zero   RW          945    .bss                tcp_data_handle.o
    0x20000dc0        -       0x0000035c   Zero   RW         1137    .bss                db.o
    0x2000111c   COMPRESSED   0x00000004   PAD
    0x20001120        -       0x00003158   Zero   RW         2434    .bss                net_init.o
    0x20004278        -       0x00000450   Zero   RW         2631    .bss                net_tcp_client.o
    0x200046c8        -       0x000000c8   Zero   RW         2695    .bss                udp_net.o
    0x20004790        -       0x000000f0   Zero   RW         3161    .bss                tasks.o
    0x20004880        -       0x00001400   Zero   RW         3429    .bss                heap_4.o
    0x20005c80        -       0x00000105   Zero   RW         3579    .bss                sfud.o
    0x20005d85        -       0x00000100   Zero   RW         3707    .bss                sfud_port.o
    0x20005e85   COMPRESSED   0x00000003   PAD
    0x20005e88        -       0x00000064   Zero   RW         4659    .bss                CH57xNET.LIB(ch57xsock.o)
    0x20005eec   COMPRESSED   0x00000004   PAD
    0x20005ef0        -       0x0000077c   Zero   RW         4980    .bss                CH57xNET.LIB(ethernetif.o)
    0x2000666c        -       0x0000000a   Zero   RW         5020    .bss                CH57xNET.LIB(ipcheck.o)
    0x20006676   COMPRESSED   0x00000002   PAD
    0x20006678        -       0x00000274   Zero   RW         5037    .bss                CH57xNET.LIB(ch57xnet_nds.o)
    0x200068ec        -       0x00000020   Zero   RW         5056    .bss                CH57xNET.LIB(memp.o)
    0x2000690c        -       0x00000014   Zero   RW         5068    .bss                CH57xNET.LIB(tcp_in.o)


==============================================================================

Image component sizes


      Code (inc. data)   RO Data    RW Data    ZI Data      Debug   Object Name

      1156         56          0          0          0       5285   ch57x_clk.o
        28          4          0          0          0        556   ch57x_flash.o
       336         32          0          0          0       1811   ch57x_gpio.o
       152          6          0          0          0        566   ch57x_int.o
       256         12          0          0          0       1204   ch57x_pwr.o
       340         24          0          0          0       3196   ch57x_spi1.o
       112          8          0          0          0       2181   ch57x_sys.o
        20          4          0          0          0        517   ch57x_timer0.o
        20          4          0          0          0        517   ch57x_timer1.o
        20          4          0          0          0        517   ch57x_timer3.o
       124         14          0          0          0       1643   ch57x_uart0.o
       124         14          0          0          0       1643   ch57x_uart3.o
         0          0          0          0          0       6672   croutine.o
      1156        444         65          0        860      10335   db.o
         0          0          0          0          0       1476   event_groups.o
       276        176          9          1          0        791   fal.o
       496        216        132          1          0       2069   fal_flash.o
       544        244         34        140          0       3576   fal_flash_sfud_port.o
      2420       1258        619         20          0       8686   fal_partition.o
       914        414        172          1          0       2999   fdb.o
      9034       2098        521          0          0      44137   fdb_kvdb.o
      4662        980        330          0          0      21369   fdb_tsdb.o
       788        186       1059          0          0       9236   fdb_utils.o
       640         60          0         24       5120       4239   heap_4.o
        56          4          0          0          0        934   led.o
       150          0          0          0          0       3110   list.o
       496          0          0          0          0       5758   looplist.o
      2608        632          0         10          0       5077   lora_link.o
       314         84          0         12          0      84898   main.o
       448        206          0         21          0       2556   net_dhcp.o
       270         62          0         54      12632       4235   net_init.o
      1322        522          0          0       1104       7346   net_tcp_client.o
       394         56          0          4          0       6480   port.o
        28          6          0          0         24       1296   rtc.o
      2342        612          0         32        172      16821   send_tcp.o
      5264       2110       1562          0        261      17583   sfud.o
       332         68          0          0        256       8682   sfud_port.o
        28         10        144          0          0        592   startup_armcm0.o
        16          0          0          0          0        466   sys_tick.o
      1758        254          0         60        240      14314   tasks.o
       540        238          0          0          0       3565   tcp_data.o
      1164        484          0          8        900       7021   tcp_data_handle.o
       612        114          0         11          0      10661   time.o
       938         74          0         16         14       4874   timswitch.o
      1160        214          0         49       1600      12678   uart.o
      1768        574          0         16          0       9255   uart_data.o
       364        132          0         40        200       2977   udp_net.o

    ----------------------------------------------------------------------
     46026      12714       4701        524      23392     366400   Object Totals
         0          0         32          0          0          0   (incl. Generated)
        36          0         22          4          9          0   (incl. Padding)

    ----------------------------------------------------------------------

      Code (inc. data)   RO Data    RW Data    ZI Data      Debug   Library Member Name

      4074        148          0          8          0       2356   ch57xnet_dhcp.o
        56          6          0         16        628         72   ch57xnet_nds.o
      4070        330         16         16        100       3140   ch57xsock.o
       644         80          0          4          0        352   eth.o
      1600         68         12          8          0        856   etharp.o
      1368        234          0         64       1916        672   ethernetif.o
        36         14          0          0          0         68   hal.o
       618          6          0          0          0        228   icmp.o
        16          0          0          0          0        240   inet.o
       254          0          0          0          0        292   inet_chksum.o
        28          6          0          0          0         68   init.o
       990         32          0         12          0        324   ip.o
        58          0          8          0          0         68   ip_addr.o
       346          0          0          0          0         84   ip_frag.o
       208         32          0          0         10        284   ipcheck.o
       604         44          0         16          0        364   mem.o
       128         18          0         12         32        196   memp.o
       346         18          0         12          0        608   netif.o
       868          6          0          0          0        704   pbuf.o
       422         18          0          4          0        568   raw.o
      2520        104        144         76          0       1916   tcp.o
      4340        114          0         28         20        544   tcp_in.o
      2796         48          0          0          0        968   tcp_out.o
      1212         30          0          4          0        664   udp.o
        86          0          0          0          0          0   __dczerorl2.o
         0          0          0          0          0          0   entry.o
         0          0          0          0          0          0   entry10a.o
         0          0          0          0          0          0   entry11a.o
         4          0          0          0          0          0   entry12b.o
         8          4          0          0          0          0   entry2.o
         4          0          0          0          0          0   entry5.o
         0          0          0          0          0          0   entry7b.o
         0          0          0          0          0          0   entry8b.o
         8          4          0          0          0          0   entry9a.o
        30          0          0          0          0          0   handlers.o
        40          0          0          0          0         72   idiv.o
        36          8          0          0          0         68   init.o
         0          0          0          0          0          0   iusefp.o
        32          0          0          0          0         68   llshl.o
        38          0          0          0          0         68   llsshr.o
        34          0          0          0          0         68   llushr.o
        36          0          0          0          0         60   memcpya.o
        36          0          0          0          0        100   memseta.o
      2326        102          0          0          0        544   printfa.o
         0          0          0          4          0          0   stdout.o
        28          0          0          0          0         68   strcmp.o
        18          0          0          0          0         60   strcpy.o
        14          0          0          0          0         60   strlen.o
        30          0          0          0          0         72   strncmp.o
        26          0          0          0          0         68   strncpy.o
        44          0          0          0          0         72   uidiv.o
        96          0          0          0          0         84   uldiv.o
        20          0          0          0          0         60   uread4.o
        18          0          0          0          0         60   uwrite4.o
        40          2          0          0          0         68   cdrcmple.o
       360          6          0          0          0        140   dadd.o
       240          6          0          0          0         84   ddiv.o
       236          0          0          0          0        216   depilogue.o
        64         10          0          0          0         68   dfixul.o
       208          6          0          0          0         88   dmul.o

    ----------------------------------------------------------------------
     31802       1504        183        284       2712      17952   Library Totals
        40          0          3          0          6          0   (incl. Padding)

    ----------------------------------------------------------------------

      Code (inc. data)   RO Data    RW Data    ZI Data      Debug   Library Name

     27602       1356        180        280       2706      15636   CH57xNET.LIB
      3012        118          0          4          0       1652   mc_p.l
      1148         30          0          0          0        664   mf_p.l

    ----------------------------------------------------------------------
     31802       1504        183        284       2712      17952   Library Totals

    ----------------------------------------------------------------------

==============================================================================


      Code (inc. data)   RO Data    RW Data    ZI Data      Debug   

     77828      14218       4884        808      26104     361196   Grand Totals
     77828      14218       4884        240      26104     361196   ELF Image Totals (compressed)
     77828      14218       4884        240          0          0   ROM Totals

==============================================================================

    Total RO  Size (Code + RO Data)                82712 (  80.77kB)
    Total RW  Size (RW Data + ZI Data)             26912 (  26.28kB)
    Total ROM Size (Code + RO Data + RW Data)      82952 (  81.01kB)

==============================================================================

