<!doctype html public "-//w3c//dtd html 4.0 transitional//en">
<html><head>
<title>Static Call Graph - [.\Objects\project.axf]</title></head>
<body><HR>
<H1>Static Call Graph for image .\Objects\project.axf</H1><HR>
<BR><P>#&#060CALLGRAPH&#062# ARM Linker, 5060960: Last Updated: Wed Aug 21 15:52:43 2024
<BR><P>
<H3>Maximum Stack Usage =       1000 bytes + Unknown(Cycles, Untraceable Function Pointers)</H3><H3>
Call chain for Maximum Stack Depth:</H3>
tcp_recv_back &rArr; TCP_recv_date_handle &rArr; tcp_recv_server_time_back_data &rArr; db_init &rArr; fdb_kvdb_init &rArr; _fdb_kv_load &rArr; fdb_kv_set_default &rArr; create_kv_blob &rArr; new_kv &rArr; gc_collect_by_free_size &rArr; sector_iterator &rArr; read_sector_info &rArr; read_kv &rArr; _fdb_write_status &rArr; _fdb_flash_write &rArr; fal_partition_write &rArr; flash_device_find_by_part &rArr; __2printf
<P>
<H3>
Mutually Recursive functions
</H3> <LI><a href="#[6]">HardFault_Handler</a>&nbsp;&nbsp;&nbsp;&rArr;&nbsp;&nbsp;&nbsp;<a href="#[6]">HardFault_Handler</a><BR>
 <LI><a href="#[17]">ADC_IRQHandler</a>&nbsp;&nbsp;&nbsp;&rArr;&nbsp;&nbsp;&nbsp;<a href="#[17]">ADC_IRQHandler</a><BR>
 <LI><a href="#[6f]">CH57xScokedIntHandle</a>&nbsp;&nbsp;&nbsp;&rArr;&nbsp;&nbsp;&nbsp;<a href="#[98]">tcp_close</a><BR>
 <LI><a href="#[11b]">rbRead</a>&nbsp;&nbsp;&nbsp;&rArr;&nbsp;&nbsp;&nbsp;<a href="#[11b]">rbRead</a><BR>
 <LI><a href="#[f4]">rbWrite</a>&nbsp;&nbsp;&nbsp;&rArr;&nbsp;&nbsp;&nbsp;<a href="#[f4]">rbWrite</a><BR>
</UL>
<P>
<H3>
Function Pointers
</H3><UL>
 <LI><a href="#[17]">ADC_IRQHandler</a> from startup_armcm0.o(.text) referenced from startup_armcm0.o(RESET)
 <LI><a href="#[e]">BB_IRQHandler</a> from startup_armcm0.o(.text) referenced from startup_armcm0.o(RESET)
 <LI><a href="#[4d]">CH57xNET_DHCPCallBack</a> from net_dhcp.o(i.CH57xNET_DHCPCallBack) referenced from net_dhcp.o(i.net_dhcp_while)
 <LI><a href="#[28]">CH57xSocketTCPReceive</a> from ch57xsock.o(i.CH57xSocketTCPReceive) referenced from ch57xsock.o(i.LwipTcpConnectedCallBack)
 <LI><a href="#[27]">CH57xTCPError</a> from ch57xsock.o(i.CH57xTCPError) referenced from ch57xsock.o(i.CH57xNET_SocketCreat)
 <LI><a href="#[11]">ETH_IRQHandler</a> from net_init.o(i.ETH_IRQHandler) referenced from startup_armcm0.o(RESET)
 <LI><a href="#[b]">GPIO_IRQHandler</a> from startup_armcm0.o(.text) referenced from startup_armcm0.o(RESET)
 <LI><a href="#[6]">HardFault_Handler</a> from startup_armcm0.o(.text) referenced from startup_armcm0.o(RESET)
 <LI><a href="#[19]">LED_IRQHandler</a> from startup_armcm0.o(.text) referenced from startup_armcm0.o(RESET)
 <LI><a href="#[f]">LLE_IRQHandler</a> from startup_armcm0.o(.text) referenced from startup_armcm0.o(RESET)
 <LI><a href="#[2a]">LwipTCPPollCallBack</a> from ch57xsock.o(i.LwipTCPPollCallBack) referenced from ch57xsock.o(i.LwipTcpConnectedCallBack)
 <LI><a href="#[29]">LwipTCPSendCallBack</a> from ch57xsock.o(i.LwipTCPSendCallBack) referenced from ch57xsock.o(i.LwipTcpConnectedCallBack)
 <LI><a href="#[24]">LwipTcpConnectedCallBack</a> from ch57xsock.o(i.LwipTcpConnectedCallBack) referenced from ch57xsock.o(i.CH57xNET_SocketConnect)
 <LI><a href="#[5]">NMI_Handler</a> from ch57x_int.o(i.NMI_Handler) referenced from startup_armcm0.o(RESET)
 <LI><a href="#[8]">PendSV_Handler</a> from port.o(.emb_text) referenced from startup_armcm0.o(RESET)
 <LI><a href="#[16]">RTC_IRQHandler</a> from startup_armcm0.o(.text) referenced from startup_armcm0.o(RESET)
 <LI><a href="#[4]">Reset_Handler</a> from startup_armcm0.o(.text) referenced from startup_armcm0.o(RESET)
 <LI><a href="#[c]">SLAVE_IRQHandler</a> from startup_armcm0.o(.text) referenced from startup_armcm0.o(RESET)
 <LI><a href="#[d]">SPI0_IRQHandler</a> from startup_armcm0.o(.text) referenced from startup_armcm0.o(RESET)
 <LI><a href="#[18]">SPI1_IRQHandler</a> from startup_armcm0.o(.text) referenced from startup_armcm0.o(RESET)
 <LI><a href="#[7]">SVC_Handler</a> from port.o(i.SVC_Handler) referenced from startup_armcm0.o(RESET)
 <LI><a href="#[25]">SocketIPRAWReceive</a> from ch57xsock.o(i.SocketIPRAWReceive) referenced from ch57xsock.o(i.CH57xNET_SocketCreat)
 <LI><a href="#[26]">SocketUdpReceive</a> from ch57xsock.o(i.SocketUdpReceive) referenced from ch57xsock.o(i.CH57xNET_SocketCreat)
 <LI><a href="#[2b]">StartTask01</a> from main.o(i.StartTask01) referenced from main.o(i.MX_FREERTOS_Init)
 <LI><a href="#[2c]">StartTask02</a> from main.o(i.StartTask02) referenced from main.o(i.MX_FREERTOS_Init)
 <LI><a href="#[2d]">StartTask03</a> from main.o(i.StartTask03) referenced from main.o(i.MX_FREERTOS_Init)
 <LI><a href="#[9]">SysTick_Handler</a> from sys_tick.o(i.SysTick_Handler) referenced from startup_armcm0.o(RESET)
 <LI><a href="#[1f]">SystemInit</a> from ch57x_clk.o(i.SystemInit) referenced from startup_armcm0.o(.text)
 <LI><a href="#[a]">TMR0_IRQHandler</a> from time.o(i.TMR0_IRQHandler) referenced from startup_armcm0.o(RESET)
 <LI><a href="#[12]">TMR1_IRQHandler</a> from time.o(i.TMR1_IRQHandler) referenced from startup_armcm0.o(RESET)
 <LI><a href="#[13]">TMR2_IRQHandler</a> from startup_armcm0.o(.text) referenced from startup_armcm0.o(RESET)
 <LI><a href="#[1a]">TMR3_IRQHandler</a> from time.o(i.TMR3_IRQHandler) referenced from startup_armcm0.o(RESET)
 <LI><a href="#[14]">UART0_IRQHandler</a> from uart.o(i.UART0_IRQHandler) referenced from startup_armcm0.o(RESET)
 <LI><a href="#[15]">UART1_IRQHandler</a> from startup_armcm0.o(.text) referenced from startup_armcm0.o(RESET)
 <LI><a href="#[1b]">UART2_IRQHandler</a> from startup_armcm0.o(.text) referenced from startup_armcm0.o(RESET)
 <LI><a href="#[1c]">UART3_IRQHandler</a> from uart.o(i.UART3_IRQHandler) referenced from startup_armcm0.o(RESET)
 <LI><a href="#[10]">USB_IRQHandler</a> from startup_armcm0.o(.text) referenced from startup_armcm0.o(RESET)
 <LI><a href="#[1d]">WDT_IRQHandler</a> from startup_armcm0.o(.text) referenced from startup_armcm0.o(RESET)
 <LI><a href="#[20]">__main</a> from entry.o(.ARM.Collect$$$$00000000) referenced from startup_armcm0.o(.text)
 <LI><a href="#[32]">_snputc</a> from printfa.o(i._snputc) referenced from printfa.o(i.__0vsnprintf)
 <LI><a href="#[37]">alloc_kv_cb</a> from fdb_kvdb.o(i.alloc_kv_cb) referenced from fdb_kvdb.o(i.alloc_kv)
 <LI><a href="#[34]">check_and_recovery_gc_cb</a> from fdb_kvdb.o(i.check_and_recovery_gc_cb) referenced from fdb_kvdb.o(i._fdb_kv_load)
 <LI><a href="#[35]">check_and_recovery_kv_cb</a> from fdb_kvdb.o(i.check_and_recovery_kv_cb) referenced from fdb_kvdb.o(i._fdb_kv_load)
 <LI><a href="#[44]">check_oldest_addr_cb</a> from fdb_kvdb.o(i.check_oldest_addr_cb) referenced from fdb_kvdb.o(i.fdb_kvdb_init)
 <LI><a href="#[33]">check_sec_hdr_cb</a> from fdb_kvdb.o(i.check_sec_hdr_cb) referenced from fdb_kvdb.o(i._fdb_kv_load)
 <LI><a href="#[45]">check_sec_hdr_cb</a> from fdb_tsdb.o(i.check_sec_hdr_cb) referenced from fdb_tsdb.o(i.fdb_tsdb_init)
 <LI><a href="#[23]">dhcp_arp_reply</a> from ch57xnet_dhcp.o(i.dhcp_arp_reply) referenced from ch57xnet_dhcp.o(i.CH57xNET_DHCPStart)
 <LI><a href="#[30]">dhcp_callback</a> from tcp_data.o(i.dhcp_callback) referenced from main.o(i.StartTask01)
 <LI><a href="#[22]">dhcp_coarse_tmr</a> from ch57xnet_dhcp.o(i.dhcp_coarse_tmr) referenced from ch57xnet_dhcp.o(i.CH57xNET_DHCPStart)
 <LI><a href="#[21]">dhcp_fine_tmr</a> from ch57xnet_dhcp.o(i.dhcp_fine_tmr) referenced from ch57xnet_dhcp.o(i.CH57xNET_DHCPStart)
 <LI><a href="#[41]">dhcp_recv</a> from ch57xnet_dhcp.o(i.dhcp_recv) referenced from ch57xnet_dhcp.o(i.dhcp_start)
 <LI><a href="#[4c]">do_gc</a> from fdb_kvdb.o(i.do_gc) referenced from fdb_kvdb.o(i.gc_collect_by_free_size)
 <LI><a href="#[3]">erase</a> from fal_flash_sfud_port.o(i.erase) referenced 2 times from fal_flash_sfud_port.o(.data)
 <LI><a href="#[42]">etharp_output</a> from etharp.o(i.etharp_output) referenced from ethernetif.o(i.ethernetif_init)
 <LI><a href="#[2e]">ethernet_input</a> from etharp.o(i.ethernet_input) referenced from ethernetif.o(i.SetupNetif)
 <LI><a href="#[2f]">ethernetif_init</a> from ethernetif.o(i.ethernetif_init) referenced from ethernetif.o(i.SetupNetif)
 <LI><a href="#[4a]">find_kv_cb</a> from fdb_kvdb.o(i.find_kv_cb) referenced from fdb_kvdb.o(i.find_kv_no_cache)
 <LI><a href="#[54]">format_all_cb</a> from fdb_tsdb.o(i.format_all_cb) referenced from fdb_tsdb.o(i.tsl_format_all)
 <LI><a href="#[31]">fputc</a> from ch57x_sys.o(i.fputc) referenced from printfa.o(i.__0printf)
 <LI><a href="#[4b]">gc_check_cb</a> from fdb_kvdb.o(i.gc_check_cb) referenced from fdb_kvdb.o(i.gc_collect_by_free_size)
 <LI><a href="#[48]">get_last_sector_addr</a> from fdb_tsdb.o(i.get_last_sector_addr) referenced from fdb_tsdb.o(i.fdb_tsl_iter_by_time)
 <LI><a href="#[49]">get_last_tsl_addr</a> from fdb_tsdb.o(i.get_last_tsl_addr) referenced from fdb_tsdb.o(i.fdb_tsl_iter_by_time)
 <LI><a href="#[46]">get_next_sector_addr</a> from fdb_tsdb.o(i.get_next_sector_addr) referenced from fdb_tsdb.o(i.fdb_tsl_iter_by_time)
 <LI><a href="#[47]">get_next_tsl_addr</a> from fdb_tsdb.o(i.get_next_tsl_addr) referenced from fdb_tsdb.o(i.fdb_tsl_iter_by_time)
 <LI><a href="#[3a]">get_time</a> from db.o(i.get_time) referenced from db.o(i.db_init)
 <LI><a href="#[0]">init</a> from fal_flash_sfud_port.o(i.init) referenced 2 times from fal_flash_sfud_port.o(.data)
 <LI><a href="#[38]">lock</a> from db.o(i.lock) referenced from db.o(i.db_init)
 <LI><a href="#[43]">low_level_output</a> from ethernetif.o(i.low_level_output) referenced from ethernetif.o(i.ethernetif_init)
 <LI><a href="#[1e]">main</a> from main.o(i.main) referenced from entry9a.o(.ARM.Collect$$$$0000000B)
 <LI><a href="#[55]">prvIdleTask</a> from tasks.o(i.prvIdleTask) referenced from tasks.o(i.vTaskStartScheduler)
 <LI><a href="#[4e]">prvTaskExitError</a> from port.o(i.prvTaskExitError) referenced from port.o(i.pxPortInitialiseStack)
 <LI><a href="#[3d]">query_by_time_cb</a> from db.o(i.query_by_time_cb) referenced from db.o(i.db_set_current_tsl_status)
 <LI><a href="#[53]">query_cb1</a> from db.o(i.query_cb1) referenced from db.o(i.tsdb_iterator)
 <LI><a href="#[1]">read</a> from fal_flash_sfud_port.o(i.read) referenced 2 times from fal_flash_sfud_port.o(.data)
 <LI><a href="#[36]">sector_statistics_cb</a> from fdb_kvdb.o(i.sector_statistics_cb) referenced from fdb_kvdb.o(i.alloc_kv)
 <LI><a href="#[3c]">send_all_data_cb</a> from send_tcp.o(i.send_all_data_cb) referenced from db.o(i.db_query_send)
 <LI><a href="#[3b]">send_not_upload_data_cb</a> from send_tcp.o(i.send_not_upload_data_cb) referenced from db.o(i.db_query_send)
 <LI><a href="#[50]">spi_lock</a> from sfud_port.o(i.spi_lock) referenced from sfud_port.o(i.sfud_spi_port_init)
 <LI><a href="#[51]">spi_unlock</a> from sfud_port.o(i.spi_unlock) referenced from sfud_port.o(i.sfud_spi_port_init)
 <LI><a href="#[4f]">spi_write_read</a> from sfud_port.o(i.spi_write_read) referenced from sfud_port.o(i.sfud_spi_port_init)
 <LI><a href="#[40]">tcp_connected_back</a> from tcp_data.o(i.tcp_connected_back) referenced from tcp_data.o(i.dhcp_callback)
 <LI><a href="#[3f]">tcp_disconnected_back</a> from tcp_data.o(i.tcp_disconnected_back) referenced from tcp_data.o(i.dhcp_callback)
 <LI><a href="#[3e]">tcp_recv_back</a> from tcp_data.o(i.tcp_recv_back) referenced from tcp_data.o(i.dhcp_callback)
 <LI><a href="#[52]">tcp_recv_null</a> from tcp.o(i.tcp_recv_null) referenced from tcp.o(i.tcp_alloc)
 <LI><a href="#[39]">unlock</a> from db.o(i.unlock) referenced from db.o(i.db_init)
 <LI><a href="#[2]">write</a> from fal_flash_sfud_port.o(i.write) referenced 2 times from fal_flash_sfud_port.o(.data)
</UL>
<P>
<H3>
Global Symbols
</H3>
<P><STRONG><a name="[20]"></a>__main</STRONG> (Thumb, 0 bytes, Stack size unknown bytes, entry.o(.ARM.Collect$$$$00000000))
<BR>[Address Reference Count : 1]<UL><LI> startup_armcm0.o(.text)
</UL>
<P><STRONG><a name="[23d]"></a>_main_stk</STRONG> (Thumb, 0 bytes, Stack size unknown bytes, entry2.o(.ARM.Collect$$$$00000001))

<P><STRONG><a name="[56]"></a>_main_scatterload</STRONG> (Thumb, 0 bytes, Stack size unknown bytes, entry5.o(.ARM.Collect$$$$00000004))
<BR><BR>[Calls]<UL><LI><a href="#[57]">&gt;&gt;</a>&nbsp;&nbsp;&nbsp;__scatterload
</UL>

<P><STRONG><a name="[6c]"></a>__main_after_scatterload</STRONG> (Thumb, 0 bytes, Stack size unknown bytes, entry5.o(.ARM.Collect$$$$00000004))
<BR><BR>[Called By]<UL><LI><a href="#[57]">&gt;&gt;</a>&nbsp;&nbsp;&nbsp;__scatterload
</UL>

<P><STRONG><a name="[23e]"></a>_main_clock</STRONG> (Thumb, 0 bytes, Stack size unknown bytes, entry7b.o(.ARM.Collect$$$$00000008))

<P><STRONG><a name="[23f]"></a>_main_cpp_init</STRONG> (Thumb, 0 bytes, Stack size unknown bytes, entry8b.o(.ARM.Collect$$$$0000000A))

<P><STRONG><a name="[240]"></a>_main_init</STRONG> (Thumb, 0 bytes, Stack size unknown bytes, entry9a.o(.ARM.Collect$$$$0000000B))

<P><STRONG><a name="[58]"></a>__rt_lib_shutdown_fini</STRONG> (Thumb, 0 bytes, Stack size unknown bytes, entry12b.o(.ARM.Collect$$$$0000000E))
<BR><BR>[Calls]<UL><LI><a href="#[59]">&gt;&gt;</a>&nbsp;&nbsp;&nbsp;__arm_fini_ (Weak Reference)
</UL>

<P><STRONG><a name="[241]"></a>__rt_final_cpp</STRONG> (Thumb, 0 bytes, Stack size unknown bytes, entry10a.o(.ARM.Collect$$$$0000000F))

<P><STRONG><a name="[242]"></a>__rt_final_exit</STRONG> (Thumb, 0 bytes, Stack size unknown bytes, entry11a.o(.ARM.Collect$$$$00000011))

<P><STRONG><a name="[238]"></a>__asm___6_port_c_39a90d8d__prvPortStartFirstTask</STRONG> (Thumb, 36 bytes, Stack size 0 bytes, port.o(.emb_text))
<BR><BR>[Called By]<UL><LI><a href="#[236]">&gt;&gt;</a>&nbsp;&nbsp;&nbsp;xPortStartScheduler
</UL>

<P><STRONG><a name="[239]"></a>ulSetInterruptMaskFromISR</STRONG> (Thumb, 8 bytes, Stack size 0 bytes, port.o(.emb_text))
<BR><BR>[Called By]<UL><LI><a href="#[10a]">&gt;&gt;</a>&nbsp;&nbsp;&nbsp;xPortSysTickHandler
</UL>

<P><STRONG><a name="[23b]"></a>vClearInterruptMaskFromISR</STRONG> (Thumb, 6 bytes, Stack size 0 bytes, port.o(.emb_text))
<BR><BR>[Called By]<UL><LI><a href="#[10a]">&gt;&gt;</a>&nbsp;&nbsp;&nbsp;xPortSysTickHandler
</UL>

<P><STRONG><a name="[8]"></a>PendSV_Handler</STRONG> (Thumb, 62 bytes, Stack size 0 bytes, port.o(.emb_text))
<BR><BR>[Calls]<UL><LI><a href="#[5a]">&gt;&gt;</a>&nbsp;&nbsp;&nbsp;vTaskSwitchContext
</UL>
<BR>[Address Reference Count : 1]<UL><LI> startup_armcm0.o(RESET)
</UL>
<P><STRONG><a name="[4]"></a>Reset_Handler</STRONG> (Thumb, 8 bytes, Stack size 0 bytes, startup_armcm0.o(.text))
<BR>[Address Reference Count : 1]<UL><LI> startup_armcm0.o(RESET)
</UL>
<P><STRONG><a name="[6]"></a>HardFault_Handler</STRONG> (Thumb, 0 bytes, Stack size 0 bytes, startup_armcm0.o(.text))
<BR><BR>[Calls]<UL><LI><a href="#[6]">&gt;&gt;</a>&nbsp;&nbsp;&nbsp;HardFault_Handler
</UL>
<BR>[Called By]<UL><LI><a href="#[6]">&gt;&gt;</a>&nbsp;&nbsp;&nbsp;HardFault_Handler
</UL>
<BR>[Address Reference Count : 1]<UL><LI> startup_armcm0.o(RESET)
</UL>
<P><STRONG><a name="[17]"></a>ADC_IRQHandler</STRONG> (Thumb, 0 bytes, Stack size 0 bytes, startup_armcm0.o(.text))
<BR><BR>[Calls]<UL><LI><a href="#[17]">&gt;&gt;</a>&nbsp;&nbsp;&nbsp;ADC_IRQHandler
</UL>
<BR>[Called By]<UL><LI><a href="#[17]">&gt;&gt;</a>&nbsp;&nbsp;&nbsp;ADC_IRQHandler
</UL>
<BR>[Address Reference Count : 1]<UL><LI> startup_armcm0.o(RESET)
</UL>
<P><STRONG><a name="[e]"></a>BB_IRQHandler</STRONG> (Thumb, 0 bytes, Stack size 0 bytes, startup_armcm0.o(.text))
<BR>[Address Reference Count : 1]<UL><LI> startup_armcm0.o(RESET)
</UL>
<P><STRONG><a name="[b]"></a>GPIO_IRQHandler</STRONG> (Thumb, 0 bytes, Stack size 0 bytes, startup_armcm0.o(.text))
<BR>[Address Reference Count : 1]<UL><LI> startup_armcm0.o(RESET)
</UL>
<P><STRONG><a name="[19]"></a>LED_IRQHandler</STRONG> (Thumb, 0 bytes, Stack size 0 bytes, startup_armcm0.o(.text))
<BR>[Address Reference Count : 1]<UL><LI> startup_armcm0.o(RESET)
</UL>
<P><STRONG><a name="[f]"></a>LLE_IRQHandler</STRONG> (Thumb, 0 bytes, Stack size 0 bytes, startup_armcm0.o(.text))
<BR>[Address Reference Count : 1]<UL><LI> startup_armcm0.o(RESET)
</UL>
<P><STRONG><a name="[16]"></a>RTC_IRQHandler</STRONG> (Thumb, 0 bytes, Stack size 0 bytes, startup_armcm0.o(.text))
<BR>[Address Reference Count : 1]<UL><LI> startup_armcm0.o(RESET)
</UL>
<P><STRONG><a name="[c]"></a>SLAVE_IRQHandler</STRONG> (Thumb, 0 bytes, Stack size 0 bytes, startup_armcm0.o(.text))
<BR>[Address Reference Count : 1]<UL><LI> startup_armcm0.o(RESET)
</UL>
<P><STRONG><a name="[d]"></a>SPI0_IRQHandler</STRONG> (Thumb, 0 bytes, Stack size 0 bytes, startup_armcm0.o(.text))
<BR>[Address Reference Count : 1]<UL><LI> startup_armcm0.o(RESET)
</UL>
<P><STRONG><a name="[18]"></a>SPI1_IRQHandler</STRONG> (Thumb, 0 bytes, Stack size 0 bytes, startup_armcm0.o(.text))
<BR>[Address Reference Count : 1]<UL><LI> startup_armcm0.o(RESET)
</UL>
<P><STRONG><a name="[13]"></a>TMR2_IRQHandler</STRONG> (Thumb, 0 bytes, Stack size 0 bytes, startup_armcm0.o(.text))
<BR>[Address Reference Count : 1]<UL><LI> startup_armcm0.o(RESET)
</UL>
<P><STRONG><a name="[15]"></a>UART1_IRQHandler</STRONG> (Thumb, 0 bytes, Stack size 0 bytes, startup_armcm0.o(.text))
<BR>[Address Reference Count : 1]<UL><LI> startup_armcm0.o(RESET)
</UL>
<P><STRONG><a name="[1b]"></a>UART2_IRQHandler</STRONG> (Thumb, 0 bytes, Stack size 0 bytes, startup_armcm0.o(.text))
<BR>[Address Reference Count : 1]<UL><LI> startup_armcm0.o(RESET)
</UL>
<P><STRONG><a name="[10]"></a>USB_IRQHandler</STRONG> (Thumb, 0 bytes, Stack size 0 bytes, startup_armcm0.o(.text))
<BR>[Address Reference Count : 1]<UL><LI> startup_armcm0.o(RESET)
</UL>
<P><STRONG><a name="[1d]"></a>WDT_IRQHandler</STRONG> (Thumb, 0 bytes, Stack size 0 bytes, startup_armcm0.o(.text))
<BR>[Address Reference Count : 1]<UL><LI> startup_armcm0.o(RESET)
</UL>
<P><STRONG><a name="[243]"></a>__aeabi_uidiv</STRONG> (Thumb, 0 bytes, Stack size 12 bytes, uidiv.o(.text), UNUSED)

<P><STRONG><a name="[5c]"></a>__aeabi_uidivmod</STRONG> (Thumb, 44 bytes, Stack size 12 bytes, uidiv.o(.text))
<BR><BR>[Stack]<UL><LI>Max Depth = 12<LI>Call Chain = __aeabi_uidivmod
</UL>
<BR>[Called By]<UL><LI><a href="#[c4]">&gt;&gt;</a>&nbsp;&nbsp;&nbsp;GetDateTimeFromUnixSecond
<LI><a href="#[f5]">&gt;&gt;</a>&nbsp;&nbsp;&nbsp;RTC_GetTime
<LI><a href="#[159]">&gt;&gt;</a>&nbsp;&nbsp;&nbsp;fdb_kvdb_init
<LI><a href="#[11d]">&gt;&gt;</a>&nbsp;&nbsp;&nbsp;UART3_BaudRateCfg
<LI><a href="#[118]">&gt;&gt;</a>&nbsp;&nbsp;&nbsp;UART0_BaudRateCfg
<LI><a href="#[12a]">&gt;&gt;</a>&nbsp;&nbsp;&nbsp;_fdb_init_ex
<LI><a href="#[18e]">&gt;&gt;</a>&nbsp;&nbsp;&nbsp;sfud_erase
<LI><a href="#[140]">&gt;&gt;</a>&nbsp;&nbsp;&nbsp;page256_or_1_byte_write
<LI><a href="#[171]">&gt;&gt;</a>&nbsp;&nbsp;&nbsp;dhcp_renew
<LI><a href="#[188]">&gt;&gt;</a>&nbsp;&nbsp;&nbsp;dhcp_release
<LI><a href="#[187]">&gt;&gt;</a>&nbsp;&nbsp;&nbsp;dhcp_select
<LI><a href="#[184]">&gt;&gt;</a>&nbsp;&nbsp;&nbsp;dhcp_reboot
<LI><a href="#[170]">&gt;&gt;</a>&nbsp;&nbsp;&nbsp;dhcp_rebind
<LI><a href="#[17b]">&gt;&gt;</a>&nbsp;&nbsp;&nbsp;dhcp_discover
<LI><a href="#[165]">&gt;&gt;</a>&nbsp;&nbsp;&nbsp;dhcp_bind
<LI><a href="#[1af]">&gt;&gt;</a>&nbsp;&nbsp;&nbsp;format_sector
<LI><a href="#[1cc]">&gt;&gt;</a>&nbsp;&nbsp;&nbsp;read_sector_info
<LI><a href="#[149]">&gt;&gt;</a>&nbsp;&nbsp;&nbsp;format_sector
<LI><a href="#[130]">&gt;&gt;</a>&nbsp;&nbsp;&nbsp;_fdb_kv_load
<LI><a href="#[5b]">&gt;&gt;</a>&nbsp;&nbsp;&nbsp;__aeabi_idivmod
<LI><a href="#[215]">&gt;&gt;</a>&nbsp;&nbsp;&nbsp;tcp_enqueue
<LI><a href="#[229]">&gt;&gt;</a>&nbsp;&nbsp;&nbsp;tcp_slowtmr
<LI><a href="#[121]">&gt;&gt;</a>&nbsp;&nbsp;&nbsp;_printf_core
</UL>

<P><STRONG><a name="[244]"></a>__aeabi_idiv</STRONG> (Thumb, 0 bytes, Stack size 16 bytes, idiv.o(.text), UNUSED)

<P><STRONG><a name="[5b]"></a>__aeabi_idivmod</STRONG> (Thumb, 40 bytes, Stack size 16 bytes, idiv.o(.text))
<BR><BR>[Stack]<UL><LI>Max Depth = 28<LI>Call Chain = __aeabi_idivmod &rArr; __aeabi_uidivmod
</UL>
<BR>[Calls]<UL><LI><a href="#[5c]">&gt;&gt;</a>&nbsp;&nbsp;&nbsp;__aeabi_uidivmod
</UL>
<BR>[Called By]<UL><LI><a href="#[c5]">&gt;&gt;</a>&nbsp;&nbsp;&nbsp;GetWeekFromDate
<LI><a href="#[c9]">&gt;&gt;</a>&nbsp;&nbsp;&nbsp;GetUnixSecond
<LI><a href="#[f5]">&gt;&gt;</a>&nbsp;&nbsp;&nbsp;RTC_GetTime
<LI><a href="#[c8]">&gt;&gt;</a>&nbsp;&nbsp;&nbsp;GetSysClock
<LI><a href="#[f6]">&gt;&gt;</a>&nbsp;&nbsp;&nbsp;RTC_InitTime
<LI><a href="#[222]">&gt;&gt;</a>&nbsp;&nbsp;&nbsp;tcp_receive
</UL>

<P><STRONG><a name="[73]"></a>__aeabi_memcpy</STRONG> (Thumb, 36 bytes, Stack size 0 bytes, memcpya.o(.text))
<BR><BR>[Called By]<UL><LI><a href="#[c4]">&gt;&gt;</a>&nbsp;&nbsp;&nbsp;GetDateTimeFromUnixSecond
<LI><a href="#[11b]">&gt;&gt;</a>&nbsp;&nbsp;&nbsp;rbRead
<LI><a href="#[108]">&gt;&gt;</a>&nbsp;&nbsp;&nbsp;uart_data
<LI><a href="#[e0]">&gt;&gt;</a>&nbsp;&nbsp;&nbsp;node_auto_link
<LI><a href="#[10d]">&gt;&gt;</a>&nbsp;&nbsp;&nbsp;tcp_recv_server_time_back_data
<LI><a href="#[112]">&gt;&gt;</a>&nbsp;&nbsp;&nbsp;tcp_recv_server_test_node_data
<LI><a href="#[110]">&gt;&gt;</a>&nbsp;&nbsp;&nbsp;tcp_recv_server_batch_import_data
<LI><a href="#[111]">&gt;&gt;</a>&nbsp;&nbsp;&nbsp;tcp_recv_server_batch_delete_data
<LI><a href="#[70]">&gt;&gt;</a>&nbsp;&nbsp;&nbsp;CH57xNET_CreatUdpSocket
<LI><a href="#[1e3]">&gt;&gt;</a>&nbsp;&nbsp;&nbsp;server_import_delete_date
<LI><a href="#[cc]">&gt;&gt;</a>&nbsp;&nbsp;&nbsp;msg_send_packed
<LI><a href="#[da]">&gt;&gt;</a>&nbsp;&nbsp;&nbsp;Lora_Data_Upload_Server
<LI><a href="#[af]">&gt;&gt;</a>&nbsp;&nbsp;&nbsp;CH57xNET_SocketUdpSendTo
<LI><a href="#[a8]">&gt;&gt;</a>&nbsp;&nbsp;&nbsp;CH57xNET_SocketRecv
<LI><a href="#[4d]">&gt;&gt;</a>&nbsp;&nbsp;&nbsp;CH57xNET_DHCPCallBack
<LI><a href="#[85]">&gt;&gt;</a>&nbsp;&nbsp;&nbsp;CH57xNET_Init
<LI><a href="#[f4]">&gt;&gt;</a>&nbsp;&nbsp;&nbsp;rbWrite
<LI><a href="#[140]">&gt;&gt;</a>&nbsp;&nbsp;&nbsp;page256_or_1_byte_write
<LI><a href="#[18a]">&gt;&gt;</a>&nbsp;&nbsp;&nbsp;pbuf_copy_partial
<LI><a href="#[183]">&gt;&gt;</a>&nbsp;&nbsp;&nbsp;dns_setserver
<LI><a href="#[144]">&gt;&gt;</a>&nbsp;&nbsp;&nbsp;align_write
<LI><a href="#[1c4]">&gt;&gt;</a>&nbsp;&nbsp;&nbsp;ip_frag
<LI><a href="#[1b9]">&gt;&gt;</a>&nbsp;&nbsp;&nbsp;icmp_input
<LI><a href="#[1b8]">&gt;&gt;</a>&nbsp;&nbsp;&nbsp;icmp_send_response
<LI><a href="#[43]">&gt;&gt;</a>&nbsp;&nbsp;&nbsp;low_level_output
<LI><a href="#[18f]">&gt;&gt;</a>&nbsp;&nbsp;&nbsp;etharp_arp_input
<LI><a href="#[196]">&gt;&gt;</a>&nbsp;&nbsp;&nbsp;etharp_raw
<LI><a href="#[215]">&gt;&gt;</a>&nbsp;&nbsp;&nbsp;tcp_enqueue
<LI><a href="#[1bd]">&gt;&gt;</a>&nbsp;&nbsp;&nbsp;pbuf_copy
<LI><a href="#[97]">&gt;&gt;</a>&nbsp;&nbsp;&nbsp;tcp_connect
<LI><a href="#[a5]">&gt;&gt;</a>&nbsp;&nbsp;&nbsp;tcp_bind
<LI><a href="#[88]">&gt;&gt;</a>&nbsp;&nbsp;&nbsp;SetupNetif
<LI><a href="#[ad]">&gt;&gt;</a>&nbsp;&nbsp;&nbsp;SocketUdpSend
<LI><a href="#[ac]">&gt;&gt;</a>&nbsp;&nbsp;&nbsp;SocketIPRawSend
<LI><a href="#[28]">&gt;&gt;</a>&nbsp;&nbsp;&nbsp;CH57xSocketTCPReceive
</UL>

<P><STRONG><a name="[b5]"></a>__aeabi_memcpy4</STRONG> (Thumb, 0 bytes, Stack size 0 bytes, memcpya.o(.text))
<BR><BR>[Called By]<UL><LI><a href="#[161]">&gt;&gt;</a>&nbsp;&nbsp;&nbsp;fdb_tsl_iter_by_time
<LI><a href="#[160]">&gt;&gt;</a>&nbsp;&nbsp;&nbsp;fdb_tsl_iter
<LI><a href="#[3b]">&gt;&gt;</a>&nbsp;&nbsp;&nbsp;send_not_upload_data_cb
<LI><a href="#[3c]">&gt;&gt;</a>&nbsp;&nbsp;&nbsp;send_all_data_cb
<LI><a href="#[cc]">&gt;&gt;</a>&nbsp;&nbsp;&nbsp;msg_send_packed
<LI><a href="#[45]">&gt;&gt;</a>&nbsp;&nbsp;&nbsp;check_sec_hdr_cb
<LI><a href="#[226]">&gt;&gt;</a>&nbsp;&nbsp;&nbsp;tcp_seg_copy
<LI><a href="#[86]">&gt;&gt;</a>&nbsp;&nbsp;&nbsp;CH57xSocketInit
</UL>

<P><STRONG><a name="[245]"></a>__aeabi_memcpy8</STRONG> (Thumb, 0 bytes, Stack size 0 bytes, memcpya.o(.text), UNUSED)

<P><STRONG><a name="[5e]"></a>__aeabi_memset</STRONG> (Thumb, 14 bytes, Stack size 0 bytes, memseta.o(.text))
<BR><BR>[Called By]<UL><LI><a href="#[137]">&gt;&gt;</a>&nbsp;&nbsp;&nbsp;_fdb_set_status
<LI><a href="#[149]">&gt;&gt;</a>&nbsp;&nbsp;&nbsp;format_sector
<LI><a href="#[14a]">&gt;&gt;</a>&nbsp;&nbsp;&nbsp;create_kv_blob
<LI><a href="#[144]">&gt;&gt;</a>&nbsp;&nbsp;&nbsp;align_write
<LI><a href="#[5f]">&gt;&gt;</a>&nbsp;&nbsp;&nbsp;_memset$wrapper
<LI><a href="#[5d]">&gt;&gt;</a>&nbsp;&nbsp;&nbsp;__aeabi_memclr
</UL>

<P><STRONG><a name="[246]"></a>__aeabi_memset4</STRONG> (Thumb, 0 bytes, Stack size 0 bytes, memseta.o(.text), UNUSED)

<P><STRONG><a name="[247]"></a>__aeabi_memset8</STRONG> (Thumb, 0 bytes, Stack size 0 bytes, memseta.o(.text), UNUSED)

<P><STRONG><a name="[5d]"></a>__aeabi_memclr</STRONG> (Thumb, 4 bytes, Stack size 0 bytes, memseta.o(.text))
<BR><BR>[Calls]<UL><LI><a href="#[5e]">&gt;&gt;</a>&nbsp;&nbsp;&nbsp;__aeabi_memset
</UL>
<BR>[Called By]<UL><LI><a href="#[108]">&gt;&gt;</a>&nbsp;&nbsp;&nbsp;uart_data
<LI><a href="#[cf]">&gt;&gt;</a>&nbsp;&nbsp;&nbsp;Hub_register_server
</UL>

<P><STRONG><a name="[72]"></a>__aeabi_memclr4</STRONG> (Thumb, 0 bytes, Stack size 0 bytes, memseta.o(.text))
<BR><BR>[Called By]<UL><LI><a href="#[d9]">&gt;&gt;</a>&nbsp;&nbsp;&nbsp;LoRa_SendData
<LI><a href="#[16d]">&gt;&gt;</a>&nbsp;&nbsp;&nbsp;net_tcp_client_creat_socket
<LI><a href="#[70]">&gt;&gt;</a>&nbsp;&nbsp;&nbsp;CH57xNET_CreatUdpSocket
<LI><a href="#[7a]">&gt;&gt;</a>&nbsp;&nbsp;&nbsp;CH57xNET_DHCPStop
<LI><a href="#[77]">&gt;&gt;</a>&nbsp;&nbsp;&nbsp;CH57xNET_DHCPStart
<LI><a href="#[85]">&gt;&gt;</a>&nbsp;&nbsp;&nbsp;CH57xNET_Init
<LI><a href="#[9d]">&gt;&gt;</a>&nbsp;&nbsp;&nbsp;udp_new
<LI><a href="#[78]">&gt;&gt;</a>&nbsp;&nbsp;&nbsp;dhcp_start
<LI><a href="#[76]">&gt;&gt;</a>&nbsp;&nbsp;&nbsp;CH57xNET_DHCPHandle
<LI><a href="#[146]">&gt;&gt;</a>&nbsp;&nbsp;&nbsp;move_kv
<LI><a href="#[1ab]">&gt;&gt;</a>&nbsp;&nbsp;&nbsp;get_kv_from_cache
<LI><a href="#[162]">&gt;&gt;</a>&nbsp;&nbsp;&nbsp;del_kv
<LI><a href="#[210]">&gt;&gt;</a>&nbsp;&nbsp;&nbsp;tcp_alloc
<LI><a href="#[99]">&gt;&gt;</a>&nbsp;&nbsp;&nbsp;raw_new
<LI><a href="#[199]">&gt;&gt;</a>&nbsp;&nbsp;&nbsp;low_level_init
<LI><a href="#[e8]">&gt;&gt;</a>&nbsp;&nbsp;&nbsp;LwipRemoveTcpPcb
<LI><a href="#[86]">&gt;&gt;</a>&nbsp;&nbsp;&nbsp;CH57xSocketInit
</UL>

<P><STRONG><a name="[248]"></a>__aeabi_memclr8</STRONG> (Thumb, 0 bytes, Stack size 0 bytes, memseta.o(.text), UNUSED)

<P><STRONG><a name="[5f]"></a>_memset$wrapper</STRONG> (Thumb, 18 bytes, Stack size 8 bytes, memseta.o(.text), UNUSED)
<BR><BR>[Calls]<UL><LI><a href="#[5e]">&gt;&gt;</a>&nbsp;&nbsp;&nbsp;__aeabi_memset
</UL>

<P><STRONG><a name="[1d9]"></a>strncpy</STRONG> (Thumb, 26 bytes, Stack size 8 bytes, strncpy.o(.text))
<BR><BR>[Stack]<UL><LI>Max Depth = 8<LI>Call Chain = strncpy
</UL>
<BR>[Called By]<UL><LI><a href="#[146]">&gt;&gt;</a>&nbsp;&nbsp;&nbsp;move_kv
</UL>

<P><STRONG><a name="[14b]"></a>strlen</STRONG> (Thumb, 14 bytes, Stack size 0 bytes, strlen.o(.text))
<BR><BR>[Called By]<UL><LI><a href="#[171]">&gt;&gt;</a>&nbsp;&nbsp;&nbsp;dhcp_renew
<LI><a href="#[187]">&gt;&gt;</a>&nbsp;&nbsp;&nbsp;dhcp_select
<LI><a href="#[170]">&gt;&gt;</a>&nbsp;&nbsp;&nbsp;dhcp_rebind
<LI><a href="#[1a0]">&gt;&gt;</a>&nbsp;&nbsp;&nbsp;fal_show_part_table
<LI><a href="#[132]">&gt;&gt;</a>&nbsp;&nbsp;&nbsp;fdb_kv_set_default
<LI><a href="#[1a3]">&gt;&gt;</a>&nbsp;&nbsp;&nbsp;set_kv
<LI><a href="#[4a]">&gt;&gt;</a>&nbsp;&nbsp;&nbsp;find_kv_cb
<LI><a href="#[163]">&gt;&gt;</a>&nbsp;&nbsp;&nbsp;find_kv
<LI><a href="#[162]">&gt;&gt;</a>&nbsp;&nbsp;&nbsp;del_kv
<LI><a href="#[14a]">&gt;&gt;</a>&nbsp;&nbsp;&nbsp;create_kv_blob
</UL>

<P><STRONG><a name="[19f]"></a>strcmp</STRONG> (Thumb, 28 bytes, Stack size 8 bytes, strcmp.o(.text))
<BR><BR>[Stack]<UL><LI>Max Depth = 8<LI>Call Chain = strcmp
</UL>
<BR>[Called By]<UL><LI><a href="#[12c]">&gt;&gt;</a>&nbsp;&nbsp;&nbsp;fal_partition_find
</UL>

<P><STRONG><a name="[198]"></a>strcpy</STRONG> (Thumb, 18 bytes, Stack size 0 bytes, strcpy.o(.text))
<BR><BR>[Called By]<UL><LI><a href="#[2f]">&gt;&gt;</a>&nbsp;&nbsp;&nbsp;ethernetif_init
</UL>

<P><STRONG><a name="[19b]"></a>strncmp</STRONG> (Thumb, 30 bytes, Stack size 12 bytes, strncmp.o(.text))
<BR><BR>[Stack]<UL><LI>Max Depth = 12<LI>Call Chain = strncmp
</UL>
<BR>[Called By]<UL><LI><a href="#[12d]">&gt;&gt;</a>&nbsp;&nbsp;&nbsp;fal_flash_device_find
<LI><a href="#[1ab]">&gt;&gt;</a>&nbsp;&nbsp;&nbsp;get_kv_from_cache
<LI><a href="#[4a]">&gt;&gt;</a>&nbsp;&nbsp;&nbsp;find_kv_cb
</UL>

<P><STRONG><a name="[d2]"></a>__aeabi_uread4</STRONG> (Thumb, 20 bytes, Stack size 0 bytes, uread4.o(.text))
<BR><BR>[Called By]<UL><LI><a href="#[53]">&gt;&gt;</a>&nbsp;&nbsp;&nbsp;query_cb1
<LI><a href="#[da]">&gt;&gt;</a>&nbsp;&nbsp;&nbsp;Lora_Data_Upload_Server
<LI><a href="#[a1]">&gt;&gt;</a>&nbsp;&nbsp;&nbsp;udp_connect
<LI><a href="#[a0]">&gt;&gt;</a>&nbsp;&nbsp;&nbsp;udp_bind
<LI><a href="#[168]">&gt;&gt;</a>&nbsp;&nbsp;&nbsp;netif_set_netmask
<LI><a href="#[167]">&gt;&gt;</a>&nbsp;&nbsp;&nbsp;netif_set_ipaddr
<LI><a href="#[169]">&gt;&gt;</a>&nbsp;&nbsp;&nbsp;netif_set_gw
<LI><a href="#[16f]">&gt;&gt;</a>&nbsp;&nbsp;&nbsp;etharp_query
<LI><a href="#[183]">&gt;&gt;</a>&nbsp;&nbsp;&nbsp;dns_setserver
<LI><a href="#[23]">&gt;&gt;</a>&nbsp;&nbsp;&nbsp;dhcp_arp_reply
<LI><a href="#[41]">&gt;&gt;</a>&nbsp;&nbsp;&nbsp;dhcp_recv
<LI><a href="#[180]">&gt;&gt;</a>&nbsp;&nbsp;&nbsp;dhcp_handle_ack
<LI><a href="#[17b]">&gt;&gt;</a>&nbsp;&nbsp;&nbsp;dhcp_discover
<LI><a href="#[1b9]">&gt;&gt;</a>&nbsp;&nbsp;&nbsp;icmp_input
<LI><a href="#[1c9]">&gt;&gt;</a>&nbsp;&nbsp;&nbsp;tcp_input
<LI><a href="#[222]">&gt;&gt;</a>&nbsp;&nbsp;&nbsp;tcp_receive
<LI><a href="#[21a]">&gt;&gt;</a>&nbsp;&nbsp;&nbsp;tcp_process
<LI><a href="#[21e]">&gt;&gt;</a>&nbsp;&nbsp;&nbsp;tcp_oos_insert_segment
<LI><a href="#[219]">&gt;&gt;</a>&nbsp;&nbsp;&nbsp;tcp_listen_input
<LI><a href="#[d1]">&gt;&gt;</a>&nbsp;&nbsp;&nbsp;IPCheckTmr
<LI><a href="#[197]">&gt;&gt;</a>&nbsp;&nbsp;&nbsp;ip_input
<LI><a href="#[42]">&gt;&gt;</a>&nbsp;&nbsp;&nbsp;etharp_output
<LI><a href="#[192]">&gt;&gt;</a>&nbsp;&nbsp;&nbsp;etharp_ip_input
<LI><a href="#[191]">&gt;&gt;</a>&nbsp;&nbsp;&nbsp;update_arp_entry
<LI><a href="#[194]">&gt;&gt;</a>&nbsp;&nbsp;&nbsp;find_entry
<LI><a href="#[1bf]">&gt;&gt;</a>&nbsp;&nbsp;&nbsp;ip_output_if
<LI><a href="#[1c8]">&gt;&gt;</a>&nbsp;&nbsp;&nbsp;udp_input
<LI><a href="#[1c2]">&gt;&gt;</a>&nbsp;&nbsp;&nbsp;inet_chksum_pseudo
<LI><a href="#[223]">&gt;&gt;</a>&nbsp;&nbsp;&nbsp;tcp_rexmit
<LI><a href="#[221]">&gt;&gt;</a>&nbsp;&nbsp;&nbsp;tcp_output_segment
<LI><a href="#[22a]">&gt;&gt;</a>&nbsp;&nbsp;&nbsp;tcp_zero_window_probe
<LI><a href="#[215]">&gt;&gt;</a>&nbsp;&nbsp;&nbsp;tcp_enqueue
<LI><a href="#[1ca]">&gt;&gt;</a>&nbsp;&nbsp;&nbsp;ip_route
<LI><a href="#[103]">&gt;&gt;</a>&nbsp;&nbsp;&nbsp;tcp_output
<LI><a href="#[a5]">&gt;&gt;</a>&nbsp;&nbsp;&nbsp;tcp_bind
<LI><a href="#[9b]">&gt;&gt;</a>&nbsp;&nbsp;&nbsp;raw_connect
<LI><a href="#[9a]">&gt;&gt;</a>&nbsp;&nbsp;&nbsp;raw_bind
<LI><a href="#[9f]">&gt;&gt;</a>&nbsp;&nbsp;&nbsp;ip_addr_isbroadcast
<LI><a href="#[26]">&gt;&gt;</a>&nbsp;&nbsp;&nbsp;SocketUdpReceive
</UL>

<P><STRONG><a name="[249]"></a>__rt_uread4</STRONG> (Thumb, 0 bytes, Stack size 0 bytes, uread4.o(.text), UNUSED)

<P><STRONG><a name="[24a]"></a>_uread4</STRONG> (Thumb, 0 bytes, Stack size 0 bytes, uread4.o(.text), UNUSED)

<P><STRONG><a name="[d0]"></a>__aeabi_uwrite4</STRONG> (Thumb, 18 bytes, Stack size 0 bytes, uwrite4.o(.text))
<BR><BR>[Called By]<UL><LI><a href="#[da]">&gt;&gt;</a>&nbsp;&nbsp;&nbsp;Lora_Data_Upload_Server
<LI><a href="#[164]">&gt;&gt;</a>&nbsp;&nbsp;&nbsp;dhcp_decline
<LI><a href="#[172]">&gt;&gt;</a>&nbsp;&nbsp;&nbsp;dhcp_create_request
<LI><a href="#[1b9]">&gt;&gt;</a>&nbsp;&nbsp;&nbsp;icmp_input
<LI><a href="#[1c9]">&gt;&gt;</a>&nbsp;&nbsp;&nbsp;tcp_input
<LI><a href="#[222]">&gt;&gt;</a>&nbsp;&nbsp;&nbsp;tcp_receive
<LI><a href="#[d1]">&gt;&gt;</a>&nbsp;&nbsp;&nbsp;IPCheckTmr
<LI><a href="#[1bf]">&gt;&gt;</a>&nbsp;&nbsp;&nbsp;ip_output_if
<LI><a href="#[21c]">&gt;&gt;</a>&nbsp;&nbsp;&nbsp;tcp_output_set_header
<LI><a href="#[221]">&gt;&gt;</a>&nbsp;&nbsp;&nbsp;tcp_output_segment
<LI><a href="#[20f]">&gt;&gt;</a>&nbsp;&nbsp;&nbsp;tcp_rst
<LI><a href="#[215]">&gt;&gt;</a>&nbsp;&nbsp;&nbsp;tcp_enqueue
<LI><a href="#[c0]">&gt;&gt;</a>&nbsp;&nbsp;&nbsp;IPCheckParaInit
</UL>

<P><STRONG><a name="[24b]"></a>__rt_uwrite4</STRONG> (Thumb, 0 bytes, Stack size 0 bytes, uwrite4.o(.text), UNUSED)

<P><STRONG><a name="[24c]"></a>_uwrite4</STRONG> (Thumb, 0 bytes, Stack size 0 bytes, uwrite4.o(.text), UNUSED)

<P><STRONG><a name="[60]"></a>__aeabi_uldivmod</STRONG> (Thumb, 96 bytes, Stack size 48 bytes, uldiv.o(.text), UNUSED)
<BR><BR>[Calls]<UL><LI><a href="#[61]">&gt;&gt;</a>&nbsp;&nbsp;&nbsp;__aeabi_llsr
<LI><a href="#[62]">&gt;&gt;</a>&nbsp;&nbsp;&nbsp;__aeabi_llsl
</UL>
<BR>[Called By]<UL><LI><a href="#[121]">&gt;&gt;</a>&nbsp;&nbsp;&nbsp;_printf_core
<LI><a href="#[139]">&gt;&gt;</a>&nbsp;&nbsp;&nbsp;_fp_digits
</UL>

<P><STRONG><a name="[24d]"></a>__I$use$fp</STRONG> (Thumb, 0 bytes, Stack size unknown bytes, iusefp.o(.text), UNUSED)

<P><STRONG><a name="[63]"></a>__aeabi_dadd</STRONG> (Thumb, 330 bytes, Stack size 48 bytes, dadd.o(.text), UNUSED)
<BR><BR>[Calls]<UL><LI><a href="#[64]">&gt;&gt;</a>&nbsp;&nbsp;&nbsp;__aeabi_lasr
<LI><a href="#[62]">&gt;&gt;</a>&nbsp;&nbsp;&nbsp;__aeabi_llsl
<LI><a href="#[66]">&gt;&gt;</a>&nbsp;&nbsp;&nbsp;_double_round
<LI><a href="#[65]">&gt;&gt;</a>&nbsp;&nbsp;&nbsp;_double_epilogue
</UL>
<BR>[Called By]<UL><LI><a href="#[68]">&gt;&gt;</a>&nbsp;&nbsp;&nbsp;__aeabi_drsub
<LI><a href="#[67]">&gt;&gt;</a>&nbsp;&nbsp;&nbsp;__aeabi_dsub
<LI><a href="#[139]">&gt;&gt;</a>&nbsp;&nbsp;&nbsp;_fp_digits
</UL>

<P><STRONG><a name="[67]"></a>__aeabi_dsub</STRONG> (Thumb, 12 bytes, Stack size 8 bytes, dadd.o(.text), UNUSED)
<BR><BR>[Calls]<UL><LI><a href="#[63]">&gt;&gt;</a>&nbsp;&nbsp;&nbsp;__aeabi_dadd
</UL>

<P><STRONG><a name="[68]"></a>__aeabi_drsub</STRONG> (Thumb, 12 bytes, Stack size 8 bytes, dadd.o(.text), UNUSED)
<BR><BR>[Calls]<UL><LI><a href="#[63]">&gt;&gt;</a>&nbsp;&nbsp;&nbsp;__aeabi_dadd
</UL>

<P><STRONG><a name="[69]"></a>__aeabi_dmul</STRONG> (Thumb, 202 bytes, Stack size 72 bytes, dmul.o(.text), UNUSED)
<BR><BR>[Calls]<UL><LI><a href="#[65]">&gt;&gt;</a>&nbsp;&nbsp;&nbsp;_double_epilogue
</UL>
<BR>[Called By]<UL><LI><a href="#[139]">&gt;&gt;</a>&nbsp;&nbsp;&nbsp;_fp_digits
</UL>

<P><STRONG><a name="[6a]"></a>__aeabi_ddiv</STRONG> (Thumb, 234 bytes, Stack size 40 bytes, ddiv.o(.text), UNUSED)
<BR><BR>[Calls]<UL><LI><a href="#[66]">&gt;&gt;</a>&nbsp;&nbsp;&nbsp;_double_round
</UL>
<BR>[Called By]<UL><LI><a href="#[139]">&gt;&gt;</a>&nbsp;&nbsp;&nbsp;_fp_digits
</UL>

<P><STRONG><a name="[6b]"></a>__aeabi_d2ulz</STRONG> (Thumb, 54 bytes, Stack size 8 bytes, dfixul.o(.text), UNUSED)
<BR><BR>[Calls]<UL><LI><a href="#[61]">&gt;&gt;</a>&nbsp;&nbsp;&nbsp;__aeabi_llsr
<LI><a href="#[62]">&gt;&gt;</a>&nbsp;&nbsp;&nbsp;__aeabi_llsl
</UL>
<BR>[Called By]<UL><LI><a href="#[139]">&gt;&gt;</a>&nbsp;&nbsp;&nbsp;_fp_digits
</UL>

<P><STRONG><a name="[13a]"></a>__aeabi_cdrcmple</STRONG> (Thumb, 38 bytes, Stack size 0 bytes, cdrcmple.o(.text), UNUSED)
<BR><BR>[Called By]<UL><LI><a href="#[139]">&gt;&gt;</a>&nbsp;&nbsp;&nbsp;_fp_digits
</UL>

<P><STRONG><a name="[57]"></a>__scatterload</STRONG> (Thumb, 28 bytes, Stack size 0 bytes, init.o(.text))
<BR><BR>[Calls]<UL><LI><a href="#[6c]">&gt;&gt;</a>&nbsp;&nbsp;&nbsp;__main_after_scatterload
</UL>
<BR>[Called By]<UL><LI><a href="#[56]">&gt;&gt;</a>&nbsp;&nbsp;&nbsp;_main_scatterload
</UL>

<P><STRONG><a name="[24e]"></a>__scatterload_rt2</STRONG> (Thumb, 0 bytes, Stack size 0 bytes, init.o(.text), UNUSED)

<P><STRONG><a name="[62]"></a>__aeabi_llsl</STRONG> (Thumb, 32 bytes, Stack size 8 bytes, llshl.o(.text), UNUSED)
<BR><BR>[Called By]<UL><LI><a href="#[65]">&gt;&gt;</a>&nbsp;&nbsp;&nbsp;_double_epilogue
<LI><a href="#[60]">&gt;&gt;</a>&nbsp;&nbsp;&nbsp;__aeabi_uldivmod
<LI><a href="#[63]">&gt;&gt;</a>&nbsp;&nbsp;&nbsp;__aeabi_dadd
<LI><a href="#[6b]">&gt;&gt;</a>&nbsp;&nbsp;&nbsp;__aeabi_d2ulz
</UL>

<P><STRONG><a name="[24f]"></a>_ll_shift_l</STRONG> (Thumb, 0 bytes, Stack size 8 bytes, llshl.o(.text), UNUSED)

<P><STRONG><a name="[61]"></a>__aeabi_llsr</STRONG> (Thumb, 34 bytes, Stack size 8 bytes, llushr.o(.text), UNUSED)
<BR><BR>[Called By]<UL><LI><a href="#[65]">&gt;&gt;</a>&nbsp;&nbsp;&nbsp;_double_epilogue
<LI><a href="#[60]">&gt;&gt;</a>&nbsp;&nbsp;&nbsp;__aeabi_uldivmod
<LI><a href="#[6b]">&gt;&gt;</a>&nbsp;&nbsp;&nbsp;__aeabi_d2ulz
</UL>

<P><STRONG><a name="[250]"></a>_ll_ushift_r</STRONG> (Thumb, 0 bytes, Stack size 8 bytes, llushr.o(.text), UNUSED)

<P><STRONG><a name="[64]"></a>__aeabi_lasr</STRONG> (Thumb, 38 bytes, Stack size 8 bytes, llsshr.o(.text), UNUSED)
<BR><BR>[Called By]<UL><LI><a href="#[63]">&gt;&gt;</a>&nbsp;&nbsp;&nbsp;__aeabi_dadd
</UL>

<P><STRONG><a name="[251]"></a>_ll_sshift_r</STRONG> (Thumb, 0 bytes, Stack size 8 bytes, llsshr.o(.text), UNUSED)

<P><STRONG><a name="[66]"></a>_double_round</STRONG> (Thumb, 26 bytes, Stack size 8 bytes, depilogue.o(.text), UNUSED)
<BR><BR>[Called By]<UL><LI><a href="#[65]">&gt;&gt;</a>&nbsp;&nbsp;&nbsp;_double_epilogue
<LI><a href="#[6a]">&gt;&gt;</a>&nbsp;&nbsp;&nbsp;__aeabi_ddiv
<LI><a href="#[63]">&gt;&gt;</a>&nbsp;&nbsp;&nbsp;__aeabi_dadd
</UL>

<P><STRONG><a name="[65]"></a>_double_epilogue</STRONG> (Thumb, 164 bytes, Stack size 48 bytes, depilogue.o(.text), UNUSED)
<BR><BR>[Calls]<UL><LI><a href="#[6d]">&gt;&gt;</a>&nbsp;&nbsp;&nbsp;__ARM_clz
<LI><a href="#[61]">&gt;&gt;</a>&nbsp;&nbsp;&nbsp;__aeabi_llsr
<LI><a href="#[62]">&gt;&gt;</a>&nbsp;&nbsp;&nbsp;__aeabi_llsl
<LI><a href="#[66]">&gt;&gt;</a>&nbsp;&nbsp;&nbsp;_double_round
</UL>
<BR>[Called By]<UL><LI><a href="#[69]">&gt;&gt;</a>&nbsp;&nbsp;&nbsp;__aeabi_dmul
<LI><a href="#[63]">&gt;&gt;</a>&nbsp;&nbsp;&nbsp;__aeabi_dadd
</UL>

<P><STRONG><a name="[252]"></a>__decompress</STRONG> (Thumb, 0 bytes, Stack size unknown bytes, __dczerorl2.o(.text), UNUSED)

<P><STRONG><a name="[253]"></a>__decompress1</STRONG> (Thumb, 86 bytes, Stack size unknown bytes, __dczerorl2.o(.text), UNUSED)

<P><STRONG><a name="[e9]"></a>CH57xFileCorrectTCBPcb</STRONG> (Thumb, 90 bytes, Stack size 12 bytes, ch57xsock.o(i.CH57xFileCorrectTCBPcb))
<BR><BR>[Stack]<UL><LI>Max Depth = 12<LI>Call Chain = CH57xFileCorrectTCBPcb
</UL>
<BR>[Called By]<UL><LI><a href="#[1c9]">&gt;&gt;</a>&nbsp;&nbsp;&nbsp;tcp_input
<LI><a href="#[e8]">&gt;&gt;</a>&nbsp;&nbsp;&nbsp;LwipRemoveTcpPcb
</UL>

<P><STRONG><a name="[6e]"></a>CH57xIPSetSocketRecvInit</STRONG> (Thumb, 46 bytes, Stack size 16 bytes, ch57xsock.o(i.CH57xIPSetSocketRecvInit))
<BR><BR>[Stack]<UL><LI>Max Depth = 32<LI>Call Chain = CH57xIPSetSocketRecvInit &rArr; CH57xScokedIntHandle &rArr;  tcp_close (Cycle)
</UL>
<BR>[Calls]<UL><LI><a href="#[6f]">&gt;&gt;</a>&nbsp;&nbsp;&nbsp;CH57xScokedIntHandle
</UL>
<BR>[Called By]<UL><LI><a href="#[8d]">&gt;&gt;</a>&nbsp;&nbsp;&nbsp;CH57xNET_MainTask
</UL>

<P><STRONG><a name="[be]"></a>CH57xMACRxSuccHandle</STRONG> (Thumb, 106 bytes, Stack size 20 bytes, ethernetif.o(i.CH57xMACRxSuccHandle))
<BR><BR>[Stack]<UL><LI>Max Depth = 20<LI>Call Chain = CH57xMACRxSuccHandle
</UL>
<BR>[Called By]<UL><LI><a href="#[7d]">&gt;&gt;</a>&nbsp;&nbsp;&nbsp;ETH_IRQ_Deal
</UL>

<P><STRONG><a name="[1dd]"></a>CH57xNET_ConfigKeepLive</STRONG> (Thumb, 16 bytes, Stack size 0 bytes, ch57xsock.o(i.CH57xNET_ConfigKeepLive))
<BR><BR>[Called By]<UL><LI><a href="#[8c]">&gt;&gt;</a>&nbsp;&nbsp;&nbsp;net_initkeeplive
</UL>

<P><STRONG><a name="[8b]"></a>CH57xNET_ConfigLIB</STRONG> (Thumb, 26 bytes, Stack size 0 bytes, ch57xsock.o(i.CH57xNET_ConfigLIB))
<BR><BR>[Called By]<UL><LI><a href="#[89]">&gt;&gt;</a>&nbsp;&nbsp;&nbsp;CH57xNET_LibInit
</UL>

<P><STRONG><a name="[70]"></a>CH57xNET_CreatUdpSocket</STRONG> (Thumb, 78 bytes, Stack size 72 bytes, udp_net.o(i.CH57xNET_CreatUdpSocket))
<BR><BR>[Stack]<UL><LI>Max Depth = 500<LI>Call Chain = CH57xNET_CreatUdpSocket &rArr; CH57xNET_SocketCreat &rArr; tcp_new &rArr; tcp_alloc &rArr; tcp_abandon &rArr; tcp_pcb_remove &rArr; tcp_output &rArr; tcp_send_empty_ack &rArr; ip_output &rArr; ip_output_if &rArr; ip_frag &rArr; pbuf_alloc &rArr; pbuf_free &rArr; mem_free &rArr; plug_holes
</UL>
<BR>[Calls]<UL><LI><a href="#[75]">&gt;&gt;</a>&nbsp;&nbsp;&nbsp;mStopIfError
<LI><a href="#[74]">&gt;&gt;</a>&nbsp;&nbsp;&nbsp;CH57xNET_SocketCreat
<LI><a href="#[72]">&gt;&gt;</a>&nbsp;&nbsp;&nbsp;__aeabi_memclr4
<LI><a href="#[73]">&gt;&gt;</a>&nbsp;&nbsp;&nbsp;__aeabi_memcpy
<LI><a href="#[71]">&gt;&gt;</a>&nbsp;&nbsp;&nbsp;__2printf
</UL>
<BR>[Called By]<UL><LI><a href="#[bc]">&gt;&gt;</a>&nbsp;&nbsp;&nbsp;dhcp_callback1
</UL>

<P><STRONG><a name="[4d]"></a>CH57xNET_DHCPCallBack</STRONG> (Thumb, 180 bytes, Stack size 24 bytes, net_dhcp.o(i.CH57xNET_DHCPCallBack))
<BR><BR>[Stack]<UL><LI>Max Depth = 48<LI>Call Chain = CH57xNET_DHCPCallBack &rArr; __2printf
</UL>
<BR>[Calls]<UL><LI><a href="#[73]">&gt;&gt;</a>&nbsp;&nbsp;&nbsp;__aeabi_memcpy
<LI><a href="#[71]">&gt;&gt;</a>&nbsp;&nbsp;&nbsp;__2printf
</UL>
<BR>[Address Reference Count : 1]<UL><LI> net_dhcp.o(i.net_dhcp_while)
</UL>
<P><STRONG><a name="[76]"></a>CH57xNET_DHCPHandle</STRONG> (Thumb, 80 bytes, Stack size 32 bytes, ch57xnet_dhcp.o(i.CH57xNET_DHCPHandle))
<BR><BR>[Stack]<UL><LI>Max Depth = 32<LI>Call Chain = CH57xNET_DHCPHandle
</UL>
<BR>[Calls]<UL><LI><a href="#[72]">&gt;&gt;</a>&nbsp;&nbsp;&nbsp;__aeabi_memclr4
</UL>
<BR>[Called By]<UL><LI><a href="#[21]">&gt;&gt;</a>&nbsp;&nbsp;&nbsp;dhcp_fine_tmr
<LI><a href="#[165]">&gt;&gt;</a>&nbsp;&nbsp;&nbsp;dhcp_bind
</UL>

<P><STRONG><a name="[77]"></a>CH57xNET_DHCPStart</STRONG> (Thumb, 64 bytes, Stack size 16 bytes, ch57xnet_dhcp.o(i.CH57xNET_DHCPStart))
<BR><BR>[Stack]<UL><LI>Max Depth = 308<LI>Call Chain = CH57xNET_DHCPStart &rArr; dhcp_start &rArr; dhcp_discover &rArr; udp_sendto_if &rArr; ip_output_if &rArr; ip_frag &rArr; pbuf_alloc &rArr; pbuf_free &rArr; mem_free &rArr; plug_holes
</UL>
<BR>[Calls]<UL><LI><a href="#[79]">&gt;&gt;</a>&nbsp;&nbsp;&nbsp;ErrorEncode
<LI><a href="#[78]">&gt;&gt;</a>&nbsp;&nbsp;&nbsp;dhcp_start
<LI><a href="#[72]">&gt;&gt;</a>&nbsp;&nbsp;&nbsp;__aeabi_memclr4
</UL>
<BR>[Called By]<UL><LI><a href="#[bb]">&gt;&gt;</a>&nbsp;&nbsp;&nbsp;net_dhcp_while
</UL>

<P><STRONG><a name="[7a]"></a>CH57xNET_DHCPStop</STRONG> (Thumb, 20 bytes, Stack size 8 bytes, ch57xnet_dhcp.o(i.CH57xNET_DHCPStop))
<BR><BR>[Stack]<UL><LI>Max Depth = 44<LI>Call Chain = CH57xNET_DHCPStop &rArr; dhcp_stop &rArr; mem_free &rArr; plug_holes
</UL>
<BR>[Calls]<UL><LI><a href="#[7b]">&gt;&gt;</a>&nbsp;&nbsp;&nbsp;dhcp_stop
<LI><a href="#[72]">&gt;&gt;</a>&nbsp;&nbsp;&nbsp;__aeabi_memclr4
</UL>
<BR>[Called By]<UL><LI><a href="#[bb]">&gt;&gt;</a>&nbsp;&nbsp;&nbsp;net_dhcp_while
</UL>

<P><STRONG><a name="[7c]"></a>CH57xNET_ETHIsr</STRONG> (Thumb, 8 bytes, Stack size 8 bytes, ch57xsock.o(i.CH57xNET_ETHIsr))
<BR><BR>[Stack]<UL><LI>Max Depth = 52<LI>Call Chain = CH57xNET_ETHIsr &rArr; ETH_IRQ_Deal &rArr; CH57xMACRxSuccHandle
</UL>
<BR>[Calls]<UL><LI><a href="#[7d]">&gt;&gt;</a>&nbsp;&nbsp;&nbsp;ETH_IRQ_Deal
</UL>
<BR>[Called By]<UL><LI><a href="#[11]">&gt;&gt;</a>&nbsp;&nbsp;&nbsp;ETH_IRQHandler
</UL>

<P><STRONG><a name="[7e]"></a>CH57xNET_GetGlobalInt</STRONG> (Thumb, 14 bytes, Stack size 4 bytes, ch57xsock.o(i.CH57xNET_GetGlobalInt))
<BR><BR>[Stack]<UL><LI>Max Depth = 12<LI>Call Chain = CH57xNET_GetGlobalInt &rArr; CH57xNET_QueryGlobalInt
</UL>
<BR>[Calls]<UL><LI><a href="#[7f]">&gt;&gt;</a>&nbsp;&nbsp;&nbsp;CH57xNET_QueryGlobalInt
</UL>
<BR>[Called By]<UL><LI><a href="#[80]">&gt;&gt;</a>&nbsp;&nbsp;&nbsp;CH57xNET_HandleGlobalInt
</UL>

<P><STRONG><a name="[81]"></a>CH57xNET_GetPHYStatus</STRONG> (Thumb, 8 bytes, Stack size 0 bytes, ch57xsock.o(i.CH57xNET_GetPHYStatus))
<BR><BR>[Called By]<UL><LI><a href="#[b3]">&gt;&gt;</a>&nbsp;&nbsp;&nbsp;CH57xNET_TimeIsr
<LI><a href="#[80]">&gt;&gt;</a>&nbsp;&nbsp;&nbsp;CH57xNET_HandleGlobalInt
</UL>

<P><STRONG><a name="[82]"></a>CH57xNET_GetSocketInt</STRONG> (Thumb, 26 bytes, Stack size 0 bytes, ch57xsock.o(i.CH57xNET_GetSocketInt))
<BR><BR>[Called By]<UL><LI><a href="#[80]">&gt;&gt;</a>&nbsp;&nbsp;&nbsp;CH57xNET_HandleGlobalInt
</UL>

<P><STRONG><a name="[8a]"></a>CH57xNET_GetVer</STRONG> (Thumb, 4 bytes, Stack size 0 bytes, ch57xsock.o(i.CH57xNET_GetVer))
<BR><BR>[Called By]<UL><LI><a href="#[89]">&gt;&gt;</a>&nbsp;&nbsp;&nbsp;CH57xNET_LibInit
</UL>

<P><STRONG><a name="[80]"></a>CH57xNET_HandleGlobalInt</STRONG> (Thumb, 120 bytes, Stack size 16 bytes, net_tcp_client.o(i.CH57xNET_HandleGlobalInt))
<BR><BR>[Stack]<UL><LI>Max Depth = 548<LI>Call Chain = CH57xNET_HandleGlobalInt &rArr; net_tcp_client_data &rArr; Hub_register_server &rArr; msg_send_packed &rArr; net_tcp_client_send &rArr; CH57xNET_SocketSend &rArr; SocketTcpSend &rArr; CH57xNET_MainTask &rArr; LwIPPeriodicHandle &rArr; tcp_tmr &rArr; tcp_slowtmr &rArr; tcp_rexmit_rto &rArr; tcp_output &rArr; tcp_send_empty_ack &rArr; ip_output &rArr; ip_output_if &rArr; ip_frag &rArr; pbuf_alloc &rArr; pbuf_free &rArr; mem_free &rArr; plug_holes
</UL>
<BR>[Calls]<UL><LI><a href="#[84]">&gt;&gt;</a>&nbsp;&nbsp;&nbsp;net_udp_socket_data
<LI><a href="#[82]">&gt;&gt;</a>&nbsp;&nbsp;&nbsp;CH57xNET_GetSocketInt
<LI><a href="#[81]">&gt;&gt;</a>&nbsp;&nbsp;&nbsp;CH57xNET_GetPHYStatus
<LI><a href="#[7e]">&gt;&gt;</a>&nbsp;&nbsp;&nbsp;CH57xNET_GetGlobalInt
<LI><a href="#[83]">&gt;&gt;</a>&nbsp;&nbsp;&nbsp;net_tcp_client_data
<LI><a href="#[71]">&gt;&gt;</a>&nbsp;&nbsp;&nbsp;__2printf
</UL>
<BR>[Called By]<UL><LI><a href="#[ba]">&gt;&gt;</a>&nbsp;&nbsp;&nbsp;DHCP_UDP_TCP_LINK_Init
<LI><a href="#[2b]">&gt;&gt;</a>&nbsp;&nbsp;&nbsp;StartTask01
</UL>

<P><STRONG><a name="[85]"></a>CH57xNET_Init</STRONG> (Thumb, 258 bytes, Stack size 24 bytes, ch57xsock.o(i.CH57xNET_Init))
<BR><BR>[Stack]<UL><LI>Max Depth = 500<LI>Call Chain = CH57xNET_Init &rArr; SetupNetif &rArr; netif_add &rArr; netif_set_addr &rArr; netif_set_ipaddr &rArr; tcp_abandon &rArr; tcp_pcb_remove &rArr; tcp_output &rArr; tcp_send_empty_ack &rArr; ip_output &rArr; ip_output_if &rArr; ip_frag &rArr; pbuf_alloc &rArr; pbuf_free &rArr; mem_free &rArr; plug_holes
</UL>
<BR>[Calls]<UL><LI><a href="#[72]">&gt;&gt;</a>&nbsp;&nbsp;&nbsp;__aeabi_memclr4
<LI><a href="#[73]">&gt;&gt;</a>&nbsp;&nbsp;&nbsp;__aeabi_memcpy
<LI><a href="#[88]">&gt;&gt;</a>&nbsp;&nbsp;&nbsp;SetupNetif
<LI><a href="#[87]">&gt;&gt;</a>&nbsp;&nbsp;&nbsp;InitCH57xMAC
<LI><a href="#[86]">&gt;&gt;</a>&nbsp;&nbsp;&nbsp;CH57xSocketInit
</UL>
<BR>[Called By]<UL><LI><a href="#[89]">&gt;&gt;</a>&nbsp;&nbsp;&nbsp;CH57xNET_LibInit
</UL>

<P><STRONG><a name="[89]"></a>CH57xNET_LibInit</STRONG> (Thumb, 84 bytes, Stack size 48 bytes, net_init.o(i.CH57xNET_LibInit))
<BR><BR>[Stack]<UL><LI>Max Depth = 548<LI>Call Chain = CH57xNET_LibInit &rArr; CH57xNET_Init &rArr; SetupNetif &rArr; netif_add &rArr; netif_set_addr &rArr; netif_set_ipaddr &rArr; tcp_abandon &rArr; tcp_pcb_remove &rArr; tcp_output &rArr; tcp_send_empty_ack &rArr; ip_output &rArr; ip_output_if &rArr; ip_frag &rArr; pbuf_alloc &rArr; pbuf_free &rArr; mem_free &rArr; plug_holes
</UL>
<BR>[Calls]<UL><LI><a href="#[85]">&gt;&gt;</a>&nbsp;&nbsp;&nbsp;CH57xNET_Init
<LI><a href="#[8a]">&gt;&gt;</a>&nbsp;&nbsp;&nbsp;CH57xNET_GetVer
<LI><a href="#[8b]">&gt;&gt;</a>&nbsp;&nbsp;&nbsp;CH57xNET_ConfigLIB
<LI><a href="#[8c]">&gt;&gt;</a>&nbsp;&nbsp;&nbsp;net_initkeeplive
</UL>
<BR>[Called By]<UL><LI><a href="#[1d3]">&gt;&gt;</a>&nbsp;&nbsp;&nbsp;net_init
</UL>

<P><STRONG><a name="[8d]"></a>CH57xNET_MainTask</STRONG> (Thumb, 34 bytes, Stack size 8 bytes, ch57xsock.o(i.CH57xNET_MainTask))
<BR><BR>[Stack]<UL><LI>Max Depth = 412<LI>Call Chain = CH57xNET_MainTask &rArr; LwIPPeriodicHandle &rArr; tcp_tmr &rArr; tcp_slowtmr &rArr; tcp_rexmit_rto &rArr; tcp_output &rArr; tcp_send_empty_ack &rArr; ip_output &rArr; ip_output_if &rArr; ip_frag &rArr; pbuf_alloc &rArr; pbuf_free &rArr; mem_free &rArr; plug_holes
</UL>
<BR>[Calls]<UL><LI><a href="#[90]">&gt;&gt;</a>&nbsp;&nbsp;&nbsp;ethernetif_input
<LI><a href="#[8e]">&gt;&gt;</a>&nbsp;&nbsp;&nbsp;RemoveTimeWaiTCP
<LI><a href="#[8f]">&gt;&gt;</a>&nbsp;&nbsp;&nbsp;QuaryEthRxDma
<LI><a href="#[91]">&gt;&gt;</a>&nbsp;&nbsp;&nbsp;LwIPPeriodicHandle
<LI><a href="#[6e]">&gt;&gt;</a>&nbsp;&nbsp;&nbsp;CH57xIPSetSocketRecvInit
</UL>
<BR>[Called By]<UL><LI><a href="#[ba]">&gt;&gt;</a>&nbsp;&nbsp;&nbsp;DHCP_UDP_TCP_LINK_Init
<LI><a href="#[2b]">&gt;&gt;</a>&nbsp;&nbsp;&nbsp;StartTask01
<LI><a href="#[ae]">&gt;&gt;</a>&nbsp;&nbsp;&nbsp;SocketTcpSend
</UL>

<P><STRONG><a name="[7f]"></a>CH57xNET_QueryGlobalInt</STRONG> (Thumb, 48 bytes, Stack size 8 bytes, ch57xsock.o(i.CH57xNET_QueryGlobalInt))
<BR><BR>[Stack]<UL><LI>Max Depth = 8<LI>Call Chain = CH57xNET_QueryGlobalInt
</UL>
<BR>[Called By]<UL><LI><a href="#[ba]">&gt;&gt;</a>&nbsp;&nbsp;&nbsp;DHCP_UDP_TCP_LINK_Init
<LI><a href="#[2b]">&gt;&gt;</a>&nbsp;&nbsp;&nbsp;StartTask01
<LI><a href="#[7e]">&gt;&gt;</a>&nbsp;&nbsp;&nbsp;CH57xNET_GetGlobalInt
</UL>

<P><STRONG><a name="[92]"></a>CH57xNET_SocketClose</STRONG> (Thumb, 74 bytes, Stack size 8 bytes, ch57xsock.o(i.CH57xNET_SocketClose))
<BR><BR>[Stack]<UL><LI>Max Depth = 404<LI>Call Chain = CH57xNET_SocketClose &rArr; CloseTcpPCB &rArr; tcp_abandon &rArr; tcp_pcb_remove &rArr; tcp_output &rArr; tcp_send_empty_ack &rArr; ip_output &rArr; ip_output_if &rArr; ip_frag &rArr; pbuf_alloc &rArr; pbuf_free &rArr; mem_free &rArr; plug_holes
</UL>
<BR>[Calls]<UL><LI><a href="#[79]">&gt;&gt;</a>&nbsp;&nbsp;&nbsp;ErrorEncode
<LI><a href="#[93]">&gt;&gt;</a>&nbsp;&nbsp;&nbsp;CloseUpdConnect
<LI><a href="#[94]">&gt;&gt;</a>&nbsp;&nbsp;&nbsp;CloseTcpPCB
<LI><a href="#[95]">&gt;&gt;</a>&nbsp;&nbsp;&nbsp;CloseIPRAWConnect
</UL>
<BR>[Called By]<UL><LI><a href="#[1e0]">&gt;&gt;</a>&nbsp;&nbsp;&nbsp;net_tcp_client_reconnect
<LI><a href="#[16c]">&gt;&gt;</a>&nbsp;&nbsp;&nbsp;net_tcp_client_close
</UL>

<P><STRONG><a name="[96]"></a>CH57xNET_SocketConnect</STRONG> (Thumb, 82 bytes, Stack size 24 bytes, ch57xsock.o(i.CH57xNET_SocketConnect))
<BR><BR>[Stack]<UL><LI>Max Depth = 372<LI>Call Chain = CH57xNET_SocketConnect &rArr; tcp_connect &rArr; tcp_output &rArr; tcp_send_empty_ack &rArr; ip_output &rArr; ip_output_if &rArr; ip_frag &rArr; pbuf_alloc &rArr; pbuf_free &rArr; mem_free &rArr; plug_holes
</UL>
<BR>[Calls]<UL><LI><a href="#[79]">&gt;&gt;</a>&nbsp;&nbsp;&nbsp;ErrorEncode
<LI><a href="#[97]">&gt;&gt;</a>&nbsp;&nbsp;&nbsp;tcp_connect
<LI><a href="#[98]">&gt;&gt;</a>&nbsp;&nbsp;&nbsp;tcp_close
</UL>
<BR>[Called By]<UL><LI><a href="#[106]">&gt;&gt;</a>&nbsp;&nbsp;&nbsp;net_tcp_client_connect
</UL>

<P><STRONG><a name="[74]"></a>CH57xNET_SocketCreat</STRONG> (Thumb, 370 bytes, Stack size 24 bytes, ch57xsock.o(i.CH57xNET_SocketCreat))
<BR><BR>[Stack]<UL><LI>Max Depth = 428<LI>Call Chain = CH57xNET_SocketCreat &rArr; tcp_new &rArr; tcp_alloc &rArr; tcp_abandon &rArr; tcp_pcb_remove &rArr; tcp_output &rArr; tcp_send_empty_ack &rArr; ip_output &rArr; ip_output_if &rArr; ip_frag &rArr; pbuf_alloc &rArr; pbuf_free &rArr; mem_free &rArr; plug_holes
</UL>
<BR>[Calls]<UL><LI><a href="#[a2]">&gt;&gt;</a>&nbsp;&nbsp;&nbsp;udp_recv
<LI><a href="#[9d]">&gt;&gt;</a>&nbsp;&nbsp;&nbsp;udp_new
<LI><a href="#[a1]">&gt;&gt;</a>&nbsp;&nbsp;&nbsp;udp_connect
<LI><a href="#[a0]">&gt;&gt;</a>&nbsp;&nbsp;&nbsp;udp_bind
<LI><a href="#[9e]">&gt;&gt;</a>&nbsp;&nbsp;&nbsp;ntohl
<LI><a href="#[79]">&gt;&gt;</a>&nbsp;&nbsp;&nbsp;ErrorEncode
<LI><a href="#[a4]">&gt;&gt;</a>&nbsp;&nbsp;&nbsp;tcp_new
<LI><a href="#[a7]">&gt;&gt;</a>&nbsp;&nbsp;&nbsp;tcp_err
<LI><a href="#[98]">&gt;&gt;</a>&nbsp;&nbsp;&nbsp;tcp_close
<LI><a href="#[a5]">&gt;&gt;</a>&nbsp;&nbsp;&nbsp;tcp_bind
<LI><a href="#[a6]">&gt;&gt;</a>&nbsp;&nbsp;&nbsp;tcp_arg
<LI><a href="#[9c]">&gt;&gt;</a>&nbsp;&nbsp;&nbsp;raw_recv
<LI><a href="#[99]">&gt;&gt;</a>&nbsp;&nbsp;&nbsp;raw_new
<LI><a href="#[9b]">&gt;&gt;</a>&nbsp;&nbsp;&nbsp;raw_connect
<LI><a href="#[9a]">&gt;&gt;</a>&nbsp;&nbsp;&nbsp;raw_bind
<LI><a href="#[9f]">&gt;&gt;</a>&nbsp;&nbsp;&nbsp;ip_addr_isbroadcast
<LI><a href="#[a3]">&gt;&gt;</a>&nbsp;&nbsp;&nbsp;etharp_request
<LI><a href="#[86]">&gt;&gt;</a>&nbsp;&nbsp;&nbsp;CH57xSocketInit
</UL>
<BR>[Called By]<UL><LI><a href="#[16d]">&gt;&gt;</a>&nbsp;&nbsp;&nbsp;net_tcp_client_creat_socket
<LI><a href="#[70]">&gt;&gt;</a>&nbsp;&nbsp;&nbsp;CH57xNET_CreatUdpSocket
</UL>

<P><STRONG><a name="[a8]"></a>CH57xNET_SocketRecv</STRONG> (Thumb, 390 bytes, Stack size 40 bytes, ch57xsock.o(i.CH57xNET_SocketRecv))
<BR><BR>[Stack]<UL><LI>Max Depth = 348<LI>Call Chain = CH57xNET_SocketRecv &rArr; tcp_recved_socket &rArr; tcp_output &rArr; tcp_send_empty_ack &rArr; ip_output &rArr; ip_output_if &rArr; ip_frag &rArr; pbuf_alloc &rArr; pbuf_free &rArr; mem_free &rArr; plug_holes
</UL>
<BR>[Calls]<UL><LI><a href="#[73]">&gt;&gt;</a>&nbsp;&nbsp;&nbsp;__aeabi_memcpy
<LI><a href="#[aa]">&gt;&gt;</a>&nbsp;&nbsp;&nbsp;tcp_recved_socket
<LI><a href="#[a9]">&gt;&gt;</a>&nbsp;&nbsp;&nbsp;MemShortCopy
</UL>
<BR>[Called By]<UL><LI><a href="#[84]">&gt;&gt;</a>&nbsp;&nbsp;&nbsp;net_udp_socket_data
<LI><a href="#[83]">&gt;&gt;</a>&nbsp;&nbsp;&nbsp;net_tcp_client_data
</UL>

<P><STRONG><a name="[1df]"></a>CH57xNET_SocketRecvLen</STRONG> (Thumb, 20 bytes, Stack size 0 bytes, ch57xsock.o(i.CH57xNET_SocketRecvLen))
<BR><BR>[Called By]<UL><LI><a href="#[84]">&gt;&gt;</a>&nbsp;&nbsp;&nbsp;net_udp_socket_data
<LI><a href="#[83]">&gt;&gt;</a>&nbsp;&nbsp;&nbsp;net_tcp_client_data
</UL>

<P><STRONG><a name="[ab]"></a>CH57xNET_SocketSend</STRONG> (Thumb, 60 bytes, Stack size 8 bytes, ch57xsock.o(i.CH57xNET_SocketSend))
<BR><BR>[Stack]<UL><LI>Max Depth = 460<LI>Call Chain = CH57xNET_SocketSend &rArr; SocketTcpSend &rArr; CH57xNET_MainTask &rArr; LwIPPeriodicHandle &rArr; tcp_tmr &rArr; tcp_slowtmr &rArr; tcp_rexmit_rto &rArr; tcp_output &rArr; tcp_send_empty_ack &rArr; ip_output &rArr; ip_output_if &rArr; ip_frag &rArr; pbuf_alloc &rArr; pbuf_free &rArr; mem_free &rArr; plug_holes
</UL>
<BR>[Calls]<UL><LI><a href="#[ad]">&gt;&gt;</a>&nbsp;&nbsp;&nbsp;SocketUdpSend
<LI><a href="#[ae]">&gt;&gt;</a>&nbsp;&nbsp;&nbsp;SocketTcpSend
<LI><a href="#[ac]">&gt;&gt;</a>&nbsp;&nbsp;&nbsp;SocketIPRawSend
</UL>
<BR>[Called By]<UL><LI><a href="#[1db]">&gt;&gt;</a>&nbsp;&nbsp;&nbsp;net_tcp_client_send
</UL>

<P><STRONG><a name="[1de]"></a>CH57xNET_SocketSetKeepLive</STRONG> (Thumb, 44 bytes, Stack size 0 bytes, ch57xsock.o(i.CH57xNET_SocketSetKeepLive))
<BR><BR>[Called By]<UL><LI><a href="#[16d]">&gt;&gt;</a>&nbsp;&nbsp;&nbsp;net_tcp_client_creat_socket
</UL>

<P><STRONG><a name="[af]"></a>CH57xNET_SocketUdpSendTo</STRONG> (Thumb, 196 bytes, Stack size 56 bytes, ch57xsock.o(i.CH57xNET_SocketUdpSendTo))
<BR><BR>[Stack]<UL><LI>Max Depth = 324<LI>Call Chain = CH57xNET_SocketUdpSendTo &rArr; udp_sendto &rArr; udp_sendto_if &rArr; ip_output_if &rArr; ip_frag &rArr; pbuf_alloc &rArr; pbuf_free &rArr; mem_free &rArr; plug_holes
</UL>
<BR>[Calls]<UL><LI><a href="#[b2]">&gt;&gt;</a>&nbsp;&nbsp;&nbsp;pbuf_free
<LI><a href="#[b0]">&gt;&gt;</a>&nbsp;&nbsp;&nbsp;pbuf_alloc
<LI><a href="#[79]">&gt;&gt;</a>&nbsp;&nbsp;&nbsp;ErrorEncode
<LI><a href="#[73]">&gt;&gt;</a>&nbsp;&nbsp;&nbsp;__aeabi_memcpy
<LI><a href="#[b1]">&gt;&gt;</a>&nbsp;&nbsp;&nbsp;udp_sendto
<LI><a href="#[6f]">&gt;&gt;</a>&nbsp;&nbsp;&nbsp;CH57xScokedIntHandle
</UL>
<BR>[Called By]<UL><LI><a href="#[ba]">&gt;&gt;</a>&nbsp;&nbsp;&nbsp;DHCP_UDP_TCP_LINK_Init
</UL>

<P><STRONG><a name="[b3]"></a>CH57xNET_TimeIsr</STRONG> (Thumb, 60 bytes, Stack size 4 bytes, ch57xsock.o(i.CH57xNET_TimeIsr))
<BR><BR>[Stack]<UL><LI>Max Depth = 4<LI>Call Chain = CH57xNET_TimeIsr
</UL>
<BR>[Calls]<UL><LI><a href="#[81]">&gt;&gt;</a>&nbsp;&nbsp;&nbsp;CH57xNET_GetPHYStatus
<LI><a href="#[b4]">&gt;&gt;</a>&nbsp;&nbsp;&nbsp;phy_change
</UL>
<BR>[Called By]<UL><LI><a href="#[a]">&gt;&gt;</a>&nbsp;&nbsp;&nbsp;TMR0_IRQHandler
</UL>

<P><STRONG><a name="[6f]"></a>CH57xScokedIntHandle</STRONG> (Thumb, 72 bytes, Stack size 16 bytes, ch57xsock.o(i.CH57xScokedIntHandle))
<BR><BR>[Stack]<UL><LI>Max Depth = 16 + In Cycle
<LI>Call Chain = CH57xScokedIntHandle &rArr;  tcp_close (Cycle)
</UL>
<BR>[Calls]<UL><LI><a href="#[98]">&gt;&gt;</a>&nbsp;&nbsp;&nbsp;tcp_close
</UL>
<BR>[Called By]<UL><LI><a href="#[af]">&gt;&gt;</a>&nbsp;&nbsp;&nbsp;CH57xNET_SocketUdpSendTo
<LI><a href="#[ac]">&gt;&gt;</a>&nbsp;&nbsp;&nbsp;SocketIPRawSend
<LI><a href="#[24]">&gt;&gt;</a>&nbsp;&nbsp;&nbsp;LwipTcpConnectedCallBack
<LI><a href="#[e8]">&gt;&gt;</a>&nbsp;&nbsp;&nbsp;LwipRemoveTcpPcb
<LI><a href="#[6e]">&gt;&gt;</a>&nbsp;&nbsp;&nbsp;CH57xIPSetSocketRecvInit
</UL>

<P><STRONG><a name="[86]"></a>CH57xSocketInit</STRONG> (Thumb, 42 bytes, Stack size 16 bytes, ch57xsock.o(i.CH57xSocketInit))
<BR><BR>[Stack]<UL><LI>Max Depth = 16<LI>Call Chain = CH57xSocketInit
</UL>
<BR>[Calls]<UL><LI><a href="#[72]">&gt;&gt;</a>&nbsp;&nbsp;&nbsp;__aeabi_memclr4
<LI><a href="#[b5]">&gt;&gt;</a>&nbsp;&nbsp;&nbsp;__aeabi_memcpy4
</UL>
<BR>[Called By]<UL><LI><a href="#[74]">&gt;&gt;</a>&nbsp;&nbsp;&nbsp;CH57xNET_SocketCreat
<LI><a href="#[85]">&gt;&gt;</a>&nbsp;&nbsp;&nbsp;CH57xNET_Init
</UL>

<P><STRONG><a name="[28]"></a>CH57xSocketTCPReceive</STRONG> (Thumb, 258 bytes, Stack size 48 bytes, ch57xsock.o(i.CH57xSocketTCPReceive))
<BR><BR>[Stack]<UL><LI>Max Depth = 380<LI>Call Chain = CH57xSocketTCPReceive &rArr; tcp_close &rArr; tcp_pcb_remove &rArr; tcp_output &rArr; tcp_send_empty_ack &rArr; ip_output &rArr; ip_output_if &rArr; ip_frag &rArr; pbuf_alloc &rArr; pbuf_free &rArr; mem_free &rArr; plug_holes
</UL>
<BR>[Calls]<UL><LI><a href="#[b2]">&gt;&gt;</a>&nbsp;&nbsp;&nbsp;pbuf_free
<LI><a href="#[73]">&gt;&gt;</a>&nbsp;&nbsp;&nbsp;__aeabi_memcpy
<LI><a href="#[98]">&gt;&gt;</a>&nbsp;&nbsp;&nbsp;tcp_close
<LI><a href="#[b6]">&gt;&gt;</a>&nbsp;&nbsp;&nbsp;tcp_recved_CH57x
</UL>
<BR>[Address Reference Count : 1]<UL><LI> ch57xsock.o(i.LwipTcpConnectedCallBack)
</UL>
<P><STRONG><a name="[27]"></a>CH57xTCPError</STRONG> (Thumb, 2 bytes, Stack size 0 bytes, ch57xsock.o(i.CH57xTCPError))
<BR>[Address Reference Count : 1]<UL><LI> ch57xsock.o(i.CH57xNET_SocketCreat)
</UL>
<P><STRONG><a name="[95]"></a>CloseIPRAWConnect</STRONG> (Thumb, 42 bytes, Stack size 8 bytes, ch57xsock.o(i.CloseIPRAWConnect))
<BR><BR>[Stack]<UL><LI>Max Depth = 16<LI>Call Chain = CloseIPRAWConnect &rArr; raw_remove
</UL>
<BR>[Calls]<UL><LI><a href="#[b7]">&gt;&gt;</a>&nbsp;&nbsp;&nbsp;raw_remove
</UL>
<BR>[Called By]<UL><LI><a href="#[92]">&gt;&gt;</a>&nbsp;&nbsp;&nbsp;CH57xNET_SocketClose
</UL>

<P><STRONG><a name="[94]"></a>CloseTcpPCB</STRONG> (Thumb, 78 bytes, Stack size 24 bytes, ch57xsock.o(i.CloseTcpPCB))
<BR><BR>[Stack]<UL><LI>Max Depth = 396<LI>Call Chain = CloseTcpPCB &rArr; tcp_abandon &rArr; tcp_pcb_remove &rArr; tcp_output &rArr; tcp_send_empty_ack &rArr; ip_output &rArr; ip_output_if &rArr; ip_frag &rArr; pbuf_alloc &rArr; pbuf_free &rArr; mem_free &rArr; plug_holes
</UL>
<BR>[Calls]<UL><LI><a href="#[79]">&gt;&gt;</a>&nbsp;&nbsp;&nbsp;ErrorEncode
<LI><a href="#[98]">&gt;&gt;</a>&nbsp;&nbsp;&nbsp;tcp_close
<LI><a href="#[b8]">&gt;&gt;</a>&nbsp;&nbsp;&nbsp;tcp_abandon
</UL>
<BR>[Called By]<UL><LI><a href="#[92]">&gt;&gt;</a>&nbsp;&nbsp;&nbsp;CH57xNET_SocketClose
</UL>

<P><STRONG><a name="[93]"></a>CloseUpdConnect</STRONG> (Thumb, 42 bytes, Stack size 8 bytes, ch57xsock.o(i.CloseUpdConnect))
<BR><BR>[Stack]<UL><LI>Max Depth = 16<LI>Call Chain = CloseUpdConnect &rArr; udp_remove
</UL>
<BR>[Calls]<UL><LI><a href="#[b9]">&gt;&gt;</a>&nbsp;&nbsp;&nbsp;udp_remove
</UL>
<BR>[Called By]<UL><LI><a href="#[92]">&gt;&gt;</a>&nbsp;&nbsp;&nbsp;CH57xNET_SocketClose
</UL>

<P><STRONG><a name="[ba]"></a>DHCP_UDP_TCP_LINK_Init</STRONG> (Thumb, 204 bytes, Stack size 16 bytes, net_tcp_client.o(i.DHCP_UDP_TCP_LINK_Init))
<BR><BR>[Stack]<UL><LI>Max Depth = 564<LI>Call Chain = DHCP_UDP_TCP_LINK_Init &rArr; CH57xNET_HandleGlobalInt &rArr; net_tcp_client_data &rArr; Hub_register_server &rArr; msg_send_packed &rArr; net_tcp_client_send &rArr; CH57xNET_SocketSend &rArr; SocketTcpSend &rArr; CH57xNET_MainTask &rArr; LwIPPeriodicHandle &rArr; tcp_tmr &rArr; tcp_slowtmr &rArr; tcp_rexmit_rto &rArr; tcp_output &rArr; tcp_send_empty_ack &rArr; ip_output &rArr; ip_output_if &rArr; ip_frag &rArr; pbuf_alloc &rArr; pbuf_free &rArr; mem_free &rArr; plug_holes
</UL>
<BR>[Calls]<UL><LI><a href="#[bb]">&gt;&gt;</a>&nbsp;&nbsp;&nbsp;net_dhcp_while
<LI><a href="#[bd]">&gt;&gt;</a>&nbsp;&nbsp;&nbsp;mDelaymS
<LI><a href="#[30]">&gt;&gt;</a>&nbsp;&nbsp;&nbsp;dhcp_callback
<LI><a href="#[7f]">&gt;&gt;</a>&nbsp;&nbsp;&nbsp;CH57xNET_QueryGlobalInt
<LI><a href="#[8d]">&gt;&gt;</a>&nbsp;&nbsp;&nbsp;CH57xNET_MainTask
<LI><a href="#[80]">&gt;&gt;</a>&nbsp;&nbsp;&nbsp;CH57xNET_HandleGlobalInt
<LI><a href="#[bc]">&gt;&gt;</a>&nbsp;&nbsp;&nbsp;dhcp_callback1
<LI><a href="#[af]">&gt;&gt;</a>&nbsp;&nbsp;&nbsp;CH57xNET_SocketUdpSendTo
<LI><a href="#[71]">&gt;&gt;</a>&nbsp;&nbsp;&nbsp;__2printf
</UL>
<BR>[Called By]<UL><LI><a href="#[1e]">&gt;&gt;</a>&nbsp;&nbsp;&nbsp;main
</UL>

<P><STRONG><a name="[d5]"></a>ETHInit</STRONG> (Thumb, 242 bytes, Stack size 16 bytes, eth.o(i.ETHInit))
<BR><BR>[Stack]<UL><LI>Max Depth = 16<LI>Call Chain = ETHInit
</UL>
<BR>[Called By]<UL><LI><a href="#[87]">&gt;&gt;</a>&nbsp;&nbsp;&nbsp;InitCH57xMAC
</UL>

<P><STRONG><a name="[1cd]"></a>ETHRec</STRONG> (Thumb, 88 bytes, Stack size 16 bytes, eth.o(i.ETHRec))
<BR><BR>[Stack]<UL><LI>Max Depth = 16<LI>Call Chain = ETHRec
</UL>
<BR>[Called By]<UL><LI><a href="#[19a]">&gt;&gt;</a>&nbsp;&nbsp;&nbsp;low_level_input
</UL>

<P><STRONG><a name="[1ce]"></a>ETHSend</STRONG> (Thumb, 76 bytes, Stack size 12 bytes, eth.o(i.ETHSend))
<BR><BR>[Stack]<UL><LI>Max Depth = 12<LI>Call Chain = ETHSend
</UL>
<BR>[Called By]<UL><LI><a href="#[43]">&gt;&gt;</a>&nbsp;&nbsp;&nbsp;low_level_output
</UL>

<P><STRONG><a name="[11]"></a>ETH_IRQHandler</STRONG> (Thumb, 8 bytes, Stack size 8 bytes, net_init.o(i.ETH_IRQHandler))
<BR><BR>[Stack]<UL><LI>Max Depth = 60<LI>Call Chain = ETH_IRQHandler &rArr; CH57xNET_ETHIsr &rArr; ETH_IRQ_Deal &rArr; CH57xMACRxSuccHandle
</UL>
<BR>[Calls]<UL><LI><a href="#[7c]">&gt;&gt;</a>&nbsp;&nbsp;&nbsp;CH57xNET_ETHIsr
</UL>
<BR>[Address Reference Count : 1]<UL><LI> startup_armcm0.o(RESET)
</UL>
<P><STRONG><a name="[7d]"></a>ETH_IRQ_Deal</STRONG> (Thumb, 142 bytes, Stack size 24 bytes, eth.o(i.ETH_IRQ_Deal))
<BR><BR>[Stack]<UL><LI>Max Depth = 44<LI>Call Chain = ETH_IRQ_Deal &rArr; CH57xMACRxSuccHandle
</UL>
<BR>[Calls]<UL><LI><a href="#[be]">&gt;&gt;</a>&nbsp;&nbsp;&nbsp;CH57xMACRxSuccHandle
<LI><a href="#[bf]">&gt;&gt;</a>&nbsp;&nbsp;&nbsp;ReadPHYReg
<LI><a href="#[c0]">&gt;&gt;</a>&nbsp;&nbsp;&nbsp;IPCheckParaInit
</UL>
<BR>[Called By]<UL><LI><a href="#[7c]">&gt;&gt;</a>&nbsp;&nbsp;&nbsp;CH57xNET_ETHIsr
</UL>

<P><STRONG><a name="[79]"></a>ErrorEncode</STRONG> (Thumb, 18 bytes, Stack size 0 bytes, ch57xsock.o(i.ErrorEncode))
<BR><BR>[Called By]<UL><LI><a href="#[af]">&gt;&gt;</a>&nbsp;&nbsp;&nbsp;CH57xNET_SocketUdpSendTo
<LI><a href="#[96]">&gt;&gt;</a>&nbsp;&nbsp;&nbsp;CH57xNET_SocketConnect
<LI><a href="#[74]">&gt;&gt;</a>&nbsp;&nbsp;&nbsp;CH57xNET_SocketCreat
<LI><a href="#[92]">&gt;&gt;</a>&nbsp;&nbsp;&nbsp;CH57xNET_SocketClose
<LI><a href="#[77]">&gt;&gt;</a>&nbsp;&nbsp;&nbsp;CH57xNET_DHCPStart
<LI><a href="#[ad]">&gt;&gt;</a>&nbsp;&nbsp;&nbsp;SocketUdpSend
<LI><a href="#[ae]">&gt;&gt;</a>&nbsp;&nbsp;&nbsp;SocketTcpSend
<LI><a href="#[ac]">&gt;&gt;</a>&nbsp;&nbsp;&nbsp;SocketIPRawSend
<LI><a href="#[94]">&gt;&gt;</a>&nbsp;&nbsp;&nbsp;CloseTcpPCB
</UL>

<P><STRONG><a name="[c1]"></a>GPIOA_ModeCfg</STRONG> (Thumb, 146 bytes, Stack size 4 bytes, ch57x_gpio.o(i.GPIOA_ModeCfg))
<BR><BR>[Stack]<UL><LI>Max Depth = 12<LI>Call Chain = GPIOA_ModeCfg &rArr; __ARM_common_switch8
</UL>
<BR>[Calls]<UL><LI><a href="#[c2]">&gt;&gt;</a>&nbsp;&nbsp;&nbsp;__ARM_common_switch8
</UL>
<BR>[Called By]<UL><LI><a href="#[1d2]">&gt;&gt;</a>&nbsp;&nbsp;&nbsp;uart_init
<LI><a href="#[1b2]">&gt;&gt;</a>&nbsp;&nbsp;&nbsp;sfud_spi_port_init
</UL>

<P><STRONG><a name="[c3]"></a>GPIOB_ModeCfg</STRONG> (Thumb, 146 bytes, Stack size 4 bytes, ch57x_gpio.o(i.GPIOB_ModeCfg))
<BR><BR>[Stack]<UL><LI>Max Depth = 12<LI>Call Chain = GPIOB_ModeCfg &rArr; __ARM_common_switch8
</UL>
<BR>[Calls]<UL><LI><a href="#[c2]">&gt;&gt;</a>&nbsp;&nbsp;&nbsp;__ARM_common_switch8
</UL>
<BR>[Called By]<UL><LI><a href="#[1d2]">&gt;&gt;</a>&nbsp;&nbsp;&nbsp;uart_init
<LI><a href="#[1cb]">&gt;&gt;</a>&nbsp;&nbsp;&nbsp;key_init
<LI><a href="#[1e]">&gt;&gt;</a>&nbsp;&nbsp;&nbsp;main
</UL>

<P><STRONG><a name="[234]"></a>GPIOPinRemap</STRONG> (Thumb, 28 bytes, Stack size 0 bytes, ch57x_gpio.o(i.GPIOPinRemap))
<BR><BR>[Called By]<UL><LI><a href="#[1d2]">&gt;&gt;</a>&nbsp;&nbsp;&nbsp;uart_init
</UL>

<P><STRONG><a name="[c4]"></a>GetDateTimeFromUnixSecond</STRONG> (Thumb, 328 bytes, Stack size 56 bytes, timswitch.o(i.GetDateTimeFromUnixSecond))
<BR><BR>[Stack]<UL><LI>Max Depth = 116<LI>Call Chain = GetDateTimeFromUnixSecond &rArr; GetWeekFromDate &rArr; __aeabi_idivmod &rArr; __aeabi_uidivmod
</UL>
<BR>[Calls]<UL><LI><a href="#[c5]">&gt;&gt;</a>&nbsp;&nbsp;&nbsp;GetWeekFromDate
<LI><a href="#[73]">&gt;&gt;</a>&nbsp;&nbsp;&nbsp;__aeabi_memcpy
<LI><a href="#[5c]">&gt;&gt;</a>&nbsp;&nbsp;&nbsp;__aeabi_uidivmod
</UL>
<BR>[Called By]<UL><LI><a href="#[10d]">&gt;&gt;</a>&nbsp;&nbsp;&nbsp;tcp_recv_server_time_back_data
</UL>

<P><STRONG><a name="[c7]"></a>GetMACAddress</STRONG> (Thumb, 24 bytes, Stack size 0 bytes, ch57x_flash.o(i.GetMACAddress))
<BR><BR>[Called By]<UL><LI><a href="#[cf]">&gt;&gt;</a>&nbsp;&nbsp;&nbsp;Hub_register_server
<LI><a href="#[c6]">&gt;&gt;</a>&nbsp;&nbsp;&nbsp;GetMacAddr
</UL>

<P><STRONG><a name="[c6]"></a>GetMacAddr</STRONG> (Thumb, 34 bytes, Stack size 24 bytes, net_init.o(i.GetMacAddr))
<BR><BR>[Stack]<UL><LI>Max Depth = 24<LI>Call Chain = GetMacAddr
</UL>
<BR>[Calls]<UL><LI><a href="#[c7]">&gt;&gt;</a>&nbsp;&nbsp;&nbsp;GetMACAddress
</UL>
<BR>[Called By]<UL><LI><a href="#[1d3]">&gt;&gt;</a>&nbsp;&nbsp;&nbsp;net_init
</UL>

<P><STRONG><a name="[c8]"></a>GetSysClock</STRONG> (Thumb, 66 bytes, Stack size 8 bytes, ch57x_clk.o(i.GetSysClock))
<BR><BR>[Stack]<UL><LI>Max Depth = 36<LI>Call Chain = GetSysClock &rArr; __aeabi_idivmod &rArr; __aeabi_uidivmod
</UL>
<BR>[Calls]<UL><LI><a href="#[5b]">&gt;&gt;</a>&nbsp;&nbsp;&nbsp;__aeabi_idivmod
</UL>
<BR>[Called By]<UL><LI><a href="#[11d]">&gt;&gt;</a>&nbsp;&nbsp;&nbsp;UART3_BaudRateCfg
<LI><a href="#[118]">&gt;&gt;</a>&nbsp;&nbsp;&nbsp;UART0_BaudRateCfg
</UL>

<P><STRONG><a name="[c9]"></a>GetUnixSecond</STRONG> (Thumb, 236 bytes, Stack size 56 bytes, timswitch.o(i.GetUnixSecond))
<BR><BR>[Stack]<UL><LI>Max Depth = 84<LI>Call Chain = GetUnixSecond &rArr; __aeabi_idivmod &rArr; __aeabi_uidivmod
</UL>
<BR>[Calls]<UL><LI><a href="#[5b]">&gt;&gt;</a>&nbsp;&nbsp;&nbsp;__aeabi_idivmod
</UL>
<BR>[Called By]<UL><LI><a href="#[dc]">&gt;&gt;</a>&nbsp;&nbsp;&nbsp;get_rtc_tim_switch_sec
<LI><a href="#[116]">&gt;&gt;</a>&nbsp;&nbsp;&nbsp;bind_set
<LI><a href="#[3a]">&gt;&gt;</a>&nbsp;&nbsp;&nbsp;get_time
</UL>

<P><STRONG><a name="[c5]"></a>GetWeekFromDate</STRONG> (Thumb, 178 bytes, Stack size 32 bytes, timswitch.o(i.GetWeekFromDate))
<BR><BR>[Stack]<UL><LI>Max Depth = 60<LI>Call Chain = GetWeekFromDate &rArr; __aeabi_idivmod &rArr; __aeabi_uidivmod
</UL>
<BR>[Calls]<UL><LI><a href="#[5b]">&gt;&gt;</a>&nbsp;&nbsp;&nbsp;__aeabi_idivmod
</UL>
<BR>[Called By]<UL><LI><a href="#[c4]">&gt;&gt;</a>&nbsp;&nbsp;&nbsp;GetDateTimeFromUnixSecond
</UL>

<P><STRONG><a name="[ca]"></a>Hub_Beat_server</STRONG> (Thumb, 122 bytes, Stack size 8 bytes, send_tcp.o(i.Hub_Beat_server))
<BR><BR>[Stack]<UL><LI>Max Depth = 508<LI>Call Chain = Hub_Beat_server &rArr; msg_send_packed &rArr; net_tcp_client_send &rArr; CH57xNET_SocketSend &rArr; SocketTcpSend &rArr; CH57xNET_MainTask &rArr; LwIPPeriodicHandle &rArr; tcp_tmr &rArr; tcp_slowtmr &rArr; tcp_rexmit_rto &rArr; tcp_output &rArr; tcp_send_empty_ack &rArr; ip_output &rArr; ip_output_if &rArr; ip_frag &rArr; pbuf_alloc &rArr; pbuf_free &rArr; mem_free &rArr; plug_holes
</UL>
<BR>[Calls]<UL><LI><a href="#[cd]">&gt;&gt;</a>&nbsp;&nbsp;&nbsp;log_hex
<LI><a href="#[cc]">&gt;&gt;</a>&nbsp;&nbsp;&nbsp;msg_send_packed
<LI><a href="#[cb]">&gt;&gt;</a>&nbsp;&nbsp;&nbsp;mntohs
<LI><a href="#[71]">&gt;&gt;</a>&nbsp;&nbsp;&nbsp;__2printf
</UL>
<BR>[Called By]<UL><LI><a href="#[12]">&gt;&gt;</a>&nbsp;&nbsp;&nbsp;TMR1_IRQHandler
</UL>

<P><STRONG><a name="[ce]"></a>Hub_GetTime_server</STRONG> (Thumb, 122 bytes, Stack size 8 bytes, send_tcp.o(i.Hub_GetTime_server))
<BR><BR>[Stack]<UL><LI>Max Depth = 508<LI>Call Chain = Hub_GetTime_server &rArr; msg_send_packed &rArr; net_tcp_client_send &rArr; CH57xNET_SocketSend &rArr; SocketTcpSend &rArr; CH57xNET_MainTask &rArr; LwIPPeriodicHandle &rArr; tcp_tmr &rArr; tcp_slowtmr &rArr; tcp_rexmit_rto &rArr; tcp_output &rArr; tcp_send_empty_ack &rArr; ip_output &rArr; ip_output_if &rArr; ip_frag &rArr; pbuf_alloc &rArr; pbuf_free &rArr; mem_free &rArr; plug_holes
</UL>
<BR>[Calls]<UL><LI><a href="#[cd]">&gt;&gt;</a>&nbsp;&nbsp;&nbsp;log_hex
<LI><a href="#[cc]">&gt;&gt;</a>&nbsp;&nbsp;&nbsp;msg_send_packed
<LI><a href="#[cb]">&gt;&gt;</a>&nbsp;&nbsp;&nbsp;mntohs
<LI><a href="#[71]">&gt;&gt;</a>&nbsp;&nbsp;&nbsp;__2printf
</UL>
<BR>[Called By]<UL><LI><a href="#[10c]">&gt;&gt;</a>&nbsp;&nbsp;&nbsp;tcp_recv_server_register_back_data
</UL>

<P><STRONG><a name="[cf]"></a>Hub_register_server</STRONG> (Thumb, 248 bytes, Stack size 8 bytes, send_tcp.o(i.Hub_register_server))
<BR><BR>[Stack]<UL><LI>Max Depth = 508<LI>Call Chain = Hub_register_server &rArr; msg_send_packed &rArr; net_tcp_client_send &rArr; CH57xNET_SocketSend &rArr; SocketTcpSend &rArr; CH57xNET_MainTask &rArr; LwIPPeriodicHandle &rArr; tcp_tmr &rArr; tcp_slowtmr &rArr; tcp_rexmit_rto &rArr; tcp_output &rArr; tcp_send_empty_ack &rArr; ip_output &rArr; ip_output_if &rArr; ip_frag &rArr; pbuf_alloc &rArr; pbuf_free &rArr; mem_free &rArr; plug_holes
</UL>
<BR>[Calls]<UL><LI><a href="#[cd]">&gt;&gt;</a>&nbsp;&nbsp;&nbsp;log_hex
<LI><a href="#[c7]">&gt;&gt;</a>&nbsp;&nbsp;&nbsp;GetMACAddress
<LI><a href="#[cc]">&gt;&gt;</a>&nbsp;&nbsp;&nbsp;msg_send_packed
<LI><a href="#[cb]">&gt;&gt;</a>&nbsp;&nbsp;&nbsp;mntohs
<LI><a href="#[5d]">&gt;&gt;</a>&nbsp;&nbsp;&nbsp;__aeabi_memclr
<LI><a href="#[71]">&gt;&gt;</a>&nbsp;&nbsp;&nbsp;__2printf
</UL>
<BR>[Called By]<UL><LI><a href="#[83]">&gt;&gt;</a>&nbsp;&nbsp;&nbsp;net_tcp_client_data
</UL>

<P><STRONG><a name="[c0]"></a>IPCheckParaInit</STRONG> (Thumb, 30 bytes, Stack size 16 bytes, ipcheck.o(i.IPCheckParaInit))
<BR><BR>[Stack]<UL><LI>Max Depth = 16<LI>Call Chain = IPCheckParaInit
</UL>
<BR>[Calls]<UL><LI><a href="#[d0]">&gt;&gt;</a>&nbsp;&nbsp;&nbsp;__aeabi_uwrite4
</UL>
<BR>[Called By]<UL><LI><a href="#[d1]">&gt;&gt;</a>&nbsp;&nbsp;&nbsp;IPCheckTmr
<LI><a href="#[d4]">&gt;&gt;</a>&nbsp;&nbsp;&nbsp;IPConflictHandle
<LI><a href="#[7d]">&gt;&gt;</a>&nbsp;&nbsp;&nbsp;ETH_IRQ_Deal
</UL>

<P><STRONG><a name="[d1]"></a>IPCheckTmr</STRONG> (Thumb, 82 bytes, Stack size 16 bytes, ipcheck.o(i.IPCheckTmr))
<BR><BR>[Stack]<UL><LI>Max Depth = 156<LI>Call Chain = IPCheckTmr &rArr; SelIPARPSend &rArr; etharp_request &rArr; etharp_raw &rArr; pbuf_alloc &rArr; pbuf_free &rArr; mem_free &rArr; plug_holes
</UL>
<BR>[Calls]<UL><LI><a href="#[d3]">&gt;&gt;</a>&nbsp;&nbsp;&nbsp;SelIPARPSend
<LI><a href="#[c0]">&gt;&gt;</a>&nbsp;&nbsp;&nbsp;IPCheckParaInit
<LI><a href="#[d0]">&gt;&gt;</a>&nbsp;&nbsp;&nbsp;__aeabi_uwrite4
<LI><a href="#[d2]">&gt;&gt;</a>&nbsp;&nbsp;&nbsp;__aeabi_uread4
</UL>
<BR>[Called By]<UL><LI><a href="#[91]">&gt;&gt;</a>&nbsp;&nbsp;&nbsp;LwIPPeriodicHandle
</UL>

<P><STRONG><a name="[d4]"></a>IPConflictHandle</STRONG> (Thumb, 38 bytes, Stack size 8 bytes, ipcheck.o(i.IPConflictHandle))
<BR><BR>[Stack]<UL><LI>Max Depth = 24<LI>Call Chain = IPConflictHandle &rArr; IPCheckParaInit
</UL>
<BR>[Calls]<UL><LI><a href="#[c0]">&gt;&gt;</a>&nbsp;&nbsp;&nbsp;IPCheckParaInit
</UL>
<BR>[Called By]<UL><LI><a href="#[191]">&gt;&gt;</a>&nbsp;&nbsp;&nbsp;update_arp_entry
</UL>

<P><STRONG><a name="[87]"></a>InitCH57xMAC</STRONG> (Thumb, 22 bytes, Stack size 8 bytes, hal.o(i.InitCH57xMAC))
<BR><BR>[Stack]<UL><LI>Max Depth = 24<LI>Call Chain = InitCH57xMAC &rArr; ETHInit
</UL>
<BR>[Calls]<UL><LI><a href="#[d5]">&gt;&gt;</a>&nbsp;&nbsp;&nbsp;ETHInit
</UL>
<BR>[Called By]<UL><LI><a href="#[85]">&gt;&gt;</a>&nbsp;&nbsp;&nbsp;CH57xNET_Init
</UL>

<P><STRONG><a name="[d6]"></a>KEY_Scan</STRONG> (Thumb, 40 bytes, Stack size 8 bytes, led.o(i.KEY_Scan))
<BR><BR>[Stack]<UL><LI>Max Depth = 28<LI>Call Chain = KEY_Scan &rArr; mDelaymS &rArr; mDelayuS
</UL>
<BR>[Calls]<UL><LI><a href="#[bd]">&gt;&gt;</a>&nbsp;&nbsp;&nbsp;mDelaymS
</UL>
<BR>[Called By]<UL><LI><a href="#[2d]">&gt;&gt;</a>&nbsp;&nbsp;&nbsp;StartTask03
</UL>

<P><STRONG><a name="[f8]"></a>LClk32K_Select</STRONG> (Thumb, 56 bytes, Stack size 0 bytes, ch57x_clk.o(i.LClk32K_Select))
<BR><BR>[Called By]<UL><LI><a href="#[f7]">&gt;&gt;</a>&nbsp;&nbsp;&nbsp;RTC_Int
</UL>

<P><STRONG><a name="[d7]"></a>LORA_Init</STRONG> (Thumb, 68 bytes, Stack size 8 bytes, uart.o(i.LORA_Init))
<BR><BR>[Stack]<UL><LI>Max Depth = 88<LI>Call Chain = LORA_Init &rArr; uart_send_byte_it &rArr; PutData &rArr; rbWrite &rArr;  rbWrite (Cycle)
</UL>
<BR>[Calls]<UL><LI><a href="#[d8]">&gt;&gt;</a>&nbsp;&nbsp;&nbsp;uart_send_byte_it
<LI><a href="#[bd]">&gt;&gt;</a>&nbsp;&nbsp;&nbsp;mDelaymS
<LI><a href="#[71]">&gt;&gt;</a>&nbsp;&nbsp;&nbsp;__2printf
</UL>
<BR>[Called By]<UL><LI><a href="#[1e]">&gt;&gt;</a>&nbsp;&nbsp;&nbsp;main
</UL>

<P><STRONG><a name="[d9]"></a>LoRa_SendData</STRONG> (Thumb, 254 bytes, Stack size 64 bytes, uart.o(i.LoRa_SendData))
<BR><BR>[Stack]<UL><LI>Max Depth = 144<LI>Call Chain = LoRa_SendData &rArr; uart_send_byte_it &rArr; PutData &rArr; rbWrite &rArr;  rbWrite (Cycle)
</UL>
<BR>[Calls]<UL><LI><a href="#[d8]">&gt;&gt;</a>&nbsp;&nbsp;&nbsp;uart_send_byte_it
<LI><a href="#[cd]">&gt;&gt;</a>&nbsp;&nbsp;&nbsp;log_hex
<LI><a href="#[72]">&gt;&gt;</a>&nbsp;&nbsp;&nbsp;__aeabi_memclr4
<LI><a href="#[71]">&gt;&gt;</a>&nbsp;&nbsp;&nbsp;__2printf
</UL>
<BR>[Called By]<UL><LI><a href="#[117]">&gt;&gt;</a>&nbsp;&nbsp;&nbsp;unbind_set
<LI><a href="#[116]">&gt;&gt;</a>&nbsp;&nbsp;&nbsp;bind_set
<LI><a href="#[1a]">&gt;&gt;</a>&nbsp;&nbsp;&nbsp;TMR3_IRQHandler
<LI><a href="#[112]">&gt;&gt;</a>&nbsp;&nbsp;&nbsp;tcp_recv_server_test_node_data
</UL>

<P><STRONG><a name="[da]"></a>Lora_Data_Upload_Server</STRONG> (Thumb, 308 bytes, Stack size 16 bytes, send_tcp.o(i.Lora_Data_Upload_Server))
<BR><BR>[Stack]<UL><LI>Max Depth = 516<LI>Call Chain = Lora_Data_Upload_Server &rArr; msg_send_packed &rArr; net_tcp_client_send &rArr; CH57xNET_SocketSend &rArr; SocketTcpSend &rArr; CH57xNET_MainTask &rArr; LwIPPeriodicHandle &rArr; tcp_tmr &rArr; tcp_slowtmr &rArr; tcp_rexmit_rto &rArr; tcp_output &rArr; tcp_send_empty_ack &rArr; ip_output &rArr; ip_output_if &rArr; ip_frag &rArr; pbuf_alloc &rArr; pbuf_free &rArr; mem_free &rArr; plug_holes
</UL>
<BR>[Calls]<UL><LI><a href="#[dc]">&gt;&gt;</a>&nbsp;&nbsp;&nbsp;get_rtc_tim_switch_sec
<LI><a href="#[cd]">&gt;&gt;</a>&nbsp;&nbsp;&nbsp;log_hex
<LI><a href="#[de]">&gt;&gt;</a>&nbsp;&nbsp;&nbsp;db_set_current_tsl_status
<LI><a href="#[dd]">&gt;&gt;</a>&nbsp;&nbsp;&nbsp;db_append_log
<LI><a href="#[cc]">&gt;&gt;</a>&nbsp;&nbsp;&nbsp;msg_send_packed
<LI><a href="#[cb]">&gt;&gt;</a>&nbsp;&nbsp;&nbsp;mntohs
<LI><a href="#[db]">&gt;&gt;</a>&nbsp;&nbsp;&nbsp;Yntohs
<LI><a href="#[73]">&gt;&gt;</a>&nbsp;&nbsp;&nbsp;__aeabi_memcpy
<LI><a href="#[d0]">&gt;&gt;</a>&nbsp;&nbsp;&nbsp;__aeabi_uwrite4
<LI><a href="#[d2]">&gt;&gt;</a>&nbsp;&nbsp;&nbsp;__aeabi_uread4
<LI><a href="#[71]">&gt;&gt;</a>&nbsp;&nbsp;&nbsp;__2printf
</UL>
<BR>[Called By]<UL><LI><a href="#[108]">&gt;&gt;</a>&nbsp;&nbsp;&nbsp;uart_data
</UL>

<P><STRONG><a name="[df]"></a>Lora_Delete_Link_Net</STRONG> (Thumb, 8 bytes, Stack size 8 bytes, lora_link.o(i.Lora_Delete_Link_Net))
<BR><BR>[Stack]<UL><LI>Max Depth = 548<LI>Call Chain = Lora_Delete_Link_Net &rArr; node_auto_link &rArr; server_import_delete_date &rArr; msg_send_packed &rArr; net_tcp_client_send &rArr; CH57xNET_SocketSend &rArr; SocketTcpSend &rArr; CH57xNET_MainTask &rArr; LwIPPeriodicHandle &rArr; tcp_tmr &rArr; tcp_slowtmr &rArr; tcp_rexmit_rto &rArr; tcp_output &rArr; tcp_send_empty_ack &rArr; ip_output &rArr; ip_output_if &rArr; ip_frag &rArr; pbuf_alloc &rArr; pbuf_free &rArr; mem_free &rArr; plug_holes
</UL>
<BR>[Calls]<UL><LI><a href="#[e0]">&gt;&gt;</a>&nbsp;&nbsp;&nbsp;node_auto_link
</UL>
<BR>[Called By]<UL><LI><a href="#[108]">&gt;&gt;</a>&nbsp;&nbsp;&nbsp;uart_data
<LI><a href="#[e1]">&gt;&gt;</a>&nbsp;&nbsp;&nbsp;Lora_Link_Net
</UL>

<P><STRONG><a name="[e1]"></a>Lora_Link_Net</STRONG> (Thumb, 70 bytes, Stack size 8 bytes, lora_link.o(i.Lora_Link_Net))
<BR><BR>[Stack]<UL><LI>Max Depth = 556<LI>Call Chain = Lora_Link_Net &rArr; Lora_Link_Net_Faild &rArr; node_auto_link &rArr; server_import_delete_date &rArr; msg_send_packed &rArr; net_tcp_client_send &rArr; CH57xNET_SocketSend &rArr; SocketTcpSend &rArr; CH57xNET_MainTask &rArr; LwIPPeriodicHandle &rArr; tcp_tmr &rArr; tcp_slowtmr &rArr; tcp_rexmit_rto &rArr; tcp_output &rArr; tcp_send_empty_ack &rArr; ip_output &rArr; ip_output_if &rArr; ip_frag &rArr; pbuf_alloc &rArr; pbuf_free &rArr; mem_free &rArr; plug_holes
</UL>
<BR>[Calls]<UL><LI><a href="#[e2]">&gt;&gt;</a>&nbsp;&nbsp;&nbsp;Lora_Link_Net_Start
<LI><a href="#[e4]">&gt;&gt;</a>&nbsp;&nbsp;&nbsp;Lora_Link_Net_Faild
<LI><a href="#[e5]">&gt;&gt;</a>&nbsp;&nbsp;&nbsp;NVIC_EnableIRQ
<LI><a href="#[e0]">&gt;&gt;</a>&nbsp;&nbsp;&nbsp;node_auto_link
<LI><a href="#[e3]">&gt;&gt;</a>&nbsp;&nbsp;&nbsp;Lora_Link_Net_Success
<LI><a href="#[df]">&gt;&gt;</a>&nbsp;&nbsp;&nbsp;Lora_Delete_Link_Net
<LI><a href="#[c2]">&gt;&gt;</a>&nbsp;&nbsp;&nbsp;__ARM_common_switch8
</UL>
<BR>[Called By]<UL><LI><a href="#[2d]">&gt;&gt;</a>&nbsp;&nbsp;&nbsp;StartTask03
</UL>

<P><STRONG><a name="[e4]"></a>Lora_Link_Net_Faild</STRONG> (Thumb, 8 bytes, Stack size 8 bytes, lora_link.o(i.Lora_Link_Net_Faild))
<BR><BR>[Stack]<UL><LI>Max Depth = 548<LI>Call Chain = Lora_Link_Net_Faild &rArr; node_auto_link &rArr; server_import_delete_date &rArr; msg_send_packed &rArr; net_tcp_client_send &rArr; CH57xNET_SocketSend &rArr; SocketTcpSend &rArr; CH57xNET_MainTask &rArr; LwIPPeriodicHandle &rArr; tcp_tmr &rArr; tcp_slowtmr &rArr; tcp_rexmit_rto &rArr; tcp_output &rArr; tcp_send_empty_ack &rArr; ip_output &rArr; ip_output_if &rArr; ip_frag &rArr; pbuf_alloc &rArr; pbuf_free &rArr; mem_free &rArr; plug_holes
</UL>
<BR>[Calls]<UL><LI><a href="#[e0]">&gt;&gt;</a>&nbsp;&nbsp;&nbsp;node_auto_link
</UL>
<BR>[Called By]<UL><LI><a href="#[e1]">&gt;&gt;</a>&nbsp;&nbsp;&nbsp;Lora_Link_Net
</UL>

<P><STRONG><a name="[e2]"></a>Lora_Link_Net_Start</STRONG> (Thumb, 66 bytes, Stack size 8 bytes, lora_link.o(i.Lora_Link_Net_Start))
<BR><BR>[Stack]<UL><LI>Max Depth = 8<LI>Call Chain = Lora_Link_Net_Start
</UL>
<BR>[Calls]<UL><LI><a href="#[e5]">&gt;&gt;</a>&nbsp;&nbsp;&nbsp;NVIC_EnableIRQ
</UL>
<BR>[Called By]<UL><LI><a href="#[e1]">&gt;&gt;</a>&nbsp;&nbsp;&nbsp;Lora_Link_Net
</UL>

<P><STRONG><a name="[e3]"></a>Lora_Link_Net_Success</STRONG> (Thumb, 8 bytes, Stack size 8 bytes, lora_link.o(i.Lora_Link_Net_Success))
<BR><BR>[Stack]<UL><LI>Max Depth = 548<LI>Call Chain = Lora_Link_Net_Success &rArr; node_auto_link &rArr; server_import_delete_date &rArr; msg_send_packed &rArr; net_tcp_client_send &rArr; CH57xNET_SocketSend &rArr; SocketTcpSend &rArr; CH57xNET_MainTask &rArr; LwIPPeriodicHandle &rArr; tcp_tmr &rArr; tcp_slowtmr &rArr; tcp_rexmit_rto &rArr; tcp_output &rArr; tcp_send_empty_ack &rArr; ip_output &rArr; ip_output_if &rArr; ip_frag &rArr; pbuf_alloc &rArr; pbuf_free &rArr; mem_free &rArr; plug_holes
</UL>
<BR>[Calls]<UL><LI><a href="#[e0]">&gt;&gt;</a>&nbsp;&nbsp;&nbsp;node_auto_link
</UL>
<BR>[Called By]<UL><LI><a href="#[108]">&gt;&gt;</a>&nbsp;&nbsp;&nbsp;uart_data
<LI><a href="#[e1]">&gt;&gt;</a>&nbsp;&nbsp;&nbsp;Lora_Link_Net
</UL>

<P><STRONG><a name="[91]"></a>LwIPPeriodicHandle</STRONG> (Thumb, 204 bytes, Stack size 24 bytes, ethernetif.o(i.LwIPPeriodicHandle))
[...]
</UL>
<BR>[Calls]<UL><LI><a href="#[b2]">&gt;&gt;</a>&nbsp;&nbsp;&nbsp;pbuf_free
<LI><a href="#[9e]">&gt;&gt;</a>&nbsp;&nbsp;&nbsp;ntohl
<LI><a href="#[168]">&gt;&gt;</a>&nbsp;&nbsp;&nbsp;netif_set_netmask
<LI><a href="#[167]">&gt;&gt;</a>&nbsp;&nbsp;&nbsp;netif_set_ipaddr
<LI><a href="#[169]">&gt;&gt;</a>&nbsp;&nbsp;&nbsp;netif_set_gw
<LI><a href="#[186]">&gt;&gt;</a>&nbsp;&nbsp;&nbsp;netif_set_down
<LI><a href="#[166]">&gt;&gt;</a>&nbsp;&nbsp;&nbsp;htonl
<LI><a href="#[185]">&gt;&gt;</a>&nbsp;&nbsp;&nbsp;dhcp_unfold_reply
<LI><a href="#[16b]">&gt;&gt;</a>&nbsp;&nbsp;&nbsp;dhcp_set_state
<LI><a href="#[187]">&gt;&gt;</a>&nbsp;&nbsp;&nbsp;dhcp_select
<LI><a href="#[180]">&gt;&gt;</a>&nbsp;&nbsp;&nbsp;dhcp_handle_ack
<LI><a href="#[181]">&gt;&gt;</a>&nbsp;&nbsp;&nbsp;dhcp_get_option_ptr
<LI><a href="#[182]">&gt;&gt;</a>&nbsp;&nbsp;&nbsp;dhcp_get_option_long
<LI><a href="#[17e]">&gt;&gt;</a>&nbsp;&nbsp;&nbsp;dhcp_free_reply
<LI><a href="#[17b]">&gt;&gt;</a>&nbsp;&nbsp;&nbsp;dhcp_discover
<LI><a href="#[16e]">&gt;&gt;</a>&nbsp;&nbsp;&nbsp;dhcp_check
<LI><a href="#[165]">&gt;&gt;</a>&nbsp;&nbsp;&nbsp;dhcp_bind
<LI><a href="#[d2]">&gt;&gt;</a>&nbsp;&nbsp;&nbsp;__aeabi_uread4
</UL>
<BR>[Address Reference Count : 1]<UL><LI> ch57xnet_dhcp.o(i.dhcp_start)
</UL>
<P><STRONG><a name="[187]"></a>dhcp_select</STRONG> (Thumb, 272 bytes, Stack size 24 bytes, ch57xnet_dhcp.o(i.dhcp_select))
<BR><BR>[Stack]<UL><LI>Max Depth = 268<LI>Call Chain = dhcp_select &rArr; udp_sendto_if &rArr; ip_output_if &rArr; ip_frag &rArr; pbuf_alloc &rArr; pbuf_free &rArr; mem_free &rArr; plug_holes
</UL>
<BR>[Calls]<UL><LI><a href="#[179]">&gt;&gt;</a>&nbsp;&nbsp;&nbsp;udp_sendto_if
<LI><a href="#[178]">&gt;&gt;</a>&nbsp;&nbsp;&nbsp;pbuf_realloc
<LI><a href="#[9e]">&gt;&gt;</a>&nbsp;&nbsp;&nbsp;ntohl
<LI><a href="#[16b]">&gt;&gt;</a>&nbsp;&nbsp;&nbsp;dhcp_set_state
<LI><a href="#[177]">&gt;&gt;</a>&nbsp;&nbsp;&nbsp;dhcp_option_trailer
<LI><a href="#[17c]">&gt;&gt;</a>&nbsp;&nbsp;&nbsp;dhcp_option_short
<LI><a href="#[175]">&gt;&gt;</a>&nbsp;&nbsp;&nbsp;dhcp_option_long
<LI><a href="#[174]">&gt;&gt;</a>&nbsp;&nbsp;&nbsp;dhcp_option_byte
<LI><a href="#[173]">&gt;&gt;</a>&nbsp;&nbsp;&nbsp;dhcp_option
<LI><a href="#[17a]">&gt;&gt;</a>&nbsp;&nbsp;&nbsp;dhcp_delete_request
<LI><a href="#[172]">&gt;&gt;</a>&nbsp;&nbsp;&nbsp;dhcp_create_request
<LI><a href="#[14b]">&gt;&gt;</a>&nbsp;&nbsp;&nbsp;strlen
<LI><a href="#[5c]">&gt;&gt;</a>&nbsp;&nbsp;&nbsp;__aeabi_uidivmod
</UL>
<BR>[Called By]<UL><LI><a href="#[17d]">&gt;&gt;</a>&nbsp;&nbsp;&nbsp;dhcp_timeout
<LI><a href="#[41]">&gt;&gt;</a>&nbsp;&nbsp;&nbsp;dhcp_recv
</UL>

<P><STRONG><a name="[16b]"></a>dhcp_set_state</STRONG> (Thumb, 14 bytes, Stack size 0 bytes, ch57xnet_dhcp.o(i.dhcp_set_state))
<BR><BR>[Called By]<UL><LI><a href="#[171]">&gt;&gt;</a>&nbsp;&nbsp;&nbsp;dhcp_renew
<LI><a href="#[188]">&gt;&gt;</a>&nbsp;&nbsp;&nbsp;dhcp_release
<LI><a href="#[187]">&gt;&gt;</a>&nbsp;&nbsp;&nbsp;dhcp_select
<LI><a href="#[41]">&gt;&gt;</a>&nbsp;&nbsp;&nbsp;dhcp_recv
<LI><a href="#[184]">&gt;&gt;</a>&nbsp;&nbsp;&nbsp;dhcp_reboot
<LI><a href="#[170]">&gt;&gt;</a>&nbsp;&nbsp;&nbsp;dhcp_rebind
<LI><a href="#[17b]">&gt;&gt;</a>&nbsp;&nbsp;&nbsp;dhcp_discover
<LI><a href="#[164]">&gt;&gt;</a>&nbsp;&nbsp;&nbsp;dhcp_decline
<LI><a href="#[16e]">&gt;&gt;</a>&nbsp;&nbsp;&nbsp;dhcp_check
<LI><a href="#[165]">&gt;&gt;</a>&nbsp;&nbsp;&nbsp;dhcp_bind
</UL>

<P><STRONG><a name="[17d]"></a>dhcp_timeout</STRONG> (Thumb, 120 bytes, Stack size 8 bytes, ch57xnet_dhcp.o(i.dhcp_timeout))
<BR><BR>[Stack]<UL><LI>Max Depth = 436<LI>Call Chain = dhcp_timeout &rArr; dhcp_bind &rArr; netif_set_ipaddr &rArr; tcp_abandon &rArr; tcp_pcb_remove &rArr; tcp_output &rArr; tcp_send_empty_ack &rArr; ip_output &rArr; ip_output_if &rArr; ip_frag &rArr; pbuf_alloc &rArr; pbuf_free &rArr; mem_free &rArr; plug_holes
</UL>
<BR>[Calls]<UL><LI><a href="#[171]">&gt;&gt;</a>&nbsp;&nbsp;&nbsp;dhcp_renew
<LI><a href="#[188]">&gt;&gt;</a>&nbsp;&nbsp;&nbsp;dhcp_release
<LI><a href="#[187]">&gt;&gt;</a>&nbsp;&nbsp;&nbsp;dhcp_select
<LI><a href="#[184]">&gt;&gt;</a>&nbsp;&nbsp;&nbsp;dhcp_reboot
<LI><a href="#[170]">&gt;&gt;</a>&nbsp;&nbsp;&nbsp;dhcp_rebind
<LI><a href="#[17b]">&gt;&gt;</a>&nbsp;&nbsp;&nbsp;dhcp_discover
<LI><a href="#[16e]">&gt;&gt;</a>&nbsp;&nbsp;&nbsp;dhcp_check
<LI><a href="#[165]">&gt;&gt;</a>&nbsp;&nbsp;&nbsp;dhcp_bind
</UL>
<BR>[Called By]<UL><LI><a href="#[21]">&gt;&gt;</a>&nbsp;&nbsp;&nbsp;dhcp_fine_tmr
</UL>

<P><STRONG><a name="[185]"></a>dhcp_unfold_reply</STRONG> (Thumb, 108 bytes, Stack size 24 bytes, ch57xnet_dhcp.o(i.dhcp_unfold_reply))
<BR><BR>[Stack]<UL><LI>Max Depth = 64<LI>Call Chain = dhcp_unfold_reply &rArr; pbuf_copy_partial
</UL>
<BR>[Calls]<UL><LI><a href="#[18a]">&gt;&gt;</a>&nbsp;&nbsp;&nbsp;pbuf_copy_partial
<LI><a href="#[189]">&gt;&gt;</a>&nbsp;&nbsp;&nbsp;mem_malloc
<LI><a href="#[17f]">&gt;&gt;</a>&nbsp;&nbsp;&nbsp;mem_free
<LI><a href="#[17e]">&gt;&gt;</a>&nbsp;&nbsp;&nbsp;dhcp_free_reply
</UL>
<BR>[Called By]<UL><LI><a href="#[41]">&gt;&gt;</a>&nbsp;&nbsp;&nbsp;dhcp_recv
</UL>

<P><STRONG><a name="[1d8]"></a>plug_holes</STRONG> (Thumb, 80 bytes, Stack size 12 bytes, mem.o(i.plug_holes))
<BR><BR>[Stack]<UL><LI>Max Depth = 12<LI>Call Chain = plug_holes
</UL>
<BR>[Called By]<UL><LI><a href="#[17f]">&gt;&gt;</a>&nbsp;&nbsp;&nbsp;mem_free
</UL>

<P><STRONG><a name="[212]"></a>tcp_new_port</STRONG> (Thumb, 84 bytes, Stack size 12 bytes, tcp.o(i.tcp_new_port))
<BR><BR>[Stack]<UL><LI>Max Depth = 12<LI>Call Chain = tcp_new_port
</UL>
<BR>[Called By]<UL><LI><a href="#[97]">&gt;&gt;</a>&nbsp;&nbsp;&nbsp;tcp_connect
<LI><a href="#[a5]">&gt;&gt;</a>&nbsp;&nbsp;&nbsp;tcp_bind
</UL>

<P><STRONG><a name="[221]"></a>tcp_output_segment</STRONG> (Thumb, 222 bytes, Stack size 24 bytes, tcp_out.o(i.tcp_output_segment))
<BR><BR>[Stack]<UL><LI>Max Depth = 260<LI>Call Chain = tcp_output_segment &rArr; ip_output &rArr; ip_output_if &rArr; ip_frag &rArr; pbuf_alloc &rArr; pbuf_free &rArr; mem_free &rArr; plug_holes
</UL>
<BR>[Calls]<UL><LI><a href="#[9e]">&gt;&gt;</a>&nbsp;&nbsp;&nbsp;ntohl
<LI><a href="#[166]">&gt;&gt;</a>&nbsp;&nbsp;&nbsp;htonl
<LI><a href="#[1c0]">&gt;&gt;</a>&nbsp;&nbsp;&nbsp;ip_output
<LI><a href="#[1c2]">&gt;&gt;</a>&nbsp;&nbsp;&nbsp;inet_chksum_pseudo
<LI><a href="#[190]">&gt;&gt;</a>&nbsp;&nbsp;&nbsp;htons
<LI><a href="#[1ca]">&gt;&gt;</a>&nbsp;&nbsp;&nbsp;ip_route
<LI><a href="#[d0]">&gt;&gt;</a>&nbsp;&nbsp;&nbsp;__aeabi_uwrite4
<LI><a href="#[d2]">&gt;&gt;</a>&nbsp;&nbsp;&nbsp;__aeabi_uread4
</UL>
<BR>[Called By]<UL><LI><a href="#[103]">&gt;&gt;</a>&nbsp;&nbsp;&nbsp;tcp_output
</UL>

<P><STRONG><a name="[21c]"></a>tcp_output_set_header</STRONG> (Thumb, 170 bytes, Stack size 24 bytes, tcp_out.o(i.tcp_output_set_header))
<BR><BR>[Stack]<UL><LI>Max Depth = 24<LI>Call Chain = tcp_output_set_header
</UL>
<BR>[Calls]<UL><LI><a href="#[166]">&gt;&gt;</a>&nbsp;&nbsp;&nbsp;htonl
<LI><a href="#[190]">&gt;&gt;</a>&nbsp;&nbsp;&nbsp;htons
<LI><a href="#[100]">&gt;&gt;</a>&nbsp;&nbsp;&nbsp;ntohs
<LI><a href="#[d0]">&gt;&gt;</a>&nbsp;&nbsp;&nbsp;__aeabi_uwrite4
</UL>
<BR>[Called By]<UL><LI><a href="#[220]">&gt;&gt;</a>&nbsp;&nbsp;&nbsp;tcp_send_empty_ack
<LI><a href="#[22a]">&gt;&gt;</a>&nbsp;&nbsp;&nbsp;tcp_zero_window_probe
<LI><a href="#[21b]">&gt;&gt;</a>&nbsp;&nbsp;&nbsp;tcp_keepalive
</UL>

<P><STRONG><a name="[196]"></a>etharp_raw</STRONG> (Thumb, 176 bytes, Stack size 40 bytes, etharp.o(i.etharp_raw))
<BR><BR>[Stack]<UL><LI>Max Depth = 100<LI>Call Chain = etharp_raw &rArr; pbuf_alloc &rArr; pbuf_free &rArr; mem_free &rArr; plug_holes
</UL>
<BR>[Calls]<UL><LI><a href="#[b2]">&gt;&gt;</a>&nbsp;&nbsp;&nbsp;pbuf_free
<LI><a href="#[b0]">&gt;&gt;</a>&nbsp;&nbsp;&nbsp;pbuf_alloc
<LI><a href="#[73]">&gt;&gt;</a>&nbsp;&nbsp;&nbsp;__aeabi_memcpy
<LI><a href="#[190]">&gt;&gt;</a>&nbsp;&nbsp;&nbsp;htons
</UL>
<BR>[Called By]<UL><LI><a href="#[a3]">&gt;&gt;</a>&nbsp;&nbsp;&nbsp;etharp_request
</UL>

<P><STRONG><a name="[193]"></a>etharp_send_ip</STRONG> (Thumb, 52 bytes, Stack size 24 bytes, etharp.o(i.etharp_send_ip))
<BR><BR>[Stack]<UL><LI>Max Depth = 24<LI>Call Chain = etharp_send_ip
</UL>
<BR>[Calls]<UL><LI><a href="#[190]">&gt;&gt;</a>&nbsp;&nbsp;&nbsp;htons
</UL>
<BR>[Called By]<UL><LI><a href="#[16f]">&gt;&gt;</a>&nbsp;&nbsp;&nbsp;etharp_query
<LI><a href="#[42]">&gt;&gt;</a>&nbsp;&nbsp;&nbsp;etharp_output
</UL>

<P><STRONG><a name="[194]"></a>find_entry</STRONG> (Thumb, 264 bytes, Stack size 56 bytes, etharp.o(i.find_entry))
<BR><BR>[Stack]<UL><LI>Max Depth = 56<LI>Call Chain = find_entry
</UL>
<BR>[Calls]<UL><LI><a href="#[d2]">&gt;&gt;</a>&nbsp;&nbsp;&nbsp;__aeabi_uread4
</UL>
<BR>[Called By]<UL><LI><a href="#[16f]">&gt;&gt;</a>&nbsp;&nbsp;&nbsp;etharp_query
<LI><a href="#[191]">&gt;&gt;</a>&nbsp;&nbsp;&nbsp;update_arp_entry
</UL>

<P><STRONG><a name="[191]"></a>update_arp_entry</STRONG> (Thumb, 138 bytes, Stack size 40 bytes, etharp.o(i.update_arp_entry))
<BR><BR>[Stack]<UL><LI>Max Depth = 96<LI>Call Chain = update_arp_entry &rArr; find_entry
</UL>
<BR>[Calls]<UL><LI><a href="#[9e]">&gt;&gt;</a>&nbsp;&nbsp;&nbsp;ntohl
<LI><a href="#[d4]">&gt;&gt;</a>&nbsp;&nbsp;&nbsp;IPConflictHandle
<LI><a href="#[194]">&gt;&gt;</a>&nbsp;&nbsp;&nbsp;find_entry
<LI><a href="#[9f]">&gt;&gt;</a>&nbsp;&nbsp;&nbsp;ip_addr_isbroadcast
<LI><a href="#[d2]">&gt;&gt;</a>&nbsp;&nbsp;&nbsp;__aeabi_uread4
</UL>
<BR>[Called By]<UL><LI><a href="#[192]">&gt;&gt;</a>&nbsp;&nbsp;&nbsp;etharp_ip_input
<LI><a href="#[18f]">&gt;&gt;</a>&nbsp;&nbsp;&nbsp;etharp_arp_input
</UL>

<P><STRONG><a name="[19a]"></a>low_level_input</STRONG> (Thumb, 198 bytes, Stack size 24 bytes, ethernetif.o(i.low_level_input))
<BR><BR>[Stack]<UL><LI>Max Depth = 84<LI>Call Chain = low_level_input &rArr; pbuf_alloc &rArr; pbuf_free &rArr; mem_free &rArr; plug_holes
</UL>
<BR>[Calls]<UL><LI><a href="#[b0]">&gt;&gt;</a>&nbsp;&nbsp;&nbsp;pbuf_alloc
<LI><a href="#[1cd]">&gt;&gt;</a>&nbsp;&nbsp;&nbsp;ETHRec
<LI><a href="#[101]">&gt;&gt;</a>&nbsp;&nbsp;&nbsp;pbuf_header
</UL>
<BR>[Called By]<UL><LI><a href="#[90]">&gt;&gt;</a>&nbsp;&nbsp;&nbsp;ethernetif_input
</UL>

<P><STRONG><a name="[43]"></a>low_level_output</STRONG> (Thumb, 140 bytes, Stack size 32 bytes, ethernetif.o(i.low_level_output))
<BR><BR>[Stack]<UL><LI>Max Depth = 44<LI>Call Chain = low_level_output &rArr; ETHSend
</UL>
<BR>[Calls]<UL><LI><a href="#[73]">&gt;&gt;</a>&nbsp;&nbsp;&nbsp;__aeabi_memcpy
<LI><a href="#[1ce]">&gt;&gt;</a>&nbsp;&nbsp;&nbsp;ETHSend
<LI><a href="#[101]">&gt;&gt;</a>&nbsp;&nbsp;&nbsp;pbuf_header
</UL>
<BR>[Address Reference Count : 1]<UL><LI> ethernetif.o(i.ethernetif_init)
</UL>
<P><STRONG><a name="[219]"></a>tcp_listen_input</STRONG> (Thumb, 242 bytes, Stack size 32 bytes, tcp_in.o(i.tcp_listen_input))
<BR><BR>[Stack]<UL><LI>Max Depth = 428<LI>Call Chain = tcp_listen_input &rArr; tcp_alloc &rArr; tcp_abandon &rArr; tcp_pcb_remove &rArr; tcp_output &rArr; tcp_send_empty_ack &rArr; ip_output &rArr; ip_output_if &rArr; ip_frag &rArr; pbuf_alloc &rArr; pbuf_free &rArr; mem_free &rArr; plug_holes
</UL>
<BR>[Calls]<UL><LI><a href="#[21d]">&gt;&gt;</a>&nbsp;&nbsp;&nbsp;tcp_parseopt
<LI><a href="#[20f]">&gt;&gt;</a>&nbsp;&nbsp;&nbsp;tcp_rst
<LI><a href="#[215]">&gt;&gt;</a>&nbsp;&nbsp;&nbsp;tcp_enqueue
<LI><a href="#[214]">&gt;&gt;</a>&nbsp;&nbsp;&nbsp;tcp_eff_send_mss
<LI><a href="#[210]">&gt;&gt;</a>&nbsp;&nbsp;&nbsp;tcp_alloc
<LI><a href="#[103]">&gt;&gt;</a>&nbsp;&nbsp;&nbsp;tcp_output
<LI><a href="#[b8]">&gt;&gt;</a>&nbsp;&nbsp;&nbsp;tcp_abandon
<LI><a href="#[d2]">&gt;&gt;</a>&nbsp;&nbsp;&nbsp;__aeabi_uread4
</UL>
<BR>[Called By]<UL><LI><a href="#[1c9]">&gt;&gt;</a>&nbsp;&nbsp;&nbsp;tcp_input
</UL>

<P><STRONG><a name="[21e]"></a>tcp_oos_insert_segment</STRONG> (Thumb, 172 bytes, Stack size 24 bytes, tcp_in.o(i.tcp_oos_insert_segment))
<BR><BR>[Stack]<UL><LI>Max Depth = 92<LI>Call Chain = tcp_oos_insert_segment &rArr; tcp_segs_free &rArr; tcp_seg_free &rArr; pbuf_free &rArr; mem_free &rArr; plug_holes
</UL>
<BR>[Calls]<UL><LI><a href="#[178]">&gt;&gt;</a>&nbsp;&nbsp;&nbsp;pbuf_realloc
<LI><a href="#[190]">&gt;&gt;</a>&nbsp;&nbsp;&nbsp;htons
<LI><a href="#[20e]">&gt;&gt;</a>&nbsp;&nbsp;&nbsp;tcp_segs_free
<LI><a href="#[21f]">&gt;&gt;</a>&nbsp;&nbsp;&nbsp;tcp_seg_free
<LI><a href="#[100]">&gt;&gt;</a>&nbsp;&nbsp;&nbsp;ntohs
<LI><a href="#[d2]">&gt;&gt;</a>&nbsp;&nbsp;&nbsp;__aeabi_uread4
</UL>
<BR>[Called By]<UL><LI><a href="#[222]">&gt;&gt;</a>&nbsp;&nbsp;&nbsp;tcp_receive
</UL>

<P><STRONG><a name="[21d]"></a>tcp_parseopt</STRONG> (Thumb, 132 bytes, Stack size 24 bytes, tcp_in.o(i.tcp_parseopt))
<BR><BR>[Stack]<UL><LI>Max Depth = 24<LI>Call Chain = tcp_parseopt
</UL>
<BR>[Calls]<UL><LI><a href="#[100]">&gt;&gt;</a>&nbsp;&nbsp;&nbsp;ntohs
</UL>
<BR>[Called By]<UL><LI><a href="#[21a]">&gt;&gt;</a>&nbsp;&nbsp;&nbsp;tcp_process
<LI><a href="#[219]">&gt;&gt;</a>&nbsp;&nbsp;&nbsp;tcp_listen_input
</UL>

<P><STRONG><a name="[21a]"></a>tcp_process</STRONG> (Thumb, 808 bytes, Stack size 32 bytes, tcp_in.o(i.tcp_process))
<BR><BR>[Stack]<UL><LI>Max Depth = 404<LI>Call Chain = tcp_process &rArr; tcp_abandon &rArr; tcp_pcb_remove &rArr; tcp_output &rArr; tcp_send_empty_ack &rArr; ip_output &rArr; ip_output_if &rArr; ip_frag &rArr; pbuf_alloc &rArr; pbuf_free &rArr; mem_free &rArr; plug_holes
</UL>
<BR>[Calls]<UL><LI><a href="#[9e]">&gt;&gt;</a>&nbsp;&nbsp;&nbsp;ntohl
<LI><a href="#[222]">&gt;&gt;</a>&nbsp;&nbsp;&nbsp;tcp_receive
<LI><a href="#[21d]">&gt;&gt;</a>&nbsp;&nbsp;&nbsp;tcp_parseopt
<LI><a href="#[223]">&gt;&gt;</a>&nbsp;&nbsp;&nbsp;tcp_rexmit
<LI><a href="#[20f]">&gt;&gt;</a>&nbsp;&nbsp;&nbsp;tcp_rst
<LI><a href="#[21f]">&gt;&gt;</a>&nbsp;&nbsp;&nbsp;tcp_seg_free
<LI><a href="#[fb]">&gt;&gt;</a>&nbsp;&nbsp;&nbsp;tcp_pcb_purge
<LI><a href="#[214]">&gt;&gt;</a>&nbsp;&nbsp;&nbsp;tcp_eff_send_mss
<LI><a href="#[c2]">&gt;&gt;</a>&nbsp;&nbsp;&nbsp;__ARM_common_switch8
<LI><a href="#[103]">&gt;&gt;</a>&nbsp;&nbsp;&nbsp;tcp_output
<LI><a href="#[b8]">&gt;&gt;</a>&nbsp;&nbsp;&nbsp;tcp_abandon
<LI><a href="#[d2]">&gt;&gt;</a>&nbsp;&nbsp;&nbsp;__aeabi_uread4
</UL>
<BR>[Called By]<UL><LI><a href="#[1c9]">&gt;&gt;</a>&nbsp;&nbsp;&nbsp;tcp_input
</UL>

<P><STRONG><a name="[222]"></a>tcp_receive</STRONG> (Thumb, 1830 bytes, Stack size 32 bytes, tcp_in.o(i.tcp_receive))
<BR><BR>[Stack]<UL><LI>Max Depth = 332<LI>Call Chain = tcp_receive &rArr; tcp_output &rArr; tcp_send_empty_ack &rArr; ip_output &rArr; ip_output_if &rArr; ip_frag &rArr; pbuf_alloc &rArr; pbuf_free &rArr; mem_free &rArr; plug_holes
</UL>
<BR>[Calls]<UL><LI><a href="#[178]">&gt;&gt;</a>&nbsp;&nbsp;&nbsp;pbuf_realloc
<LI><a href="#[9e]">&gt;&gt;</a>&nbsp;&nbsp;&nbsp;ntohl
<LI><a href="#[5b]">&gt;&gt;</a>&nbsp;&nbsp;&nbsp;__aeabi_idivmod
<LI><a href="#[21e]">&gt;&gt;</a>&nbsp;&nbsp;&nbsp;tcp_oos_insert_segment
<LI><a href="#[190]">&gt;&gt;</a>&nbsp;&nbsp;&nbsp;htons
<LI><a href="#[220]">&gt;&gt;</a>&nbsp;&nbsp;&nbsp;tcp_send_empty_ack
<LI><a href="#[224]">&gt;&gt;</a>&nbsp;&nbsp;&nbsp;tcp_rexmit_fast
<LI><a href="#[21f]">&gt;&gt;</a>&nbsp;&nbsp;&nbsp;tcp_seg_free
<LI><a href="#[226]">&gt;&gt;</a>&nbsp;&nbsp;&nbsp;tcp_seg_copy
<LI><a href="#[216]">&gt;&gt;</a>&nbsp;&nbsp;&nbsp;pbuf_clen
<LI><a href="#[1c5]">&gt;&gt;</a>&nbsp;&nbsp;&nbsp;pbuf_cat
<LI><a href="#[225]">&gt;&gt;</a>&nbsp;&nbsp;&nbsp;tcp_update_rcv_ann_wnd
<LI><a href="#[103]">&gt;&gt;</a>&nbsp;&nbsp;&nbsp;tcp_output
<LI><a href="#[101]">&gt;&gt;</a>&nbsp;&nbsp;&nbsp;pbuf_header
<LI><a href="#[100]">&gt;&gt;</a>&nbsp;&nbsp;&nbsp;ntohs
<LI><a href="#[d0]">&gt;&gt;</a>&nbsp;&nbsp;&nbsp;__aeabi_uwrite4
<LI><a href="#[d2]">&gt;&gt;</a>&nbsp;&nbsp;&nbsp;__aeabi_uread4
</UL>
<BR>[Called By]<UL><LI><a href="#[21a]">&gt;&gt;</a>&nbsp;&nbsp;&nbsp;tcp_process
</UL>

<P><STRONG><a name="[218]"></a>tcp_timewait_input</STRONG> (Thumb, 112 bytes, Stack size 24 bytes, tcp_in.o(i.tcp_timewait_input))
<BR><BR>[Stack]<UL><LI>Max Depth = 324<LI>Call Chain = tcp_timewait_input &rArr; tcp_output &rArr; tcp_send_empty_ack &rArr; ip_output &rArr; ip_output_if &rArr; ip_frag &rArr; pbuf_alloc &rArr; pbuf_free &rArr; mem_free &rArr; plug_holes
</UL>
<BR>[Calls]<UL><LI><a href="#[20f]">&gt;&gt;</a>&nbsp;&nbsp;&nbsp;tcp_rst
<LI><a href="#[103]">&gt;&gt;</a>&nbsp;&nbsp;&nbsp;tcp_output
</UL>
<BR>[Called By]<UL><LI><a href="#[1c9]">&gt;&gt;</a>&nbsp;&nbsp;&nbsp;tcp_input
</UL>

<P><STRONG><a name="[1b8]"></a>icmp_send_response</STRONG> (Thumb, 106 bytes, Stack size 40 bytes, icmp.o(i.icmp_send_response))
<BR><BR>[Stack]<UL><LI>Max Depth = 276<LI>Call Chain = icmp_send_response &rArr; ip_output &rArr; ip_output_if &rArr; ip_frag &rArr; pbuf_alloc &rArr; pbuf_free &rArr; mem_free &rArr; plug_holes
</UL>
<BR>[Calls]<UL><LI><a href="#[b2]">&gt;&gt;</a>&nbsp;&nbsp;&nbsp;pbuf_free
<LI><a href="#[b0]">&gt;&gt;</a>&nbsp;&nbsp;&nbsp;pbuf_alloc
<LI><a href="#[73]">&gt;&gt;</a>&nbsp;&nbsp;&nbsp;__aeabi_memcpy
<LI><a href="#[1be]">&gt;&gt;</a>&nbsp;&nbsp;&nbsp;inet_chksum
<LI><a href="#[1c0]">&gt;&gt;</a>&nbsp;&nbsp;&nbsp;ip_output
</UL>
<BR>[Called By]<UL><LI><a href="#[1b7]">&gt;&gt;</a>&nbsp;&nbsp;&nbsp;icmp_dest_unreach
</UL>

<P><STRONG><a name="[1c1]"></a>lwip_standard_chksum</STRONG> (Thumb, 60 bytes, Stack size 8 bytes, inet_chksum.o(i.lwip_standard_chksum))
<BR><BR>[Stack]<UL><LI>Max Depth = 8<LI>Call Chain = lwip_standard_chksum
</UL>
<BR>[Calls]<UL><LI><a href="#[190]">&gt;&gt;</a>&nbsp;&nbsp;&nbsp;htons
</UL>
<BR>[Called By]<UL><LI><a href="#[1bc]">&gt;&gt;</a>&nbsp;&nbsp;&nbsp;inet_chksum_pbuf
<LI><a href="#[1be]">&gt;&gt;</a>&nbsp;&nbsp;&nbsp;inet_chksum
<LI><a href="#[1c2]">&gt;&gt;</a>&nbsp;&nbsp;&nbsp;inet_chksum_pseudo
</UL>

<P><STRONG><a name="[139]"></a>_fp_digits</STRONG> (Thumb, 344 bytes, Stack size 64 bytes, printfa.o(i._fp_digits), UNUSED)
<BR><BR>[Calls]<UL><LI><a href="#[60]">&gt;&gt;</a>&nbsp;&nbsp;&nbsp;__aeabi_uldivmod
<LI><a href="#[69]">&gt;&gt;</a>&nbsp;&nbsp;&nbsp;__aeabi_dmul
<LI><a href="#[6a]">&gt;&gt;</a>&nbsp;&nbsp;&nbsp;__aeabi_ddiv
<LI><a href="#[63]">&gt;&gt;</a>&nbsp;&nbsp;&nbsp;__aeabi_dadd
<LI><a href="#[6b]">&gt;&gt;</a>&nbsp;&nbsp;&nbsp;__aeabi_d2ulz
<LI><a href="#[13a]">&gt;&gt;</a>&nbsp;&nbsp;&nbsp;__aeabi_cdrcmple
</UL>
<BR>[Called By]<UL><LI><a href="#[121]">&gt;&gt;</a>&nbsp;&nbsp;&nbsp;_printf_core
</UL>

<P><STRONG><a name="[121]"></a>_printf_core</STRONG> (Thumb, 1760 bytes, Stack size 128 bytes, printfa.o(i._printf_core), UNUSED)
<BR><BR>[Calls]<UL><LI><a href="#[5c]">&gt;&gt;</a>&nbsp;&nbsp;&nbsp;__aeabi_uidivmod
<LI><a href="#[60]">&gt;&gt;</a>&nbsp;&nbsp;&nbsp;__aeabi_uldivmod
<LI><a href="#[13b]">&gt;&gt;</a>&nbsp;&nbsp;&nbsp;_printf_pre_padding
<LI><a href="#[13c]">&gt;&gt;</a>&nbsp;&nbsp;&nbsp;_printf_post_padding
<LI><a href="#[139]">&gt;&gt;</a>&nbsp;&nbsp;&nbsp;_fp_digits
</UL>
<BR>[Called By]<UL><LI><a href="#[122]">&gt;&gt;</a>&nbsp;&nbsp;&nbsp;__0vsnprintf
<LI><a href="#[120]">&gt;&gt;</a>&nbsp;&nbsp;&nbsp;__0printf
</UL>

<P><STRONG><a name="[13c]"></a>_printf_post_padding</STRONG> (Thumb, 32 bytes, Stack size 24 bytes, printfa.o(i._printf_post_padding), UNUSED)
<BR><BR>[Called By]<UL><LI><a href="#[121]">&gt;&gt;</a>&nbsp;&nbsp;&nbsp;_printf_core
</UL>

<P><STRONG><a name="[13b]"></a>_printf_pre_padding</STRONG> (Thumb, 44 bytes, Stack size 40 bytes, printfa.o(i._printf_pre_padding), UNUSED)
<BR><BR>[Called By]<UL><LI><a href="#[121]">&gt;&gt;</a>&nbsp;&nbsp;&nbsp;_printf_core
</UL>

<P><STRONG><a name="[32]"></a>_snputc</STRONG> (Thumb, 22 bytes, Stack size 0 bytes, printfa.o(i._snputc))
<BR>[Address Reference Count : 1]<UL><LI> printfa.o(i.__0vsnprintf)
</UL><P>
<H3>
Undefined Global Symbols
</H3>
<P><STRONG><a name="[59]"></a>__arm_fini_</STRONG> (Unknown, 0 bytes, Stack size 0 bytes, UNDEFINED)
<BR><BR>[Called By]<UL><LI><a href="#[58]">&gt;&gt;</a>&nbsp;&nbsp;&nbsp;__rt_lib_shutdown_fini
</UL>
<HR></body></html>
